<?xml version="1.0" encoding="UTF-8"?>
<testsuites>
  <testsuite name="/app/phpunit-ci.xml" tests="1121" assertions="16047" errors="0" failures="0" skipped="0" time="519.645154">
    <testsuite name="Unit" tests="21" assertions="25" errors="0" failures="0" skipped="0" time="1.409178">
      <testsuite name="Tests\Unit\Playground\Matrix\Resource\Http\Requests\Backlog\CreateRequestTest" file="/app/tests/Unit/Http/Requests/Backlog/CreateRequestTest.php" tests="1" assertions="1" errors="0" failures="0" skipped="0" time="0.389598">
        <testcase name="test_request_instance" file="/app/vendor/gammamatrix/playground-test/src/Unit/Http/Requests/RequestCase.php" line="41" class="Tests\Unit\Playground\Matrix\Resource\Http\Requests\Backlog\CreateRequestTest" classname="Tests.Unit.Playground.Matrix.Resource.Http.Requests.Backlog.CreateRequestTest" assertions="1" time="0.389598"/>
      </testsuite>
      <testsuite name="Tests\Unit\Playground\Matrix\Resource\Policies\BacklogPolicy\PolicyTest" file="/app/tests/Unit/Policies/BacklogPolicy/PolicyTest.php" tests="1" assertions="1" errors="0" failures="0" skipped="0" time="0.051033">
        <testcase name="test_policy_instance" file="/app/tests/Unit/Policies/BacklogPolicy/PolicyTest.php" line="19" class="Tests\Unit\Playground\Matrix\Resource\Policies\BacklogPolicy\PolicyTest" classname="Tests.Unit.Playground.Matrix.Resource.Policies.BacklogPolicy.PolicyTest" assertions="1" time="0.051033"/>
      </testsuite>
      <testsuite name="Tests\Unit\Playground\Matrix\Resource\Policies\BoardPolicy\PolicyTest" file="/app/tests/Unit/Policies/BoardPolicy/PolicyTest.php" tests="1" assertions="1" errors="0" failures="0" skipped="0" time="0.048805">
        <testcase name="test_policy_instance" file="/app/tests/Unit/Policies/BoardPolicy/PolicyTest.php" line="19" class="Tests\Unit\Playground\Matrix\Resource\Policies\BoardPolicy\PolicyTest" classname="Tests.Unit.Playground.Matrix.Resource.Policies.BoardPolicy.PolicyTest" assertions="1" time="0.048805"/>
      </testsuite>
      <testsuite name="Tests\Unit\Playground\Matrix\Resource\Policies\EpicPolicy\PolicyTest" file="/app/tests/Unit/Policies/EpicPolicy/PolicyTest.php" tests="1" assertions="1" errors="0" failures="0" skipped="0" time="0.054794">
        <testcase name="test_policy_instance" file="/app/tests/Unit/Policies/EpicPolicy/PolicyTest.php" line="19" class="Tests\Unit\Playground\Matrix\Resource\Policies\EpicPolicy\PolicyTest" classname="Tests.Unit.Playground.Matrix.Resource.Policies.EpicPolicy.PolicyTest" assertions="1" time="0.054794"/>
      </testsuite>
      <testsuite name="Tests\Unit\Playground\Matrix\Resource\Policies\FlowPolicy\PolicyTest" file="/app/tests/Unit/Policies/FlowPolicy/PolicyTest.php" tests="1" assertions="1" errors="0" failures="0" skipped="0" time="0.049131">
        <testcase name="test_policy_instance" file="/app/tests/Unit/Policies/FlowPolicy/PolicyTest.php" line="19" class="Tests\Unit\Playground\Matrix\Resource\Policies\FlowPolicy\PolicyTest" classname="Tests.Unit.Playground.Matrix.Resource.Policies.FlowPolicy.PolicyTest" assertions="1" time="0.049131"/>
      </testsuite>
      <testsuite name="Tests\Unit\Playground\Matrix\Resource\Policies\MatrixPolicy\PolicyTest" file="/app/tests/Unit/Policies/MatrixPolicy/PolicyTest.php" tests="1" assertions="1" errors="0" failures="0" skipped="0" time="0.049027">
        <testcase name="test_policy_instance" file="/app/tests/Unit/Policies/MatrixPolicy/PolicyTest.php" line="19" class="Tests\Unit\Playground\Matrix\Resource\Policies\MatrixPolicy\PolicyTest" classname="Tests.Unit.Playground.Matrix.Resource.Policies.MatrixPolicy.PolicyTest" assertions="1" time="0.049027"/>
      </testsuite>
      <testsuite name="Tests\Unit\Playground\Matrix\Resource\Policies\MilestonePolicy\PolicyTest" file="/app/tests/Unit/Policies/MilestonePolicy/PolicyTest.php" tests="1" assertions="1" errors="0" failures="0" skipped="0" time="0.048741">
        <testcase name="test_policy_instance" file="/app/tests/Unit/Policies/MilestonePolicy/PolicyTest.php" line="19" class="Tests\Unit\Playground\Matrix\Resource\Policies\MilestonePolicy\PolicyTest" classname="Tests.Unit.Playground.Matrix.Resource.Policies.MilestonePolicy.PolicyTest" assertions="1" time="0.048741"/>
      </testsuite>
      <testsuite name="Tests\Unit\Playground\Matrix\Resource\Policies\NotePolicy\PolicyTest" file="/app/tests/Unit/Policies/NotePolicy/PolicyTest.php" tests="1" assertions="1" errors="0" failures="0" skipped="0" time="0.049664">
        <testcase name="test_policy_instance" file="/app/tests/Unit/Policies/NotePolicy/PolicyTest.php" line="19" class="Tests\Unit\Playground\Matrix\Resource\Policies\NotePolicy\PolicyTest" classname="Tests.Unit.Playground.Matrix.Resource.Policies.NotePolicy.PolicyTest" assertions="1" time="0.049664"/>
      </testsuite>
      <testsuite name="Tests\Unit\Playground\Matrix\Resource\Policies\ProjectPolicy\PolicyTest" file="/app/tests/Unit/Policies/ProjectPolicy/PolicyTest.php" tests="1" assertions="1" errors="0" failures="0" skipped="0" time="0.050208">
        <testcase name="test_policy_instance" file="/app/tests/Unit/Policies/ProjectPolicy/PolicyTest.php" line="19" class="Tests\Unit\Playground\Matrix\Resource\Policies\ProjectPolicy\PolicyTest" classname="Tests.Unit.Playground.Matrix.Resource.Policies.ProjectPolicy.PolicyTest" assertions="1" time="0.050208"/>
      </testsuite>
      <testsuite name="Tests\Unit\Playground\Matrix\Resource\Policies\ReleasePolicy\PolicyTest" file="/app/tests/Unit/Policies/ReleasePolicy/PolicyTest.php" tests="1" assertions="1" errors="0" failures="0" skipped="0" time="0.050466">
        <testcase name="test_policy_instance" file="/app/tests/Unit/Policies/ReleasePolicy/PolicyTest.php" line="19" class="Tests\Unit\Playground\Matrix\Resource\Policies\ReleasePolicy\PolicyTest" classname="Tests.Unit.Playground.Matrix.Resource.Policies.ReleasePolicy.PolicyTest" assertions="1" time="0.050466"/>
      </testsuite>
      <testsuite name="Tests\Unit\Playground\Matrix\Resource\Policies\RoadmapPolicy\PolicyTest" file="/app/tests/Unit/Policies/RoadmapPolicy/PolicyTest.php" tests="1" assertions="1" errors="0" failures="0" skipped="0" time="0.050405">
        <testcase name="test_policy_instance" file="/app/tests/Unit/Policies/RoadmapPolicy/PolicyTest.php" line="19" class="Tests\Unit\Playground\Matrix\Resource\Policies\RoadmapPolicy\PolicyTest" classname="Tests.Unit.Playground.Matrix.Resource.Policies.RoadmapPolicy.PolicyTest" assertions="1" time="0.050405"/>
      </testsuite>
      <testsuite name="Tests\Unit\Playground\Matrix\Resource\Policies\SourcePolicy\PolicyTest" file="/app/tests/Unit/Policies/SourcePolicy/PolicyTest.php" tests="1" assertions="1" errors="0" failures="0" skipped="0" time="0.050397">
        <testcase name="test_policy_instance" file="/app/tests/Unit/Policies/SourcePolicy/PolicyTest.php" line="19" class="Tests\Unit\Playground\Matrix\Resource\Policies\SourcePolicy\PolicyTest" classname="Tests.Unit.Playground.Matrix.Resource.Policies.SourcePolicy.PolicyTest" assertions="1" time="0.050397"/>
      </testsuite>
      <testsuite name="Tests\Unit\Playground\Matrix\Resource\Policies\SprintPolicy\PolicyTest" file="/app/tests/Unit/Policies/SprintPolicy/PolicyTest.php" tests="1" assertions="1" errors="0" failures="0" skipped="0" time="0.053049">
        <testcase name="test_policy_instance" file="/app/tests/Unit/Policies/SprintPolicy/PolicyTest.php" line="19" class="Tests\Unit\Playground\Matrix\Resource\Policies\SprintPolicy\PolicyTest" classname="Tests.Unit.Playground.Matrix.Resource.Policies.SprintPolicy.PolicyTest" assertions="1" time="0.053049"/>
      </testsuite>
      <testsuite name="Tests\Unit\Playground\Matrix\Resource\Policies\TagPolicy\PolicyTest" file="/app/tests/Unit/Policies/TagPolicy/PolicyTest.php" tests="1" assertions="1" errors="0" failures="0" skipped="0" time="0.051098">
        <testcase name="test_policy_instance" file="/app/tests/Unit/Policies/TagPolicy/PolicyTest.php" line="19" class="Tests\Unit\Playground\Matrix\Resource\Policies\TagPolicy\PolicyTest" classname="Tests.Unit.Playground.Matrix.Resource.Policies.TagPolicy.PolicyTest" assertions="1" time="0.051098"/>
      </testsuite>
      <testsuite name="Tests\Unit\Playground\Matrix\Resource\Policies\TeamPolicy\PolicyTest" file="/app/tests/Unit/Policies/TeamPolicy/PolicyTest.php" tests="1" assertions="1" errors="0" failures="0" skipped="0" time="0.052261">
        <testcase name="test_policy_instance" file="/app/tests/Unit/Policies/TeamPolicy/PolicyTest.php" line="19" class="Tests\Unit\Playground\Matrix\Resource\Policies\TeamPolicy\PolicyTest" classname="Tests.Unit.Playground.Matrix.Resource.Policies.TeamPolicy.PolicyTest" assertions="1" time="0.052261"/>
      </testsuite>
      <testsuite name="Tests\Unit\Playground\Matrix\Resource\Policies\TicketPolicy\PolicyTest" file="/app/tests/Unit/Policies/TicketPolicy/PolicyTest.php" tests="1" assertions="1" errors="0" failures="0" skipped="0" time="0.054597">
        <testcase name="test_policy_instance" file="/app/tests/Unit/Policies/TicketPolicy/PolicyTest.php" line="19" class="Tests\Unit\Playground\Matrix\Resource\Policies\TicketPolicy\PolicyTest" classname="Tests.Unit.Playground.Matrix.Resource.Policies.TicketPolicy.PolicyTest" assertions="1" time="0.054597"/>
      </testsuite>
      <testsuite name="Tests\Unit\Playground\Matrix\Resource\Policies\VersionPolicy\PolicyTest" file="/app/tests/Unit/Policies/VersionPolicy/PolicyTest.php" tests="1" assertions="1" errors="0" failures="0" skipped="0" time="0.050426">
        <testcase name="test_policy_instance" file="/app/tests/Unit/Policies/VersionPolicy/PolicyTest.php" line="19" class="Tests\Unit\Playground\Matrix\Resource\Policies\VersionPolicy\PolicyTest" classname="Tests.Unit.Playground.Matrix.Resource.Policies.VersionPolicy.PolicyTest" assertions="1" time="0.050426"/>
      </testsuite>
      <testsuite name="Tests\Unit\Playground\Matrix\Resource\ServiceProvider\InstanceTest" file="/app/tests/Unit/ServiceProvider/InstanceTest.php" tests="4" assertions="8" errors="0" failures="0" skipped="0" time="0.205480">
        <testcase name="test_version_matches" file="/app/tests/Unit/ServiceProvider/InstanceTest.php" line="22" class="Tests\Unit\Playground\Matrix\Resource\ServiceProvider\InstanceTest" classname="Tests.Unit.Playground.Matrix.Resource.ServiceProvider.InstanceTest" assertions="3" time="0.050475"/>
        <testcase name="test_setPolicies_with_empty_array" file="/app/tests/Unit/ServiceProvider/InstanceTest.php" line="31" class="Tests\Unit\Playground\Matrix\Resource\ServiceProvider\InstanceTest" classname="Tests.Unit.Playground.Matrix.Resource.ServiceProvider.InstanceTest" assertions="1" time="0.052354"/>
        <testcase name="test_setPolicies_with_invalid_model" file="/app/tests/Unit/ServiceProvider/InstanceTest.php" line="45" class="Tests\Unit\Playground\Matrix\Resource\ServiceProvider\InstanceTest" classname="Tests.Unit.Playground.Matrix.Resource.ServiceProvider.InstanceTest" assertions="2" time="0.052165"/>
        <testcase name="test_setPolicies_with_invalid_policy" file="/app/tests/Unit/ServiceProvider/InstanceTest.php" line="74" class="Tests\Unit\Playground\Matrix\Resource\ServiceProvider\InstanceTest" classname="Tests.Unit.Playground.Matrix.Resource.ServiceProvider.InstanceTest" assertions="2" time="0.050486"/>
      </testsuite>
    </testsuite>
    <testsuite name="Feature" tests="1100" assertions="16022" errors="0" failures="0" skipped="0" time="518.235976">
      <testsuite name="Tests\Feature\Playground\Matrix\Resource\Console\Commands\About\CommandTest" file="/app/tests/Feature/Console/Commands/About/CommandTest.php" tests="1" assertions="2" errors="0" failures="0" skipped="0" time="0.716443">
        <testcase name="test_command_about_displays_package_information_and_succeed_with_code_0" file="/app/tests/Feature/Console/Commands/About/CommandTest.php" line="19" class="Tests\Feature\Playground\Matrix\Resource\Console\Commands\About\CommandTest" classname="Tests.Feature.Playground.Matrix.Resource.Console.Commands.About.CommandTest" assertions="2" time="0.716443"/>
      </testsuite>
      <testsuite name="Tests\Feature\Playground\Matrix\Resource\Http\Controllers\Playground\BacklogRouteTest" file="/app/tests/Feature/Http/Controllers/Playground/BacklogRouteTest.php" tests="73" assertions="1173" errors="0" failures="0" skipped="0" time="32.771957">
        <testcase name="test_json_guest_cannot_get_create_info" file="/app/vendor/gammamatrix/playground-test/src/Feature/Http/Controllers/Resource/Playground/CreateJsonTrait.php" line="38" class="Tests\Feature\Playground\Matrix\Resource\Http\Controllers\Playground\BacklogRouteTest" classname="Tests.Feature.Playground.Matrix.Resource.Http.Controllers.Playground.BacklogRouteTest" assertions="1" time="0.492861"/>
        <testcase name="test_json_admin_can_get_create_info" file="/app/vendor/gammamatrix/playground-test/src/Feature/Http/Controllers/Resource/Playground/CreateJsonTrait.php" line="53" class="Tests\Feature\Playground\Matrix\Resource\Http\Controllers\Playground\BacklogRouteTest" classname="Tests.Feature.Playground.Matrix.Resource.Http.Controllers.Playground.BacklogRouteTest" assertions="105" time="0.469924"/>
        <testcase name="test_json_get_create_info_as_admin_with_invalid_parameter_and_fail_validation" file="/app/vendor/gammamatrix/playground-test/src/Feature/Http/Controllers/Resource/Playground/CreateJsonTrait.php" line="73" class="Tests\Feature\Playground\Matrix\Resource\Http\Controllers\Playground\BacklogRouteTest" classname="Tests.Feature.Playground.Matrix.Resource.Http.Controllers.Playground.BacklogRouteTest" assertions="4" time="0.420787"/>
        <testcase name="test_guest_cannot_render_create_view" file="/app/vendor/gammamatrix/playground-test/src/Feature/Http/Controllers/Resource/Playground/CreateTrait.php" line="33" class="Tests\Feature\Playground\Matrix\Resource\Http\Controllers\Playground\BacklogRouteTest" classname="Tests.Feature.Playground.Matrix.Resource.Http.Controllers.Playground.BacklogRouteTest" assertions="1" time="0.407905"/>
        <testcase name="test_admin_can_render_create_view" file="/app/vendor/gammamatrix/playground-test/src/Feature/Http/Controllers/Resource/Playground/CreateTrait.php" line="47" class="Tests\Feature\Playground\Matrix\Resource\Http\Controllers\Playground\BacklogRouteTest" classname="Tests.Feature.Playground.Matrix.Resource.Http.Controllers.Playground.BacklogRouteTest" assertions="2" time="0.550126"/>
        <testcase name="test_admin_can_render_create_view_with_return_url" file="/app/vendor/gammamatrix/playground-test/src/Feature/Http/Controllers/Resource/Playground/CreateTrait.php" line="65" class="Tests\Feature\Playground\Matrix\Resource\Http\Controllers\Playground\BacklogRouteTest" classname="Tests.Feature.Playground.Matrix.Resource.Http.Controllers.Playground.BacklogRouteTest" assertions="3" time="0.450330"/>
        <testcase name="test_create_view_as_admin_with_invalid_parameter_and_fail_validation_and_redirect" file="/app/vendor/gammamatrix/playground-test/src/Feature/Http/Controllers/Resource/Playground/CreateTrait.php" line="92" class="Tests\Feature\Playground\Matrix\Resource\Http\Controllers\Playground\BacklogRouteTest" classname="Tests.Feature.Playground.Matrix.Resource.Http.Controllers.Playground.BacklogRouteTest" assertions="5" time="0.438095"/>
        <testcase name="test_json_guest_cannot_destroy" file="/app/vendor/gammamatrix/playground-test/src/Feature/Http/Controllers/Resource/Playground/DestroyJsonTrait.php" line="31" class="Tests\Feature\Playground\Matrix\Resource\Http\Controllers\Playground\BacklogRouteTest" classname="Tests.Feature.Playground.Matrix.Resource.Http.Controllers.Playground.BacklogRouteTest" assertions="3" time="0.417877"/>
        <testcase name="test_json_destroy_as_admin_and_succeed" file="/app/vendor/gammamatrix/playground-test/src/Feature/Http/Controllers/Resource/Playground/DestroyJsonTrait.php" line="61" class="Tests\Feature\Playground\Matrix\Resource\Http\Controllers\Playground\BacklogRouteTest" classname="Tests.Feature.Playground.Matrix.Resource.Http.Controllers.Playground.BacklogRouteTest" assertions="5" time="0.430667"/>
        <testcase name="test_json_destroy_as_admin_and_succeed_with_force_delete" file="/app/vendor/gammamatrix/playground-test/src/Feature/Http/Controllers/Resource/Playground/DestroyJsonTrait.php" line="100" class="Tests\Feature\Playground\Matrix\Resource\Http\Controllers\Playground\BacklogRouteTest" classname="Tests.Feature.Playground.Matrix.Resource.Http.Controllers.Playground.BacklogRouteTest" assertions="4" time="0.419879"/>
        <testcase name="test_json_destroy_as_admin_and_succeed_with_no_content" file="/app/vendor/gammamatrix/playground-test/src/Feature/Http/Controllers/Resource/Playground/DestroyJsonTrait.php" line="132" class="Tests\Feature\Playground\Matrix\Resource\Http\Controllers\Playground\BacklogRouteTest" classname="Tests.Feature.Playground.Matrix.Resource.Http.Controllers.Playground.BacklogRouteTest" assertions="5" time="0.427623"/>
        <testcase name="test_json_destroy_as_admin_and_succeed_and_ignore_redirect" file="/app/vendor/gammamatrix/playground-test/src/Feature/Http/Controllers/Resource/Playground/DestroyJsonTrait.php" line="167" class="Tests\Feature\Playground\Matrix\Resource\Http\Controllers\Playground\BacklogRouteTest" classname="Tests.Feature.Playground.Matrix.Resource.Http.Controllers.Playground.BacklogRouteTest" assertions="5" time="0.431106"/>
        <testcase name="test_json_destroy_as_user_and_get_denied_and_no_force_delete_allowed" file="/app/vendor/gammamatrix/playground-test/src/Feature/Http/Controllers/Resource/Playground/DestroyJsonTrait.php" line="209" class="Tests\Feature\Playground\Matrix\Resource\Http\Controllers\Playground\BacklogRouteTest" classname="Tests.Feature.Playground.Matrix.Resource.Http.Controllers.Playground.BacklogRouteTest" assertions="3" time="0.422554"/>
        <testcase name="test_guest_cannot_destroy" file="/app/vendor/gammamatrix/playground-test/src/Feature/Http/Controllers/Resource/Playground/DestroyTrait.php" line="31" class="Tests\Feature\Playground\Matrix\Resource\Http\Controllers\Playground\BacklogRouteTest" classname="Tests.Feature.Playground.Matrix.Resource.Http.Controllers.Playground.BacklogRouteTest" assertions="3" time="0.417119"/>
        <testcase name="test_destroy_as_admin_and_succeed" file="/app/vendor/gammamatrix/playground-test/src/Feature/Http/Controllers/Resource/Playground/DestroyTrait.php" line="61" class="Tests\Feature\Playground\Matrix\Resource\Http\Controllers\Playground\BacklogRouteTest" classname="Tests.Feature.Playground.Matrix.Resource.Http.Controllers.Playground.BacklogRouteTest" assertions="5" time="0.451902"/>
        <testcase name="test_destroy_as_admin_and_succeed_with_force_delete" file="/app/vendor/gammamatrix/playground-test/src/Feature/Http/Controllers/Resource/Playground/DestroyTrait.php" line="97" class="Tests\Feature\Playground\Matrix\Resource\Http\Controllers\Playground\BacklogRouteTest" classname="Tests.Feature.Playground.Matrix.Resource.Http.Controllers.Playground.BacklogRouteTest" assertions="4" time="0.427751"/>
        <testcase name="test_destroy_as_admin_and_succeed_with_redirect_to_index_with_trash" file="/app/vendor/gammamatrix/playground-test/src/Feature/Http/Controllers/Resource/Playground/DestroyTrait.php" line="129" class="Tests\Feature\Playground\Matrix\Resource\Http\Controllers\Playground\BacklogRouteTest" classname="Tests.Feature.Playground.Matrix.Resource.Http.Controllers.Playground.BacklogRouteTest" assertions="5" time="0.424357"/>
        <testcase name="test_destroy_as_user_and_get_denied_and_no_force_delete_allowed" file="/app/vendor/gammamatrix/playground-test/src/Feature/Http/Controllers/Resource/Playground/DestroyTrait.php" line="171" class="Tests\Feature\Playground\Matrix\Resource\Http\Controllers\Playground\BacklogRouteTest" classname="Tests.Feature.Playground.Matrix.Resource.Http.Controllers.Playground.BacklogRouteTest" assertions="3" time="0.431902"/>
        <testcase name="test_json_guest_cannot_get_edit_info" file="/app/vendor/gammamatrix/playground-test/src/Feature/Http/Controllers/Resource/Playground/EditJsonTrait.php" line="38" class="Tests\Feature\Playground\Matrix\Resource\Http\Controllers\Playground\BacklogRouteTest" classname="Tests.Feature.Playground.Matrix.Resource.Http.Controllers.Playground.BacklogRouteTest" assertions="1" time="0.438343"/>
        <testcase name="test_json_admin_can_get_edit_info" file="/app/vendor/gammamatrix/playground-test/src/Feature/Http/Controllers/Resource/Playground/EditJsonTrait.php" line="58" class="Tests\Feature\Playground\Matrix\Resource\Http\Controllers\Playground\BacklogRouteTest" classname="Tests.Feature.Playground.Matrix.Resource.Http.Controllers.Playground.BacklogRouteTest" assertions="4" time="0.441644"/>
        <testcase name="test_json_edit_as_admin_and_fail_validation_with_invalid_parameter" file="/app/vendor/gammamatrix/playground-test/src/Feature/Http/Controllers/Resource/Playground/EditJsonTrait.php" line="87" class="Tests\Feature\Playground\Matrix\Resource\Http\Controllers\Playground\BacklogRouteTest" classname="Tests.Feature.Playground.Matrix.Resource.Http.Controllers.Playground.BacklogRouteTest" assertions="4" time="0.445916"/>
        <testcase name="test_guest_cannot_render_edit_view" file="/app/vendor/gammamatrix/playground-test/src/Feature/Http/Controllers/Resource/Playground/EditTrait.php" line="33" class="Tests\Feature\Playground\Matrix\Resource\Http\Controllers\Playground\BacklogRouteTest" classname="Tests.Feature.Playground.Matrix.Resource.Http.Controllers.Playground.BacklogRouteTest" assertions="1" time="0.420455"/>
        <testcase name="test_admin_can_render_edit_view" file="/app/vendor/gammamatrix/playground-test/src/Feature/Http/Controllers/Resource/Playground/EditTrait.php" line="53" class="Tests\Feature\Playground\Matrix\Resource\Http\Controllers\Playground\BacklogRouteTest" classname="Tests.Feature.Playground.Matrix.Resource.Http.Controllers.Playground.BacklogRouteTest" assertions="2" time="0.471957"/>
        <testcase name="test_admin_can_render_edit_view_with_return_url" file="/app/vendor/gammamatrix/playground-test/src/Feature/Http/Controllers/Resource/Playground/EditTrait.php" line="77" class="Tests\Feature\Playground\Matrix\Resource\Http\Controllers\Playground\BacklogRouteTest" classname="Tests.Feature.Playground.Matrix.Resource.Http.Controllers.Playground.BacklogRouteTest" assertions="3" time="0.459853"/>
        <testcase name="test_edit_view_as_admin_with_invalid_parameter_and_fail_validation_and_redirect" file="/app/vendor/gammamatrix/playground-test/src/Feature/Http/Controllers/Resource/Playground/EditTrait.php" line="109" class="Tests\Feature\Playground\Matrix\Resource\Http\Controllers\Playground\BacklogRouteTest" classname="Tests.Feature.Playground.Matrix.Resource.Http.Controllers.Playground.BacklogRouteTest" assertions="4" time="0.449062"/>
        <testcase name="test_json_guest_cannot_get_index" file="/app/vendor/gammamatrix/playground-test/src/Feature/Http/Controllers/Resource/Playground/IndexJsonTrait.php" line="34" class="Tests\Feature\Playground\Matrix\Resource\Http\Controllers\Playground\BacklogRouteTest" classname="Tests.Feature.Playground.Matrix.Resource.Http.Controllers.Playground.BacklogRouteTest" assertions="1" time="0.505001"/>
        <testcase name="test_json_admin_can_get_index" file="/app/vendor/gammamatrix/playground-test/src/Feature/Http/Controllers/Resource/Playground/IndexJsonTrait.php" line="49" class="Tests\Feature\Playground\Matrix\Resource\Http\Controllers\Playground\BacklogRouteTest" classname="Tests.Feature.Playground.Matrix.Resource.Http.Controllers.Playground.BacklogRouteTest" assertions="112" time="0.468898"/>
        <testcase name="test_json_admin_can_get_index_with_filters" file="/app/vendor/gammamatrix/playground-test/src/Feature/Http/Controllers/Resource/Playground/IndexJsonTrait.php" line="85" class="Tests\Feature\Playground\Matrix\Resource\Http\Controllers\Playground\BacklogRouteTest" classname="Tests.Feature.Playground.Matrix.Resource.Http.Controllers.Playground.BacklogRouteTest" assertions="3" time="0.437439"/>
        <testcase name="test_guest_cannot_render_index_view" file="/app/vendor/gammamatrix/playground-test/src/Feature/Http/Controllers/Resource/Playground/IndexTrait.php" line="29" class="Tests\Feature\Playground\Matrix\Resource\Http\Controllers\Playground\BacklogRouteTest" classname="Tests.Feature.Playground.Matrix.Resource.Http.Controllers.Playground.BacklogRouteTest" assertions="1" time="0.427051"/>
        <testcase name="test_admin_can_render_index_view" file="/app/vendor/gammamatrix/playground-test/src/Feature/Http/Controllers/Resource/Playground/IndexTrait.php" line="44" class="Tests\Feature\Playground\Matrix\Resource\Http\Controllers\Playground\BacklogRouteTest" classname="Tests.Feature.Playground.Matrix.Resource.Http.Controllers.Playground.BacklogRouteTest" assertions="2" time="0.533984"/>
        <testcase name="test_admin_can_render_index_view_with_filters" file="/app/vendor/gammamatrix/playground-test/src/Feature/Http/Controllers/Resource/Playground/IndexTrait.php" line="77" class="Tests\Feature\Playground\Matrix\Resource\Http\Controllers\Playground\BacklogRouteTest" classname="Tests.Feature.Playground.Matrix.Resource.Http.Controllers.Playground.BacklogRouteTest" assertions="3" time="0.490207"/>
        <testcase name="test_json_guest_cannot_lock" file="/app/vendor/gammamatrix/playground-test/src/Feature/Http/Controllers/Resource/Playground/LockJsonTrait.php" line="36" class="Tests\Feature\Playground\Matrix\Resource\Http\Controllers\Playground\BacklogRouteTest" classname="Tests.Feature.Playground.Matrix.Resource.Http.Controllers.Playground.BacklogRouteTest" assertions="3" time="0.437153"/>
        <testcase name="test_json_lock_as_admin_and_succeed" file="/app/vendor/gammamatrix/playground-test/src/Feature/Http/Controllers/Resource/Playground/LockJsonTrait.php" line="66" class="Tests\Feature\Playground\Matrix\Resource\Http\Controllers\Playground\BacklogRouteTest" classname="Tests.Feature.Playground.Matrix.Resource.Http.Controllers.Playground.BacklogRouteTest" assertions="3" time="0.438287"/>
        <testcase name="test_json_lock_as_admin_and_succeed_with_no_redirect" file="/app/vendor/gammamatrix/playground-test/src/Feature/Http/Controllers/Resource/Playground/LockJsonTrait.php" line="98" class="Tests\Feature\Playground\Matrix\Resource\Http\Controllers\Playground\BacklogRouteTest" classname="Tests.Feature.Playground.Matrix.Resource.Http.Controllers.Playground.BacklogRouteTest" assertions="107" time="0.452823"/>
        <testcase name="test_json_lock_as_user_and_get_denied" file="/app/vendor/gammamatrix/playground-test/src/Feature/Http/Controllers/Resource/Playground/LockJsonTrait.php" line="143" class="Tests\Feature\Playground\Matrix\Resource\Http\Controllers\Playground\BacklogRouteTest" classname="Tests.Feature.Playground.Matrix.Resource.Http.Controllers.Playground.BacklogRouteTest" assertions="3" time="0.439441"/>
        <testcase name="test_guest_cannot_lock" file="/app/vendor/gammamatrix/playground-test/src/Feature/Http/Controllers/Resource/Playground/LockTrait.php" line="31" class="Tests\Feature\Playground\Matrix\Resource\Http\Controllers\Playground\BacklogRouteTest" classname="Tests.Feature.Playground.Matrix.Resource.Http.Controllers.Playground.BacklogRouteTest" assertions="3" time="0.434495"/>
        <testcase name="test_lock_as_admin_and_succeed" file="/app/vendor/gammamatrix/playground-test/src/Feature/Http/Controllers/Resource/Playground/LockTrait.php" line="61" class="Tests\Feature\Playground\Matrix\Resource\Http\Controllers\Playground\BacklogRouteTest" classname="Tests.Feature.Playground.Matrix.Resource.Http.Controllers.Playground.BacklogRouteTest" assertions="4" time="0.436292"/>
        <testcase name="test_lock_as_admin_and_succeed_with_redirect_to_index_with_sorted_by_locked_desc" file="/app/vendor/gammamatrix/playground-test/src/Feature/Http/Controllers/Resource/Playground/LockTrait.php" line="95" class="Tests\Feature\Playground\Matrix\Resource\Http\Controllers\Playground\BacklogRouteTest" classname="Tests.Feature.Playground.Matrix.Resource.Http.Controllers.Playground.BacklogRouteTest" assertions="4" time="0.435259"/>
        <testcase name="test_lock_as_user_and_get_denied" file="/app/vendor/gammamatrix/playground-test/src/Feature/Http/Controllers/Resource/Playground/LockTrait.php" line="132" class="Tests\Feature\Playground\Matrix\Resource\Http\Controllers\Playground\BacklogRouteTest" classname="Tests.Feature.Playground.Matrix.Resource.Http.Controllers.Playground.BacklogRouteTest" assertions="3" time="0.435934"/>
        <testcase name="test_json_guest_cannot_restore" file="/app/vendor/gammamatrix/playground-test/src/Feature/Http/Controllers/Resource/Playground/RestoreJsonTrait.php" line="32" class="Tests\Feature\Playground\Matrix\Resource\Http\Controllers\Playground\BacklogRouteTest" classname="Tests.Feature.Playground.Matrix.Resource.Http.Controllers.Playground.BacklogRouteTest" assertions="3" time="0.427287"/>
        <testcase name="test_json_restore_as_admin_and_succeed" file="/app/vendor/gammamatrix/playground-test/src/Feature/Http/Controllers/Resource/Playground/RestoreJsonTrait.php" line="64" class="Tests\Feature\Playground\Matrix\Resource\Http\Controllers\Playground\BacklogRouteTest" classname="Tests.Feature.Playground.Matrix.Resource.Http.Controllers.Playground.BacklogRouteTest" assertions="107" time="0.446232"/>
        <testcase name="test_json_restore_as_admin_and_succeed_with_no_redirect" file="/app/vendor/gammamatrix/playground-test/src/Feature/Http/Controllers/Resource/Playground/RestoreJsonTrait.php" line="100" class="Tests\Feature\Playground\Matrix\Resource\Http\Controllers\Playground\BacklogRouteTest" classname="Tests.Feature.Playground.Matrix.Resource.Http.Controllers.Playground.BacklogRouteTest" assertions="107" time="0.460381"/>
        <testcase name="test_json_restore_as_user_and_get_denied" file="/app/vendor/gammamatrix/playground-test/src/Feature/Http/Controllers/Resource/Playground/RestoreJsonTrait.php" line="143" class="Tests\Feature\Playground\Matrix\Resource\Http\Controllers\Playground\BacklogRouteTest" classname="Tests.Feature.Playground.Matrix.Resource.Http.Controllers.Playground.BacklogRouteTest" assertions="3" time="0.436569"/>
        <testcase name="test_guest_cannot_restore" file="/app/vendor/gammamatrix/playground-test/src/Feature/Http/Controllers/Resource/Playground/RestoreTrait.php" line="32" class="Tests\Feature\Playground\Matrix\Resource\Http\Controllers\Playground\BacklogRouteTest" classname="Tests.Feature.Playground.Matrix.Resource.Http.Controllers.Playground.BacklogRouteTest" assertions="3" time="0.422690"/>
        <testcase name="test_restore_as_admin_and_succeed" file="/app/vendor/gammamatrix/playground-test/src/Feature/Http/Controllers/Resource/Playground/RestoreTrait.php" line="64" class="Tests\Feature\Playground\Matrix\Resource\Http\Controllers\Playground\BacklogRouteTest" classname="Tests.Feature.Playground.Matrix.Resource.Http.Controllers.Playground.BacklogRouteTest" assertions="4" time="0.455500"/>
        <testcase name="test_restore_as_admin_and_succeed_with_redirect_to_index_with_only_trash" file="/app/vendor/gammamatrix/playground-test/src/Feature/Http/Controllers/Resource/Playground/RestoreTrait.php" line="100" class="Tests\Feature\Playground\Matrix\Resource\Http\Controllers\Playground\BacklogRouteTest" classname="Tests.Feature.Playground.Matrix.Resource.Http.Controllers.Playground.BacklogRouteTest" assertions="4" time="0.446290"/>
        <testcase name="test_restore_as_user_and_get_denied" file="/app/vendor/gammamatrix/playground-test/src/Feature/Http/Controllers/Resource/Playground/RestoreTrait.php" line="146" class="Tests\Feature\Playground\Matrix\Resource\Http\Controllers\Playground\BacklogRouteTest" classname="Tests.Feature.Playground.Matrix.Resource.Http.Controllers.Playground.BacklogRouteTest" assertions="3" time="0.442543"/>
        <testcase name="test_json_guest_cannot_see_info" file="/app/vendor/gammamatrix/playground-test/src/Feature/Http/Controllers/Resource/Playground/ShowJsonTrait.php" line="29" class="Tests\Feature\Playground\Matrix\Resource\Http\Controllers\Playground\BacklogRouteTest" classname="Tests.Feature.Playground.Matrix.Resource.Http.Controllers.Playground.BacklogRouteTest" assertions="1" time="0.445244"/>
        <testcase name="test_json_show_info_for_admin" file="/app/vendor/gammamatrix/playground-test/src/Feature/Http/Controllers/Resource/Playground/ShowJsonTrait.php" line="49" class="Tests\Feature\Playground\Matrix\Resource\Http\Controllers\Playground\BacklogRouteTest" classname="Tests.Feature.Playground.Matrix.Resource.Http.Controllers.Playground.BacklogRouteTest" assertions="106" time="0.446738"/>
        <testcase name="test_guest_cannot_render_show_view" file="/app/vendor/gammamatrix/playground-test/src/Feature/Http/Controllers/Resource/Playground/ShowTrait.php" line="29" class="Tests\Feature\Playground\Matrix\Resource\Http\Controllers\Playground\BacklogRouteTest" classname="Tests.Feature.Playground.Matrix.Resource.Http.Controllers.Playground.BacklogRouteTest" assertions="1" time="0.438048"/>
        <testcase name="test_show_view_rendered_by_admin" file="/app/vendor/gammamatrix/playground-test/src/Feature/Http/Controllers/Resource/Playground/ShowTrait.php" line="49" class="Tests\Feature\Playground\Matrix\Resource\Http\Controllers\Playground\BacklogRouteTest" classname="Tests.Feature.Playground.Matrix.Resource.Http.Controllers.Playground.BacklogRouteTest" assertions="2" time="0.468656"/>
        <testcase name="test_json_guest_cannot_store" file="/app/vendor/gammamatrix/playground-test/src/Feature/Http/Controllers/Resource/Playground/StoreJsonTrait.php" line="43" class="Tests\Feature\Playground\Matrix\Resource\Http\Controllers\Playground\BacklogRouteTest" classname="Tests.Feature.Playground.Matrix.Resource.Http.Controllers.Playground.BacklogRouteTest" assertions="3" time="0.470721"/>
        <testcase name="test_json_store_as_admin_without_payload_and_fail_validation" file="/app/vendor/gammamatrix/playground-test/src/Feature/Http/Controllers/Resource/Playground/StoreJsonTrait.php" line="66" class="Tests\Feature\Playground\Matrix\Resource\Http\Controllers\Playground\BacklogRouteTest" classname="Tests.Feature.Playground.Matrix.Resource.Http.Controllers.Playground.BacklogRouteTest" assertions="5" time="0.434743"/>
        <testcase name="test_json_store_as_admin_and_succeed" file="/app/vendor/gammamatrix/playground-test/src/Feature/Http/Controllers/Resource/Playground/StoreJsonTrait.php" line="92" class="Tests\Feature\Playground\Matrix\Resource\Http\Controllers\Playground\BacklogRouteTest" classname="Tests.Feature.Playground.Matrix.Resource.Http.Controllers.Playground.BacklogRouteTest" assertions="3" time="0.498908"/>
        <testcase name="test_guest_cannot_store" file="/app/vendor/gammamatrix/playground-test/src/Feature/Http/Controllers/Resource/Playground/StoreTrait.php" line="38" class="Tests\Feature\Playground\Matrix\Resource\Http\Controllers\Playground\BacklogRouteTest" classname="Tests.Feature.Playground.Matrix.Resource.Http.Controllers.Playground.BacklogRouteTest" assertions="3" time="0.417108"/>
        <testcase name="test_store_as_admin_without_payload_and_fail_validation" file="/app/vendor/gammamatrix/playground-test/src/Feature/Http/Controllers/Resource/Playground/StoreTrait.php" line="61" class="Tests\Feature\Playground\Matrix\Resource\Http\Controllers\Playground\BacklogRouteTest" classname="Tests.Feature.Playground.Matrix.Resource.Http.Controllers.Playground.BacklogRouteTest" assertions="5" time="0.430106"/>
        <testcase name="test_store_as_admin_and_succeed" file="/app/vendor/gammamatrix/playground-test/src/Feature/Http/Controllers/Resource/Playground/StoreTrait.php" line="90" class="Tests\Feature\Playground\Matrix\Resource\Http\Controllers\Playground\BacklogRouteTest" classname="Tests.Feature.Playground.Matrix.Resource.Http.Controllers.Playground.BacklogRouteTest" assertions="4" time="0.464164"/>
        <testcase name="test_store_as_admin_and_succeed_with_return_url" file="/app/vendor/gammamatrix/playground-test/src/Feature/Http/Controllers/Resource/Playground/StoreTrait.php" line="135" class="Tests\Feature\Playground\Matrix\Resource\Http\Controllers\Playground\BacklogRouteTest" classname="Tests.Feature.Playground.Matrix.Resource.Http.Controllers.Playground.BacklogRouteTest" assertions="4" time="0.466901"/>
        <testcase name="test_json_guest_cannot_unlock" file="/app/vendor/gammamatrix/playground-test/src/Feature/Http/Controllers/Resource/Playground/UnlockJsonTrait.php" line="36" class="Tests\Feature\Playground\Matrix\Resource\Http\Controllers\Playground\BacklogRouteTest" classname="Tests.Feature.Playground.Matrix.Resource.Http.Controllers.Playground.BacklogRouteTest" assertions="3" time="0.438073"/>
        <testcase name="test_json_unlock_as_admin_and_succeed" file="/app/vendor/gammamatrix/playground-test/src/Feature/Http/Controllers/Resource/Playground/UnlockJsonTrait.php" line="68" class="Tests\Feature\Playground\Matrix\Resource\Http\Controllers\Playground\BacklogRouteTest" classname="Tests.Feature.Playground.Matrix.Resource.Http.Controllers.Playground.BacklogRouteTest" assertions="107" time="0.451281"/>
        <testcase name="test_json_unlock_as_admin_and_succeed_with_no_redirect" file="/app/vendor/gammamatrix/playground-test/src/Feature/Http/Controllers/Resource/Playground/UnlockJsonTrait.php" line="104" class="Tests\Feature\Playground\Matrix\Resource\Http\Controllers\Playground\BacklogRouteTest" classname="Tests.Feature.Playground.Matrix.Resource.Http.Controllers.Playground.BacklogRouteTest" assertions="107" time="0.452360"/>
        <testcase name="test_json_unlock_as_user_and_get_denied" file="/app/vendor/gammamatrix/playground-test/src/Feature/Http/Controllers/Resource/Playground/UnlockJsonTrait.php" line="145" class="Tests\Feature\Playground\Matrix\Resource\Http\Controllers\Playground\BacklogRouteTest" classname="Tests.Feature.Playground.Matrix.Resource.Http.Controllers.Playground.BacklogRouteTest" assertions="3" time="0.438061"/>
        <testcase name="test_guest_cannot_unlock" file="/app/vendor/gammamatrix/playground-test/src/Feature/Http/Controllers/Resource/Playground/UnlockTrait.php" line="36" class="Tests\Feature\Playground\Matrix\Resource\Http\Controllers\Playground\BacklogRouteTest" classname="Tests.Feature.Playground.Matrix.Resource.Http.Controllers.Playground.BacklogRouteTest" assertions="3" time="0.437947"/>
        <testcase name="test_unlock_as_admin_and_succeed" file="/app/vendor/gammamatrix/playground-test/src/Feature/Http/Controllers/Resource/Playground/UnlockTrait.php" line="68" class="Tests\Feature\Playground\Matrix\Resource\Http\Controllers\Playground\BacklogRouteTest" classname="Tests.Feature.Playground.Matrix.Resource.Http.Controllers.Playground.BacklogRouteTest" assertions="4" time="0.455779"/>
        <testcase name="test_unlock_as_admin_and_succeed_with_redirect_to_index_with_sorted_by_unlocked_desc" file="/app/vendor/gammamatrix/playground-test/src/Feature/Http/Controllers/Resource/Playground/UnlockTrait.php" line="109" class="Tests\Feature\Playground\Matrix\Resource\Http\Controllers\Playground\BacklogRouteTest" classname="Tests.Feature.Playground.Matrix.Resource.Http.Controllers.Playground.BacklogRouteTest" assertions="4" time="0.438325"/>
        <testcase name="test_unlock_as_user_and_get_denied" file="/app/vendor/gammamatrix/playground-test/src/Feature/Http/Controllers/Resource/Playground/UnlockTrait.php" line="148" class="Tests\Feature\Playground\Matrix\Resource\Http\Controllers\Playground\BacklogRouteTest" classname="Tests.Feature.Playground.Matrix.Resource.Http.Controllers.Playground.BacklogRouteTest" assertions="3" time="0.443713"/>
        <testcase name="test_json_guest_cannot_update" file="/app/vendor/gammamatrix/playground-test/src/Feature/Http/Controllers/Resource/Playground/UpdateJsonTrait.php" line="45" class="Tests\Feature\Playground\Matrix\Resource\Http\Controllers\Playground\BacklogRouteTest" classname="Tests.Feature.Playground.Matrix.Resource.Http.Controllers.Playground.BacklogRouteTest" assertions="1" time="0.450077"/>
        <testcase name="test_json_update_as_admin_without_payload_and_fail_validation" file="/app/vendor/gammamatrix/playground-test/src/Feature/Http/Controllers/Resource/Playground/UpdateJsonTrait.php" line="65" class="Tests\Feature\Playground\Matrix\Resource\Http\Controllers\Playground\BacklogRouteTest" classname="Tests.Feature.Playground.Matrix.Resource.Http.Controllers.Playground.BacklogRouteTest" assertions="4" time="0.449777"/>
        <testcase name="test_json_admin_can_update" file="/app/vendor/gammamatrix/playground-test/src/Feature/Http/Controllers/Resource/Playground/UpdateJsonTrait.php" line="90" class="Tests\Feature\Playground\Matrix\Resource\Http\Controllers\Playground\BacklogRouteTest" classname="Tests.Feature.Playground.Matrix.Resource.Http.Controllers.Playground.BacklogRouteTest" assertions="109" time="0.500839"/>
        <testcase name="test_guest_cannot_update" file="/app/vendor/gammamatrix/playground-test/src/Feature/Http/Controllers/Resource/Playground/UpdateTrait.php" line="45" class="Tests\Feature\Playground\Matrix\Resource\Http\Controllers\Playground\BacklogRouteTest" classname="Tests.Feature.Playground.Matrix.Resource.Http.Controllers.Playground.BacklogRouteTest" assertions="1" time="0.436984"/>
        <testcase name="test_update_as_admin_without_payload_and_fail_validation" file="/app/vendor/gammamatrix/playground-test/src/Feature/Http/Controllers/Resource/Playground/UpdateTrait.php" line="65" class="Tests\Feature\Playground\Matrix\Resource\Http\Controllers\Playground\BacklogRouteTest" classname="Tests.Feature.Playground.Matrix.Resource.Http.Controllers.Playground.BacklogRouteTest" assertions="4" time="0.450841"/>
        <testcase name="test_admin_can_update" file="/app/vendor/gammamatrix/playground-test/src/Feature/Http/Controllers/Resource/Playground/UpdateTrait.php" line="90" class="Tests\Feature\Playground\Matrix\Resource\Http\Controllers\Playground\BacklogRouteTest" classname="Tests.Feature.Playground.Matrix.Resource.Http.Controllers.Playground.BacklogRouteTest" assertions="6" time="0.491105"/>
        <testcase name="test_admin_can_update_view_with_return_url" file="/app/vendor/gammamatrix/playground-test/src/Feature/Http/Controllers/Resource/Playground/UpdateTrait.php" line="133" class="Tests\Feature\Playground\Matrix\Resource\Http\Controllers\Playground\BacklogRouteTest" classname="Tests.Feature.Playground.Matrix.Resource.Http.Controllers.Playground.BacklogRouteTest" assertions="6" time="0.485710"/>
      </testsuite>
      <testsuite name="Tests\Feature\Playground\Matrix\Resource\Http\Controllers\Playground\BoardRouteTest" file="/app/tests/Feature/Http/Controllers/Playground/BoardRouteTest.php" tests="73" assertions="1173" errors="0" failures="0" skipped="0" time="32.720366">
        <testcase name="test_json_guest_cannot_get_create_info" file="/app/vendor/gammamatrix/playground-test/src/Feature/Http/Controllers/Resource/Playground/CreateJsonTrait.php" line="38" class="Tests\Feature\Playground\Matrix\Resource\Http\Controllers\Playground\BoardRouteTest" classname="Tests.Feature.Playground.Matrix.Resource.Http.Controllers.Playground.BoardRouteTest" assertions="1" time="0.482906"/>
        <testcase name="test_json_admin_can_get_create_info" file="/app/vendor/gammamatrix/playground-test/src/Feature/Http/Controllers/Resource/Playground/CreateJsonTrait.php" line="53" class="Tests\Feature\Playground\Matrix\Resource\Http\Controllers\Playground\BoardRouteTest" classname="Tests.Feature.Playground.Matrix.Resource.Http.Controllers.Playground.BoardRouteTest" assertions="105" time="0.427248"/>
        <testcase name="test_json_get_create_info_as_admin_with_invalid_parameter_and_fail_validation" file="/app/vendor/gammamatrix/playground-test/src/Feature/Http/Controllers/Resource/Playground/CreateJsonTrait.php" line="73" class="Tests\Feature\Playground\Matrix\Resource\Http\Controllers\Playground\BoardRouteTest" classname="Tests.Feature.Playground.Matrix.Resource.Http.Controllers.Playground.BoardRouteTest" assertions="4" time="0.422692"/>
        <testcase name="test_guest_cannot_render_create_view" file="/app/vendor/gammamatrix/playground-test/src/Feature/Http/Controllers/Resource/Playground/CreateTrait.php" line="33" class="Tests\Feature\Playground\Matrix\Resource\Http\Controllers\Playground\BoardRouteTest" classname="Tests.Feature.Playground.Matrix.Resource.Http.Controllers.Playground.BoardRouteTest" assertions="1" time="0.415348"/>
        <testcase name="test_admin_can_render_create_view" file="/app/vendor/gammamatrix/playground-test/src/Feature/Http/Controllers/Resource/Playground/CreateTrait.php" line="47" class="Tests\Feature\Playground\Matrix\Resource\Http\Controllers\Playground\BoardRouteTest" classname="Tests.Feature.Playground.Matrix.Resource.Http.Controllers.Playground.BoardRouteTest" assertions="2" time="0.466662"/>
        <testcase name="test_admin_can_render_create_view_with_return_url" file="/app/vendor/gammamatrix/playground-test/src/Feature/Http/Controllers/Resource/Playground/CreateTrait.php" line="65" class="Tests\Feature\Playground\Matrix\Resource\Http\Controllers\Playground\BoardRouteTest" classname="Tests.Feature.Playground.Matrix.Resource.Http.Controllers.Playground.BoardRouteTest" assertions="3" time="0.450752"/>
        <testcase name="test_create_view_as_admin_with_invalid_parameter_and_fail_validation_and_redirect" file="/app/vendor/gammamatrix/playground-test/src/Feature/Http/Controllers/Resource/Playground/CreateTrait.php" line="92" class="Tests\Feature\Playground\Matrix\Resource\Http\Controllers\Playground\BoardRouteTest" classname="Tests.Feature.Playground.Matrix.Resource.Http.Controllers.Playground.BoardRouteTest" assertions="5" time="0.420590"/>
        <testcase name="test_json_guest_cannot_destroy" file="/app/vendor/gammamatrix/playground-test/src/Feature/Http/Controllers/Resource/Playground/DestroyJsonTrait.php" line="31" class="Tests\Feature\Playground\Matrix\Resource\Http\Controllers\Playground\BoardRouteTest" classname="Tests.Feature.Playground.Matrix.Resource.Http.Controllers.Playground.BoardRouteTest" assertions="3" time="0.432439"/>
        <testcase name="test_json_destroy_as_admin_and_succeed" file="/app/vendor/gammamatrix/playground-test/src/Feature/Http/Controllers/Resource/Playground/DestroyJsonTrait.php" line="61" class="Tests\Feature\Playground\Matrix\Resource\Http\Controllers\Playground\BoardRouteTest" classname="Tests.Feature.Playground.Matrix.Resource.Http.Controllers.Playground.BoardRouteTest" assertions="5" time="0.420818"/>
        <testcase name="test_json_destroy_as_admin_and_succeed_with_force_delete" file="/app/vendor/gammamatrix/playground-test/src/Feature/Http/Controllers/Resource/Playground/DestroyJsonTrait.php" line="100" class="Tests\Feature\Playground\Matrix\Resource\Http\Controllers\Playground\BoardRouteTest" classname="Tests.Feature.Playground.Matrix.Resource.Http.Controllers.Playground.BoardRouteTest" assertions="4" time="0.430167"/>
        <testcase name="test_json_destroy_as_admin_and_succeed_with_no_content" file="/app/vendor/gammamatrix/playground-test/src/Feature/Http/Controllers/Resource/Playground/DestroyJsonTrait.php" line="132" class="Tests\Feature\Playground\Matrix\Resource\Http\Controllers\Playground\BoardRouteTest" classname="Tests.Feature.Playground.Matrix.Resource.Http.Controllers.Playground.BoardRouteTest" assertions="5" time="0.435737"/>
        <testcase name="test_json_destroy_as_admin_and_succeed_and_ignore_redirect" file="/app/vendor/gammamatrix/playground-test/src/Feature/Http/Controllers/Resource/Playground/DestroyJsonTrait.php" line="167" class="Tests\Feature\Playground\Matrix\Resource\Http\Controllers\Playground\BoardRouteTest" classname="Tests.Feature.Playground.Matrix.Resource.Http.Controllers.Playground.BoardRouteTest" assertions="5" time="0.425110"/>
        <testcase name="test_json_destroy_as_user_and_get_denied_and_no_force_delete_allowed" file="/app/vendor/gammamatrix/playground-test/src/Feature/Http/Controllers/Resource/Playground/DestroyJsonTrait.php" line="209" class="Tests\Feature\Playground\Matrix\Resource\Http\Controllers\Playground\BoardRouteTest" classname="Tests.Feature.Playground.Matrix.Resource.Http.Controllers.Playground.BoardRouteTest" assertions="3" time="0.434793"/>
        <testcase name="test_guest_cannot_destroy" file="/app/vendor/gammamatrix/playground-test/src/Feature/Http/Controllers/Resource/Playground/DestroyTrait.php" line="31" class="Tests\Feature\Playground\Matrix\Resource\Http\Controllers\Playground\BoardRouteTest" classname="Tests.Feature.Playground.Matrix.Resource.Http.Controllers.Playground.BoardRouteTest" assertions="3" time="0.416383"/>
        <testcase name="test_destroy_as_admin_and_succeed" file="/app/vendor/gammamatrix/playground-test/src/Feature/Http/Controllers/Resource/Playground/DestroyTrait.php" line="61" class="Tests\Feature\Playground\Matrix\Resource\Http\Controllers\Playground\BoardRouteTest" classname="Tests.Feature.Playground.Matrix.Resource.Http.Controllers.Playground.BoardRouteTest" assertions="5" time="0.445873"/>
        <testcase name="test_destroy_as_admin_and_succeed_with_force_delete" file="/app/vendor/gammamatrix/playground-test/src/Feature/Http/Controllers/Resource/Playground/DestroyTrait.php" line="97" class="Tests\Feature\Playground\Matrix\Resource\Http\Controllers\Playground\BoardRouteTest" classname="Tests.Feature.Playground.Matrix.Resource.Http.Controllers.Playground.BoardRouteTest" assertions="4" time="0.432570"/>
        <testcase name="test_destroy_as_admin_and_succeed_with_redirect_to_index_with_trash" file="/app/vendor/gammamatrix/playground-test/src/Feature/Http/Controllers/Resource/Playground/DestroyTrait.php" line="129" class="Tests\Feature\Playground\Matrix\Resource\Http\Controllers\Playground\BoardRouteTest" classname="Tests.Feature.Playground.Matrix.Resource.Http.Controllers.Playground.BoardRouteTest" assertions="5" time="0.430855"/>
        <testcase name="test_destroy_as_user_and_get_denied_and_no_force_delete_allowed" file="/app/vendor/gammamatrix/playground-test/src/Feature/Http/Controllers/Resource/Playground/DestroyTrait.php" line="171" class="Tests\Feature\Playground\Matrix\Resource\Http\Controllers\Playground\BoardRouteTest" classname="Tests.Feature.Playground.Matrix.Resource.Http.Controllers.Playground.BoardRouteTest" assertions="3" time="0.434828"/>
        <testcase name="test_json_guest_cannot_get_edit_info" file="/app/vendor/gammamatrix/playground-test/src/Feature/Http/Controllers/Resource/Playground/EditJsonTrait.php" line="38" class="Tests\Feature\Playground\Matrix\Resource\Http\Controllers\Playground\BoardRouteTest" classname="Tests.Feature.Playground.Matrix.Resource.Http.Controllers.Playground.BoardRouteTest" assertions="1" time="0.441511"/>
        <testcase name="test_json_admin_can_get_edit_info" file="/app/vendor/gammamatrix/playground-test/src/Feature/Http/Controllers/Resource/Playground/EditJsonTrait.php" line="58" class="Tests\Feature\Playground\Matrix\Resource\Http\Controllers\Playground\BoardRouteTest" classname="Tests.Feature.Playground.Matrix.Resource.Http.Controllers.Playground.BoardRouteTest" assertions="4" time="0.447393"/>
        <testcase name="test_json_edit_as_admin_and_fail_validation_with_invalid_parameter" file="/app/vendor/gammamatrix/playground-test/src/Feature/Http/Controllers/Resource/Playground/EditJsonTrait.php" line="87" class="Tests\Feature\Playground\Matrix\Resource\Http\Controllers\Playground\BoardRouteTest" classname="Tests.Feature.Playground.Matrix.Resource.Http.Controllers.Playground.BoardRouteTest" assertions="4" time="0.440403"/>
        <testcase name="test_guest_cannot_render_edit_view" file="/app/vendor/gammamatrix/playground-test/src/Feature/Http/Controllers/Resource/Playground/EditTrait.php" line="33" class="Tests\Feature\Playground\Matrix\Resource\Http\Controllers\Playground\BoardRouteTest" classname="Tests.Feature.Playground.Matrix.Resource.Http.Controllers.Playground.BoardRouteTest" assertions="1" time="0.432385"/>
        <testcase name="test_admin_can_render_edit_view" file="/app/vendor/gammamatrix/playground-test/src/Feature/Http/Controllers/Resource/Playground/EditTrait.php" line="53" class="Tests\Feature\Playground\Matrix\Resource\Http\Controllers\Playground\BoardRouteTest" classname="Tests.Feature.Playground.Matrix.Resource.Http.Controllers.Playground.BoardRouteTest" assertions="2" time="0.467242"/>
        <testcase name="test_admin_can_render_edit_view_with_return_url" file="/app/vendor/gammamatrix/playground-test/src/Feature/Http/Controllers/Resource/Playground/EditTrait.php" line="77" class="Tests\Feature\Playground\Matrix\Resource\Http\Controllers\Playground\BoardRouteTest" classname="Tests.Feature.Playground.Matrix.Resource.Http.Controllers.Playground.BoardRouteTest" assertions="3" time="0.458457"/>
        <testcase name="test_edit_view_as_admin_with_invalid_parameter_and_fail_validation_and_redirect" file="/app/vendor/gammamatrix/playground-test/src/Feature/Http/Controllers/Resource/Playground/EditTrait.php" line="109" class="Tests\Feature\Playground\Matrix\Resource\Http\Controllers\Playground\BoardRouteTest" classname="Tests.Feature.Playground.Matrix.Resource.Http.Controllers.Playground.BoardRouteTest" assertions="4" time="0.450933"/>
        <testcase name="test_json_guest_cannot_get_index" file="/app/vendor/gammamatrix/playground-test/src/Feature/Http/Controllers/Resource/Playground/IndexJsonTrait.php" line="34" class="Tests\Feature\Playground\Matrix\Resource\Http\Controllers\Playground\BoardRouteTest" classname="Tests.Feature.Playground.Matrix.Resource.Http.Controllers.Playground.BoardRouteTest" assertions="1" time="0.494512"/>
        <testcase name="test_json_admin_can_get_index" file="/app/vendor/gammamatrix/playground-test/src/Feature/Http/Controllers/Resource/Playground/IndexJsonTrait.php" line="49" class="Tests\Feature\Playground\Matrix\Resource\Http\Controllers\Playground\BoardRouteTest" classname="Tests.Feature.Playground.Matrix.Resource.Http.Controllers.Playground.BoardRouteTest" assertions="112" time="0.478545"/>
        <testcase name="test_json_admin_can_get_index_with_filters" file="/app/vendor/gammamatrix/playground-test/src/Feature/Http/Controllers/Resource/Playground/IndexJsonTrait.php" line="85" class="Tests\Feature\Playground\Matrix\Resource\Http\Controllers\Playground\BoardRouteTest" classname="Tests.Feature.Playground.Matrix.Resource.Http.Controllers.Playground.BoardRouteTest" assertions="3" time="0.441424"/>
        <testcase name="test_guest_cannot_render_index_view" file="/app/vendor/gammamatrix/playground-test/src/Feature/Http/Controllers/Resource/Playground/IndexTrait.php" line="29" class="Tests\Feature\Playground\Matrix\Resource\Http\Controllers\Playground\BoardRouteTest" classname="Tests.Feature.Playground.Matrix.Resource.Http.Controllers.Playground.BoardRouteTest" assertions="1" time="0.438390"/>
        <testcase name="test_admin_can_render_index_view" file="/app/vendor/gammamatrix/playground-test/src/Feature/Http/Controllers/Resource/Playground/IndexTrait.php" line="44" class="Tests\Feature\Playground\Matrix\Resource\Http\Controllers\Playground\BoardRouteTest" classname="Tests.Feature.Playground.Matrix.Resource.Http.Controllers.Playground.BoardRouteTest" assertions="2" time="0.470966"/>
        <testcase name="test_admin_can_render_index_view_with_filters" file="/app/vendor/gammamatrix/playground-test/src/Feature/Http/Controllers/Resource/Playground/IndexTrait.php" line="77" class="Tests\Feature\Playground\Matrix\Resource\Http\Controllers\Playground\BoardRouteTest" classname="Tests.Feature.Playground.Matrix.Resource.Http.Controllers.Playground.BoardRouteTest" assertions="3" time="0.473821"/>
        <testcase name="test_json_guest_cannot_lock" file="/app/vendor/gammamatrix/playground-test/src/Feature/Http/Controllers/Resource/Playground/LockJsonTrait.php" line="36" class="Tests\Feature\Playground\Matrix\Resource\Http\Controllers\Playground\BoardRouteTest" classname="Tests.Feature.Playground.Matrix.Resource.Http.Controllers.Playground.BoardRouteTest" assertions="3" time="0.424171"/>
        <testcase name="test_json_lock_as_admin_and_succeed" file="/app/vendor/gammamatrix/playground-test/src/Feature/Http/Controllers/Resource/Playground/LockJsonTrait.php" line="66" class="Tests\Feature\Playground\Matrix\Resource\Http\Controllers\Playground\BoardRouteTest" classname="Tests.Feature.Playground.Matrix.Resource.Http.Controllers.Playground.BoardRouteTest" assertions="3" time="0.454332"/>
        <testcase name="test_json_lock_as_admin_and_succeed_with_no_redirect" file="/app/vendor/gammamatrix/playground-test/src/Feature/Http/Controllers/Resource/Playground/LockJsonTrait.php" line="98" class="Tests\Feature\Playground\Matrix\Resource\Http\Controllers\Playground\BoardRouteTest" classname="Tests.Feature.Playground.Matrix.Resource.Http.Controllers.Playground.BoardRouteTest" assertions="107" time="0.443212"/>
        <testcase name="test_json_lock_as_user_and_get_denied" file="/app/vendor/gammamatrix/playground-test/src/Feature/Http/Controllers/Resource/Playground/LockJsonTrait.php" line="143" class="Tests\Feature\Playground\Matrix\Resource\Http\Controllers\Playground\BoardRouteTest" classname="Tests.Feature.Playground.Matrix.Resource.Http.Controllers.Playground.BoardRouteTest" assertions="3" time="0.436578"/>
        <testcase name="test_guest_cannot_lock" file="/app/vendor/gammamatrix/playground-test/src/Feature/Http/Controllers/Resource/Playground/LockTrait.php" line="31" class="Tests\Feature\Playground\Matrix\Resource\Http\Controllers\Playground\BoardRouteTest" classname="Tests.Feature.Playground.Matrix.Resource.Http.Controllers.Playground.BoardRouteTest" assertions="3" time="0.434545"/>
        <testcase name="test_lock_as_admin_and_succeed" file="/app/vendor/gammamatrix/playground-test/src/Feature/Http/Controllers/Resource/Playground/LockTrait.php" line="61" class="Tests\Feature\Playground\Matrix\Resource\Http\Controllers\Playground\BoardRouteTest" classname="Tests.Feature.Playground.Matrix.Resource.Http.Controllers.Playground.BoardRouteTest" assertions="4" time="0.439744"/>
        <testcase name="test_lock_as_admin_and_succeed_with_redirect_to_index_with_sorted_by_locked_desc" file="/app/vendor/gammamatrix/playground-test/src/Feature/Http/Controllers/Resource/Playground/LockTrait.php" line="95" class="Tests\Feature\Playground\Matrix\Resource\Http\Controllers\Playground\BoardRouteTest" classname="Tests.Feature.Playground.Matrix.Resource.Http.Controllers.Playground.BoardRouteTest" assertions="4" time="0.450100"/>
        <testcase name="test_lock_as_user_and_get_denied" file="/app/vendor/gammamatrix/playground-test/src/Feature/Http/Controllers/Resource/Playground/LockTrait.php" line="132" class="Tests\Feature\Playground\Matrix\Resource\Http\Controllers\Playground\BoardRouteTest" classname="Tests.Feature.Playground.Matrix.Resource.Http.Controllers.Playground.BoardRouteTest" assertions="3" time="0.432790"/>
        <testcase name="test_json_guest_cannot_restore" file="/app/vendor/gammamatrix/playground-test/src/Feature/Http/Controllers/Resource/Playground/RestoreJsonTrait.php" line="32" class="Tests\Feature\Playground\Matrix\Resource\Http\Controllers\Playground\BoardRouteTest" classname="Tests.Feature.Playground.Matrix.Resource.Http.Controllers.Playground.BoardRouteTest" assertions="3" time="0.448216"/>
        <testcase name="test_json_restore_as_admin_and_succeed" file="/app/vendor/gammamatrix/playground-test/src/Feature/Http/Controllers/Resource/Playground/RestoreJsonTrait.php" line="64" class="Tests\Feature\Playground\Matrix\Resource\Http\Controllers\Playground\BoardRouteTest" classname="Tests.Feature.Playground.Matrix.Resource.Http.Controllers.Playground.BoardRouteTest" assertions="107" time="0.452270"/>
        <testcase name="test_json_restore_as_admin_and_succeed_with_no_redirect" file="/app/vendor/gammamatrix/playground-test/src/Feature/Http/Controllers/Resource/Playground/RestoreJsonTrait.php" line="100" class="Tests\Feature\Playground\Matrix\Resource\Http\Controllers\Playground\BoardRouteTest" classname="Tests.Feature.Playground.Matrix.Resource.Http.Controllers.Playground.BoardRouteTest" assertions="107" time="0.450496"/>
        <testcase name="test_json_restore_as_user_and_get_denied" file="/app/vendor/gammamatrix/playground-test/src/Feature/Http/Controllers/Resource/Playground/RestoreJsonTrait.php" line="143" class="Tests\Feature\Playground\Matrix\Resource\Http\Controllers\Playground\BoardRouteTest" classname="Tests.Feature.Playground.Matrix.Resource.Http.Controllers.Playground.BoardRouteTest" assertions="3" time="0.447999"/>
        <testcase name="test_guest_cannot_restore" file="/app/vendor/gammamatrix/playground-test/src/Feature/Http/Controllers/Resource/Playground/RestoreTrait.php" line="32" class="Tests\Feature\Playground\Matrix\Resource\Http\Controllers\Playground\BoardRouteTest" classname="Tests.Feature.Playground.Matrix.Resource.Http.Controllers.Playground.BoardRouteTest" assertions="3" time="0.425268"/>
        <testcase name="test_restore_as_admin_and_succeed" file="/app/vendor/gammamatrix/playground-test/src/Feature/Http/Controllers/Resource/Playground/RestoreTrait.php" line="64" class="Tests\Feature\Playground\Matrix\Resource\Http\Controllers\Playground\BoardRouteTest" classname="Tests.Feature.Playground.Matrix.Resource.Http.Controllers.Playground.BoardRouteTest" assertions="4" time="0.454830"/>
        <testcase name="test_restore_as_admin_and_succeed_with_redirect_to_index_with_only_trash" file="/app/vendor/gammamatrix/playground-test/src/Feature/Http/Controllers/Resource/Playground/RestoreTrait.php" line="100" class="Tests\Feature\Playground\Matrix\Resource\Http\Controllers\Playground\BoardRouteTest" classname="Tests.Feature.Playground.Matrix.Resource.Http.Controllers.Playground.BoardRouteTest" assertions="4" time="0.436464"/>
        <testcase name="test_restore_as_user_and_get_denied" file="/app/vendor/gammamatrix/playground-test/src/Feature/Http/Controllers/Resource/Playground/RestoreTrait.php" line="146" class="Tests\Feature\Playground\Matrix\Resource\Http\Controllers\Playground\BoardRouteTest" classname="Tests.Feature.Playground.Matrix.Resource.Http.Controllers.Playground.BoardRouteTest" assertions="3" time="0.445892"/>
        <testcase name="test_json_guest_cannot_see_info" file="/app/vendor/gammamatrix/playground-test/src/Feature/Http/Controllers/Resource/Playground/ShowJsonTrait.php" line="29" class="Tests\Feature\Playground\Matrix\Resource\Http\Controllers\Playground\BoardRouteTest" classname="Tests.Feature.Playground.Matrix.Resource.Http.Controllers.Playground.BoardRouteTest" assertions="1" time="0.431395"/>
        <testcase name="test_json_show_info_for_admin" file="/app/vendor/gammamatrix/playground-test/src/Feature/Http/Controllers/Resource/Playground/ShowJsonTrait.php" line="49" class="Tests\Feature\Playground\Matrix\Resource\Http\Controllers\Playground\BoardRouteTest" classname="Tests.Feature.Playground.Matrix.Resource.Http.Controllers.Playground.BoardRouteTest" assertions="106" time="0.437998"/>
        <testcase name="test_guest_cannot_render_show_view" file="/app/vendor/gammamatrix/playground-test/src/Feature/Http/Controllers/Resource/Playground/ShowTrait.php" line="29" class="Tests\Feature\Playground\Matrix\Resource\Http\Controllers\Playground\BoardRouteTest" classname="Tests.Feature.Playground.Matrix.Resource.Http.Controllers.Playground.BoardRouteTest" assertions="1" time="0.434620"/>
        <testcase name="test_show_view_rendered_by_admin" file="/app/vendor/gammamatrix/playground-test/src/Feature/Http/Controllers/Resource/Playground/ShowTrait.php" line="49" class="Tests\Feature\Playground\Matrix\Resource\Http\Controllers\Playground\BoardRouteTest" classname="Tests.Feature.Playground.Matrix.Resource.Http.Controllers.Playground.BoardRouteTest" assertions="2" time="0.444393"/>
        <testcase name="test_json_guest_cannot_store" file="/app/vendor/gammamatrix/playground-test/src/Feature/Http/Controllers/Resource/Playground/StoreJsonTrait.php" line="43" class="Tests\Feature\Playground\Matrix\Resource\Http\Controllers\Playground\BoardRouteTest" classname="Tests.Feature.Playground.Matrix.Resource.Http.Controllers.Playground.BoardRouteTest" assertions="3" time="0.465299"/>
        <testcase name="test_json_store_as_admin_without_payload_and_fail_validation" file="/app/vendor/gammamatrix/playground-test/src/Feature/Http/Controllers/Resource/Playground/StoreJsonTrait.php" line="66" class="Tests\Feature\Playground\Matrix\Resource\Http\Controllers\Playground\BoardRouteTest" classname="Tests.Feature.Playground.Matrix.Resource.Http.Controllers.Playground.BoardRouteTest" assertions="5" time="0.436042"/>
        <testcase name="test_json_store_as_admin_and_succeed" file="/app/vendor/gammamatrix/playground-test/src/Feature/Http/Controllers/Resource/Playground/StoreJsonTrait.php" line="92" class="Tests\Feature\Playground\Matrix\Resource\Http\Controllers\Playground\BoardRouteTest" classname="Tests.Feature.Playground.Matrix.Resource.Http.Controllers.Playground.BoardRouteTest" assertions="3" time="0.489482"/>
        <testcase name="test_guest_cannot_store" file="/app/vendor/gammamatrix/playground-test/src/Feature/Http/Controllers/Resource/Playground/StoreTrait.php" line="38" class="Tests\Feature\Playground\Matrix\Resource\Http\Controllers\Playground\BoardRouteTest" classname="Tests.Feature.Playground.Matrix.Resource.Http.Controllers.Playground.BoardRouteTest" assertions="3" time="0.423550"/>
        <testcase name="test_store_as_admin_without_payload_and_fail_validation" file="/app/vendor/gammamatrix/playground-test/src/Feature/Http/Controllers/Resource/Playground/StoreTrait.php" line="61" class="Tests\Feature\Playground\Matrix\Resource\Http\Controllers\Playground\BoardRouteTest" classname="Tests.Feature.Playground.Matrix.Resource.Http.Controllers.Playground.BoardRouteTest" assertions="5" time="0.450546"/>
        <testcase name="test_store_as_admin_and_succeed" file="/app/vendor/gammamatrix/playground-test/src/Feature/Http/Controllers/Resource/Playground/StoreTrait.php" line="90" class="Tests\Feature\Playground\Matrix\Resource\Http\Controllers\Playground\BoardRouteTest" classname="Tests.Feature.Playground.Matrix.Resource.Http.Controllers.Playground.BoardRouteTest" assertions="4" time="0.484682"/>
        <testcase name="test_store_as_admin_and_succeed_with_return_url" file="/app/vendor/gammamatrix/playground-test/src/Feature/Http/Controllers/Resource/Playground/StoreTrait.php" line="135" class="Tests\Feature\Playground\Matrix\Resource\Http\Controllers\Playground\BoardRouteTest" classname="Tests.Feature.Playground.Matrix.Resource.Http.Controllers.Playground.BoardRouteTest" assertions="4" time="0.507014"/>
        <testcase name="test_json_guest_cannot_unlock" file="/app/vendor/gammamatrix/playground-test/src/Feature/Http/Controllers/Resource/Playground/UnlockJsonTrait.php" line="36" class="Tests\Feature\Playground\Matrix\Resource\Http\Controllers\Playground\BoardRouteTest" classname="Tests.Feature.Playground.Matrix.Resource.Http.Controllers.Playground.BoardRouteTest" assertions="3" time="0.430746"/>
        <testcase name="test_json_unlock_as_admin_and_succeed" file="/app/vendor/gammamatrix/playground-test/src/Feature/Http/Controllers/Resource/Playground/UnlockJsonTrait.php" line="68" class="Tests\Feature\Playground\Matrix\Resource\Http\Controllers\Playground\BoardRouteTest" classname="Tests.Feature.Playground.Matrix.Resource.Http.Controllers.Playground.BoardRouteTest" assertions="107" time="0.449111"/>
        <testcase name="test_json_unlock_as_admin_and_succeed_with_no_redirect" file="/app/vendor/gammamatrix/playground-test/src/Feature/Http/Controllers/Resource/Playground/UnlockJsonTrait.php" line="104" class="Tests\Feature\Playground\Matrix\Resource\Http\Controllers\Playground\BoardRouteTest" classname="Tests.Feature.Playground.Matrix.Resource.Http.Controllers.Playground.BoardRouteTest" assertions="107" time="0.470489"/>
        <testcase name="test_json_unlock_as_user_and_get_denied" file="/app/vendor/gammamatrix/playground-test/src/Feature/Http/Controllers/Resource/Playground/UnlockJsonTrait.php" line="145" class="Tests\Feature\Playground\Matrix\Resource\Http\Controllers\Playground\BoardRouteTest" classname="Tests.Feature.Playground.Matrix.Resource.Http.Controllers.Playground.BoardRouteTest" assertions="3" time="0.434548"/>
        <testcase name="test_guest_cannot_unlock" file="/app/vendor/gammamatrix/playground-test/src/Feature/Http/Controllers/Resource/Playground/UnlockTrait.php" line="36" class="Tests\Feature\Playground\Matrix\Resource\Http\Controllers\Playground\BoardRouteTest" classname="Tests.Feature.Playground.Matrix.Resource.Http.Controllers.Playground.BoardRouteTest" assertions="3" time="0.444284"/>
        <testcase name="test_unlock_as_admin_and_succeed" file="/app/vendor/gammamatrix/playground-test/src/Feature/Http/Controllers/Resource/Playground/UnlockTrait.php" line="68" class="Tests\Feature\Playground\Matrix\Resource\Http\Controllers\Playground\BoardRouteTest" classname="Tests.Feature.Playground.Matrix.Resource.Http.Controllers.Playground.BoardRouteTest" assertions="4" time="0.452274"/>
        <testcase name="test_unlock_as_admin_and_succeed_with_redirect_to_index_with_sorted_by_unlocked_desc" file="/app/vendor/gammamatrix/playground-test/src/Feature/Http/Controllers/Resource/Playground/UnlockTrait.php" line="109" class="Tests\Feature\Playground\Matrix\Resource\Http\Controllers\Playground\BoardRouteTest" classname="Tests.Feature.Playground.Matrix.Resource.Http.Controllers.Playground.BoardRouteTest" assertions="4" time="0.454116"/>
        <testcase name="test_unlock_as_user_and_get_denied" file="/app/vendor/gammamatrix/playground-test/src/Feature/Http/Controllers/Resource/Playground/UnlockTrait.php" line="148" class="Tests\Feature\Playground\Matrix\Resource\Http\Controllers\Playground\BoardRouteTest" classname="Tests.Feature.Playground.Matrix.Resource.Http.Controllers.Playground.BoardRouteTest" assertions="3" time="0.438011"/>
        <testcase name="test_json_guest_cannot_update" file="/app/vendor/gammamatrix/playground-test/src/Feature/Http/Controllers/Resource/Playground/UpdateJsonTrait.php" line="45" class="Tests\Feature\Playground\Matrix\Resource\Http\Controllers\Playground\BoardRouteTest" classname="Tests.Feature.Playground.Matrix.Resource.Http.Controllers.Playground.BoardRouteTest" assertions="1" time="0.449733"/>
        <testcase name="test_json_update_as_admin_without_payload_and_fail_validation" file="/app/vendor/gammamatrix/playground-test/src/Feature/Http/Controllers/Resource/Playground/UpdateJsonTrait.php" line="65" class="Tests\Feature\Playground\Matrix\Resource\Http\Controllers\Playground\BoardRouteTest" classname="Tests.Feature.Playground.Matrix.Resource.Http.Controllers.Playground.BoardRouteTest" assertions="4" time="0.469234"/>
        <testcase name="test_json_admin_can_update" file="/app/vendor/gammamatrix/playground-test/src/Feature/Http/Controllers/Resource/Playground/UpdateJsonTrait.php" line="90" class="Tests\Feature\Playground\Matrix\Resource\Http\Controllers\Playground\BoardRouteTest" classname="Tests.Feature.Playground.Matrix.Resource.Http.Controllers.Playground.BoardRouteTest" assertions="109" time="0.493863"/>
        <testcase name="test_guest_cannot_update" file="/app/vendor/gammamatrix/playground-test/src/Feature/Http/Controllers/Resource/Playground/UpdateTrait.php" line="45" class="Tests\Feature\Playground\Matrix\Resource\Http\Controllers\Playground\BoardRouteTest" classname="Tests.Feature.Playground.Matrix.Resource.Http.Controllers.Playground.BoardRouteTest" assertions="1" time="0.444279"/>
        <testcase name="test_update_as_admin_without_payload_and_fail_validation" file="/app/vendor/gammamatrix/playground-test/src/Feature/Http/Controllers/Resource/Playground/UpdateTrait.php" line="65" class="Tests\Feature\Playground\Matrix\Resource\Http\Controllers\Playground\BoardRouteTest" classname="Tests.Feature.Playground.Matrix.Resource.Http.Controllers.Playground.BoardRouteTest" assertions="4" time="0.444580"/>
        <testcase name="test_admin_can_update" file="/app/vendor/gammamatrix/playground-test/src/Feature/Http/Controllers/Resource/Playground/UpdateTrait.php" line="90" class="Tests\Feature\Playground\Matrix\Resource\Http\Controllers\Playground\BoardRouteTest" classname="Tests.Feature.Playground.Matrix.Resource.Http.Controllers.Playground.BoardRouteTest" assertions="6" time="0.514527"/>
        <testcase name="test_admin_can_update_view_with_return_url" file="/app/vendor/gammamatrix/playground-test/src/Feature/Http/Controllers/Resource/Playground/UpdateTrait.php" line="133" class="Tests\Feature\Playground\Matrix\Resource\Http\Controllers\Playground\BoardRouteTest" classname="Tests.Feature.Playground.Matrix.Resource.Http.Controllers.Playground.BoardRouteTest" assertions="6" time="0.486889"/>
      </testsuite>
      <testsuite name="Tests\Feature\Playground\Matrix\Resource\Http\Controllers\Playground\EpicRouteTest" file="/app/tests/Feature/Http/Controllers/Playground/EpicRouteTest.php" tests="73" assertions="1173" errors="0" failures="0" skipped="0" time="32.982145">
        <testcase name="test_json_guest_cannot_get_create_info" file="/app/vendor/gammamatrix/playground-test/src/Feature/Http/Controllers/Resource/Playground/CreateJsonTrait.php" line="38" class="Tests\Feature\Playground\Matrix\Resource\Http\Controllers\Playground\EpicRouteTest" classname="Tests.Feature.Playground.Matrix.Resource.Http.Controllers.Playground.EpicRouteTest" assertions="1" time="0.503530"/>
        <testcase name="test_json_admin_can_get_create_info" file="/app/vendor/gammamatrix/playground-test/src/Feature/Http/Controllers/Resource/Playground/CreateJsonTrait.php" line="53" class="Tests\Feature\Playground\Matrix\Resource\Http\Controllers\Playground\EpicRouteTest" classname="Tests.Feature.Playground.Matrix.Resource.Http.Controllers.Playground.EpicRouteTest" assertions="105" time="0.430248"/>
        <testcase name="test_json_get_create_info_as_admin_with_invalid_parameter_and_fail_validation" file="/app/vendor/gammamatrix/playground-test/src/Feature/Http/Controllers/Resource/Playground/CreateJsonTrait.php" line="73" class="Tests\Feature\Playground\Matrix\Resource\Http\Controllers\Playground\EpicRouteTest" classname="Tests.Feature.Playground.Matrix.Resource.Http.Controllers.Playground.EpicRouteTest" assertions="4" time="0.442474"/>
        <testcase name="test_guest_cannot_render_create_view" file="/app/vendor/gammamatrix/playground-test/src/Feature/Http/Controllers/Resource/Playground/CreateTrait.php" line="33" class="Tests\Feature\Playground\Matrix\Resource\Http\Controllers\Playground\EpicRouteTest" classname="Tests.Feature.Playground.Matrix.Resource.Http.Controllers.Playground.EpicRouteTest" assertions="1" time="0.413351"/>
        <testcase name="test_admin_can_render_create_view" file="/app/vendor/gammamatrix/playground-test/src/Feature/Http/Controllers/Resource/Playground/CreateTrait.php" line="47" class="Tests\Feature\Playground\Matrix\Resource\Http\Controllers\Playground\EpicRouteTest" classname="Tests.Feature.Playground.Matrix.Resource.Http.Controllers.Playground.EpicRouteTest" assertions="2" time="0.478152"/>
        <testcase name="test_admin_can_render_create_view_with_return_url" file="/app/vendor/gammamatrix/playground-test/src/Feature/Http/Controllers/Resource/Playground/CreateTrait.php" line="65" class="Tests\Feature\Playground\Matrix\Resource\Http\Controllers\Playground\EpicRouteTest" classname="Tests.Feature.Playground.Matrix.Resource.Http.Controllers.Playground.EpicRouteTest" assertions="3" time="0.448284"/>
        <testcase name="test_create_view_as_admin_with_invalid_parameter_and_fail_validation_and_redirect" file="/app/vendor/gammamatrix/playground-test/src/Feature/Http/Controllers/Resource/Playground/CreateTrait.php" line="92" class="Tests\Feature\Playground\Matrix\Resource\Http\Controllers\Playground\EpicRouteTest" classname="Tests.Feature.Playground.Matrix.Resource.Http.Controllers.Playground.EpicRouteTest" assertions="5" time="0.423985"/>
        <testcase name="test_json_guest_cannot_destroy" file="/app/vendor/gammamatrix/playground-test/src/Feature/Http/Controllers/Resource/Playground/DestroyJsonTrait.php" line="31" class="Tests\Feature\Playground\Matrix\Resource\Http\Controllers\Playground\EpicRouteTest" classname="Tests.Feature.Playground.Matrix.Resource.Http.Controllers.Playground.EpicRouteTest" assertions="3" time="0.436122"/>
        <testcase name="test_json_destroy_as_admin_and_succeed" file="/app/vendor/gammamatrix/playground-test/src/Feature/Http/Controllers/Resource/Playground/DestroyJsonTrait.php" line="61" class="Tests\Feature\Playground\Matrix\Resource\Http\Controllers\Playground\EpicRouteTest" classname="Tests.Feature.Playground.Matrix.Resource.Http.Controllers.Playground.EpicRouteTest" assertions="5" time="0.430847"/>
        <testcase name="test_json_destroy_as_admin_and_succeed_with_force_delete" file="/app/vendor/gammamatrix/playground-test/src/Feature/Http/Controllers/Resource/Playground/DestroyJsonTrait.php" line="100" class="Tests\Feature\Playground\Matrix\Resource\Http\Controllers\Playground\EpicRouteTest" classname="Tests.Feature.Playground.Matrix.Resource.Http.Controllers.Playground.EpicRouteTest" assertions="4" time="0.450799"/>
        <testcase name="test_json_destroy_as_admin_and_succeed_with_no_content" file="/app/vendor/gammamatrix/playground-test/src/Feature/Http/Controllers/Resource/Playground/DestroyJsonTrait.php" line="132" class="Tests\Feature\Playground\Matrix\Resource\Http\Controllers\Playground\EpicRouteTest" classname="Tests.Feature.Playground.Matrix.Resource.Http.Controllers.Playground.EpicRouteTest" assertions="5" time="0.425444"/>
        <testcase name="test_json_destroy_as_admin_and_succeed_and_ignore_redirect" file="/app/vendor/gammamatrix/playground-test/src/Feature/Http/Controllers/Resource/Playground/DestroyJsonTrait.php" line="167" class="Tests\Feature\Playground\Matrix\Resource\Http\Controllers\Playground\EpicRouteTest" classname="Tests.Feature.Playground.Matrix.Resource.Http.Controllers.Playground.EpicRouteTest" assertions="5" time="0.430503"/>
        <testcase name="test_json_destroy_as_user_and_get_denied_and_no_force_delete_allowed" file="/app/vendor/gammamatrix/playground-test/src/Feature/Http/Controllers/Resource/Playground/DestroyJsonTrait.php" line="209" class="Tests\Feature\Playground\Matrix\Resource\Http\Controllers\Playground\EpicRouteTest" classname="Tests.Feature.Playground.Matrix.Resource.Http.Controllers.Playground.EpicRouteTest" assertions="3" time="0.438009"/>
        <testcase name="test_guest_cannot_destroy" file="/app/vendor/gammamatrix/playground-test/src/Feature/Http/Controllers/Resource/Playground/DestroyTrait.php" line="31" class="Tests\Feature\Playground\Matrix\Resource\Http\Controllers\Playground\EpicRouteTest" classname="Tests.Feature.Playground.Matrix.Resource.Http.Controllers.Playground.EpicRouteTest" assertions="3" time="0.418277"/>
        <testcase name="test_destroy_as_admin_and_succeed" file="/app/vendor/gammamatrix/playground-test/src/Feature/Http/Controllers/Resource/Playground/DestroyTrait.php" line="61" class="Tests\Feature\Playground\Matrix\Resource\Http\Controllers\Playground\EpicRouteTest" classname="Tests.Feature.Playground.Matrix.Resource.Http.Controllers.Playground.EpicRouteTest" assertions="5" time="0.449462"/>
        <testcase name="test_destroy_as_admin_and_succeed_with_force_delete" file="/app/vendor/gammamatrix/playground-test/src/Feature/Http/Controllers/Resource/Playground/DestroyTrait.php" line="97" class="Tests\Feature\Playground\Matrix\Resource\Http\Controllers\Playground\EpicRouteTest" classname="Tests.Feature.Playground.Matrix.Resource.Http.Controllers.Playground.EpicRouteTest" assertions="4" time="0.438571"/>
        <testcase name="test_destroy_as_admin_and_succeed_with_redirect_to_index_with_trash" file="/app/vendor/gammamatrix/playground-test/src/Feature/Http/Controllers/Resource/Playground/DestroyTrait.php" line="129" class="Tests\Feature\Playground\Matrix\Resource\Http\Controllers\Playground\EpicRouteTest" classname="Tests.Feature.Playground.Matrix.Resource.Http.Controllers.Playground.EpicRouteTest" assertions="5" time="0.441645"/>
        <testcase name="test_destroy_as_user_and_get_denied_and_no_force_delete_allowed" file="/app/vendor/gammamatrix/playground-test/src/Feature/Http/Controllers/Resource/Playground/DestroyTrait.php" line="171" class="Tests\Feature\Playground\Matrix\Resource\Http\Controllers\Playground\EpicRouteTest" classname="Tests.Feature.Playground.Matrix.Resource.Http.Controllers.Playground.EpicRouteTest" assertions="3" time="0.428775"/>
        <testcase name="test_json_guest_cannot_get_edit_info" file="/app/vendor/gammamatrix/playground-test/src/Feature/Http/Controllers/Resource/Playground/EditJsonTrait.php" line="38" class="Tests\Feature\Playground\Matrix\Resource\Http\Controllers\Playground\EpicRouteTest" classname="Tests.Feature.Playground.Matrix.Resource.Http.Controllers.Playground.EpicRouteTest" assertions="1" time="0.439637"/>
        <testcase name="test_json_admin_can_get_edit_info" file="/app/vendor/gammamatrix/playground-test/src/Feature/Http/Controllers/Resource/Playground/EditJsonTrait.php" line="58" class="Tests\Feature\Playground\Matrix\Resource\Http\Controllers\Playground\EpicRouteTest" classname="Tests.Feature.Playground.Matrix.Resource.Http.Controllers.Playground.EpicRouteTest" assertions="4" time="0.463860"/>
        <testcase name="test_json_edit_as_admin_and_fail_validation_with_invalid_parameter" file="/app/vendor/gammamatrix/playground-test/src/Feature/Http/Controllers/Resource/Playground/EditJsonTrait.php" line="87" class="Tests\Feature\Playground\Matrix\Resource\Http\Controllers\Playground\EpicRouteTest" classname="Tests.Feature.Playground.Matrix.Resource.Http.Controllers.Playground.EpicRouteTest" assertions="4" time="0.439740"/>
        <testcase name="test_guest_cannot_render_edit_view" file="/app/vendor/gammamatrix/playground-test/src/Feature/Http/Controllers/Resource/Playground/EditTrait.php" line="33" class="Tests\Feature\Playground\Matrix\Resource\Http\Controllers\Playground\EpicRouteTest" classname="Tests.Feature.Playground.Matrix.Resource.Http.Controllers.Playground.EpicRouteTest" assertions="1" time="0.437701"/>
        <testcase name="test_admin_can_render_edit_view" file="/app/vendor/gammamatrix/playground-test/src/Feature/Http/Controllers/Resource/Playground/EditTrait.php" line="53" class="Tests\Feature\Playground\Matrix\Resource\Http\Controllers\Playground\EpicRouteTest" classname="Tests.Feature.Playground.Matrix.Resource.Http.Controllers.Playground.EpicRouteTest" assertions="2" time="0.456353"/>
        <testcase name="test_admin_can_render_edit_view_with_return_url" file="/app/vendor/gammamatrix/playground-test/src/Feature/Http/Controllers/Resource/Playground/EditTrait.php" line="77" class="Tests\Feature\Playground\Matrix\Resource\Http\Controllers\Playground\EpicRouteTest" classname="Tests.Feature.Playground.Matrix.Resource.Http.Controllers.Playground.EpicRouteTest" assertions="3" time="0.483686"/>
        <testcase name="test_edit_view_as_admin_with_invalid_parameter_and_fail_validation_and_redirect" file="/app/vendor/gammamatrix/playground-test/src/Feature/Http/Controllers/Resource/Playground/EditTrait.php" line="109" class="Tests\Feature\Playground\Matrix\Resource\Http\Controllers\Playground\EpicRouteTest" classname="Tests.Feature.Playground.Matrix.Resource.Http.Controllers.Playground.EpicRouteTest" assertions="4" time="0.437914"/>
        <testcase name="test_json_guest_cannot_get_index" file="/app/vendor/gammamatrix/playground-test/src/Feature/Http/Controllers/Resource/Playground/IndexJsonTrait.php" line="34" class="Tests\Feature\Playground\Matrix\Resource\Http\Controllers\Playground\EpicRouteTest" classname="Tests.Feature.Playground.Matrix.Resource.Http.Controllers.Playground.EpicRouteTest" assertions="1" time="0.534331"/>
        <testcase name="test_json_admin_can_get_index" file="/app/vendor/gammamatrix/playground-test/src/Feature/Http/Controllers/Resource/Playground/IndexJsonTrait.php" line="49" class="Tests\Feature\Playground\Matrix\Resource\Http\Controllers\Playground\EpicRouteTest" classname="Tests.Feature.Playground.Matrix.Resource.Http.Controllers.Playground.EpicRouteTest" assertions="112" time="0.448165"/>
        <testcase name="test_json_admin_can_get_index_with_filters" file="/app/vendor/gammamatrix/playground-test/src/Feature/Http/Controllers/Resource/Playground/IndexJsonTrait.php" line="85" class="Tests\Feature\Playground\Matrix\Resource\Http\Controllers\Playground\EpicRouteTest" classname="Tests.Feature.Playground.Matrix.Resource.Http.Controllers.Playground.EpicRouteTest" assertions="3" time="0.441033"/>
        <testcase name="test_guest_cannot_render_index_view" file="/app/vendor/gammamatrix/playground-test/src/Feature/Http/Controllers/Resource/Playground/IndexTrait.php" line="29" class="Tests\Feature\Playground\Matrix\Resource\Http\Controllers\Playground\EpicRouteTest" classname="Tests.Feature.Playground.Matrix.Resource.Http.Controllers.Playground.EpicRouteTest" assertions="1" time="0.432812"/>
        <testcase name="test_admin_can_render_index_view" file="/app/vendor/gammamatrix/playground-test/src/Feature/Http/Controllers/Resource/Playground/IndexTrait.php" line="44" class="Tests\Feature\Playground\Matrix\Resource\Http\Controllers\Playground\EpicRouteTest" classname="Tests.Feature.Playground.Matrix.Resource.Http.Controllers.Playground.EpicRouteTest" assertions="2" time="0.462669"/>
        <testcase name="test_admin_can_render_index_view_with_filters" file="/app/vendor/gammamatrix/playground-test/src/Feature/Http/Controllers/Resource/Playground/IndexTrait.php" line="77" class="Tests\Feature\Playground\Matrix\Resource\Http\Controllers\Playground\EpicRouteTest" classname="Tests.Feature.Playground.Matrix.Resource.Http.Controllers.Playground.EpicRouteTest" assertions="3" time="0.493271"/>
        <testcase name="test_json_guest_cannot_lock" file="/app/vendor/gammamatrix/playground-test/src/Feature/Http/Controllers/Resource/Playground/LockJsonTrait.php" line="36" class="Tests\Feature\Playground\Matrix\Resource\Http\Controllers\Playground\EpicRouteTest" classname="Tests.Feature.Playground.Matrix.Resource.Http.Controllers.Playground.EpicRouteTest" assertions="3" time="0.422221"/>
        <testcase name="test_json_lock_as_admin_and_succeed" file="/app/vendor/gammamatrix/playground-test/src/Feature/Http/Controllers/Resource/Playground/LockJsonTrait.php" line="66" class="Tests\Feature\Playground\Matrix\Resource\Http\Controllers\Playground\EpicRouteTest" classname="Tests.Feature.Playground.Matrix.Resource.Http.Controllers.Playground.EpicRouteTest" assertions="3" time="0.464918"/>
        <testcase name="test_json_lock_as_admin_and_succeed_with_no_redirect" file="/app/vendor/gammamatrix/playground-test/src/Feature/Http/Controllers/Resource/Playground/LockJsonTrait.php" line="98" class="Tests\Feature\Playground\Matrix\Resource\Http\Controllers\Playground\EpicRouteTest" classname="Tests.Feature.Playground.Matrix.Resource.Http.Controllers.Playground.EpicRouteTest" assertions="107" time="0.442999"/>
        <testcase name="test_json_lock_as_user_and_get_denied" file="/app/vendor/gammamatrix/playground-test/src/Feature/Http/Controllers/Resource/Playground/LockJsonTrait.php" line="143" class="Tests\Feature\Playground\Matrix\Resource\Http\Controllers\Playground\EpicRouteTest" classname="Tests.Feature.Playground.Matrix.Resource.Http.Controllers.Playground.EpicRouteTest" assertions="3" time="0.459710"/>
        <testcase name="test_guest_cannot_lock" file="/app/vendor/gammamatrix/playground-test/src/Feature/Http/Controllers/Resource/Playground/LockTrait.php" line="31" class="Tests\Feature\Playground\Matrix\Resource\Http\Controllers\Playground\EpicRouteTest" classname="Tests.Feature.Playground.Matrix.Resource.Http.Controllers.Playground.EpicRouteTest" assertions="3" time="0.423172"/>
        <testcase name="test_lock_as_admin_and_succeed" file="/app/vendor/gammamatrix/playground-test/src/Feature/Http/Controllers/Resource/Playground/LockTrait.php" line="61" class="Tests\Feature\Playground\Matrix\Resource\Http\Controllers\Playground\EpicRouteTest" classname="Tests.Feature.Playground.Matrix.Resource.Http.Controllers.Playground.EpicRouteTest" assertions="4" time="0.437243"/>
        <testcase name="test_lock_as_admin_and_succeed_with_redirect_to_index_with_sorted_by_locked_desc" file="/app/vendor/gammamatrix/playground-test/src/Feature/Http/Controllers/Resource/Playground/LockTrait.php" line="95" class="Tests\Feature\Playground\Matrix\Resource\Http\Controllers\Playground\EpicRouteTest" classname="Tests.Feature.Playground.Matrix.Resource.Http.Controllers.Playground.EpicRouteTest" assertions="4" time="0.457643"/>
        <testcase name="test_lock_as_user_and_get_denied" file="/app/vendor/gammamatrix/playground-test/src/Feature/Http/Controllers/Resource/Playground/LockTrait.php" line="132" class="Tests\Feature\Playground\Matrix\Resource\Http\Controllers\Playground\EpicRouteTest" classname="Tests.Feature.Playground.Matrix.Resource.Http.Controllers.Playground.EpicRouteTest" assertions="3" time="0.437023"/>
        <testcase name="test_json_guest_cannot_restore" file="/app/vendor/gammamatrix/playground-test/src/Feature/Http/Controllers/Resource/Playground/RestoreJsonTrait.php" line="32" class="Tests\Feature\Playground\Matrix\Resource\Http\Controllers\Playground\EpicRouteTest" classname="Tests.Feature.Playground.Matrix.Resource.Http.Controllers.Playground.EpicRouteTest" assertions="3" time="0.443278"/>
        <testcase name="test_json_restore_as_admin_and_succeed" file="/app/vendor/gammamatrix/playground-test/src/Feature/Http/Controllers/Resource/Playground/RestoreJsonTrait.php" line="64" class="Tests\Feature\Playground\Matrix\Resource\Http\Controllers\Playground\EpicRouteTest" classname="Tests.Feature.Playground.Matrix.Resource.Http.Controllers.Playground.EpicRouteTest" assertions="107" time="0.452207"/>
        <testcase name="test_json_restore_as_admin_and_succeed_with_no_redirect" file="/app/vendor/gammamatrix/playground-test/src/Feature/Http/Controllers/Resource/Playground/RestoreJsonTrait.php" line="100" class="Tests\Feature\Playground\Matrix\Resource\Http\Controllers\Playground\EpicRouteTest" classname="Tests.Feature.Playground.Matrix.Resource.Http.Controllers.Playground.EpicRouteTest" assertions="107" time="0.467643"/>
        <testcase name="test_json_restore_as_user_and_get_denied" file="/app/vendor/gammamatrix/playground-test/src/Feature/Http/Controllers/Resource/Playground/RestoreJsonTrait.php" line="143" class="Tests\Feature\Playground\Matrix\Resource\Http\Controllers\Playground\EpicRouteTest" classname="Tests.Feature.Playground.Matrix.Resource.Http.Controllers.Playground.EpicRouteTest" assertions="3" time="0.430267"/>
        <testcase name="test_guest_cannot_restore" file="/app/vendor/gammamatrix/playground-test/src/Feature/Http/Controllers/Resource/Playground/RestoreTrait.php" line="32" class="Tests\Feature\Playground\Matrix\Resource\Http\Controllers\Playground\EpicRouteTest" classname="Tests.Feature.Playground.Matrix.Resource.Http.Controllers.Playground.EpicRouteTest" assertions="3" time="0.421825"/>
        <testcase name="test_restore_as_admin_and_succeed" file="/app/vendor/gammamatrix/playground-test/src/Feature/Http/Controllers/Resource/Playground/RestoreTrait.php" line="64" class="Tests\Feature\Playground\Matrix\Resource\Http\Controllers\Playground\EpicRouteTest" classname="Tests.Feature.Playground.Matrix.Resource.Http.Controllers.Playground.EpicRouteTest" assertions="4" time="0.456819"/>
        <testcase name="test_restore_as_admin_and_succeed_with_redirect_to_index_with_only_trash" file="/app/vendor/gammamatrix/playground-test/src/Feature/Http/Controllers/Resource/Playground/RestoreTrait.php" line="100" class="Tests\Feature\Playground\Matrix\Resource\Http\Controllers\Playground\EpicRouteTest" classname="Tests.Feature.Playground.Matrix.Resource.Http.Controllers.Playground.EpicRouteTest" assertions="4" time="0.439969"/>
        <testcase name="test_restore_as_user_and_get_denied" file="/app/vendor/gammamatrix/playground-test/src/Feature/Http/Controllers/Resource/Playground/RestoreTrait.php" line="146" class="Tests\Feature\Playground\Matrix\Resource\Http\Controllers\Playground\EpicRouteTest" classname="Tests.Feature.Playground.Matrix.Resource.Http.Controllers.Playground.EpicRouteTest" assertions="3" time="0.458266"/>
        <testcase name="test_json_guest_cannot_see_info" file="/app/vendor/gammamatrix/playground-test/src/Feature/Http/Controllers/Resource/Playground/ShowJsonTrait.php" line="29" class="Tests\Feature\Playground\Matrix\Resource\Http\Controllers\Playground\EpicRouteTest" classname="Tests.Feature.Playground.Matrix.Resource.Http.Controllers.Playground.EpicRouteTest" assertions="1" time="0.425251"/>
        <testcase name="test_json_show_info_for_admin" file="/app/vendor/gammamatrix/playground-test/src/Feature/Http/Controllers/Resource/Playground/ShowJsonTrait.php" line="49" class="Tests\Feature\Playground\Matrix\Resource\Http\Controllers\Playground\EpicRouteTest" classname="Tests.Feature.Playground.Matrix.Resource.Http.Controllers.Playground.EpicRouteTest" assertions="106" time="0.460235"/>
        <testcase name="test_guest_cannot_render_show_view" file="/app/vendor/gammamatrix/playground-test/src/Feature/Http/Controllers/Resource/Playground/ShowTrait.php" line="29" class="Tests\Feature\Playground\Matrix\Resource\Http\Controllers\Playground\EpicRouteTest" classname="Tests.Feature.Playground.Matrix.Resource.Http.Controllers.Playground.EpicRouteTest" assertions="1" time="0.424664"/>
        <testcase name="test_show_view_rendered_by_admin" file="/app/vendor/gammamatrix/playground-test/src/Feature/Http/Controllers/Resource/Playground/ShowTrait.php" line="49" class="Tests\Feature\Playground\Matrix\Resource\Http\Controllers\Playground\EpicRouteTest" classname="Tests.Feature.Playground.Matrix.Resource.Http.Controllers.Playground.EpicRouteTest" assertions="2" time="0.447788"/>
        <testcase name="test_json_guest_cannot_store" file="/app/vendor/gammamatrix/playground-test/src/Feature/Http/Controllers/Resource/Playground/StoreJsonTrait.php" line="43" class="Tests\Feature\Playground\Matrix\Resource\Http\Controllers\Playground\EpicRouteTest" classname="Tests.Feature.Playground.Matrix.Resource.Http.Controllers.Playground.EpicRouteTest" assertions="3" time="0.462234"/>
        <testcase name="test_json_store_as_admin_without_payload_and_fail_validation" file="/app/vendor/gammamatrix/playground-test/src/Feature/Http/Controllers/Resource/Playground/StoreJsonTrait.php" line="66" class="Tests\Feature\Playground\Matrix\Resource\Http\Controllers\Playground\EpicRouteTest" classname="Tests.Feature.Playground.Matrix.Resource.Http.Controllers.Playground.EpicRouteTest" assertions="5" time="0.465247"/>
        <testcase name="test_json_store_as_admin_and_succeed" file="/app/vendor/gammamatrix/playground-test/src/Feature/Http/Controllers/Resource/Playground/StoreJsonTrait.php" line="92" class="Tests\Feature\Playground\Matrix\Resource\Http\Controllers\Playground\EpicRouteTest" classname="Tests.Feature.Playground.Matrix.Resource.Http.Controllers.Playground.EpicRouteTest" assertions="3" time="0.515814"/>
        <testcase name="test_guest_cannot_store" file="/app/vendor/gammamatrix/playground-test/src/Feature/Http/Controllers/Resource/Playground/StoreTrait.php" line="38" class="Tests\Feature\Playground\Matrix\Resource\Http\Controllers\Playground\EpicRouteTest" classname="Tests.Feature.Playground.Matrix.Resource.Http.Controllers.Playground.EpicRouteTest" assertions="3" time="0.421932"/>
        <testcase name="test_store_as_admin_without_payload_and_fail_validation" file="/app/vendor/gammamatrix/playground-test/src/Feature/Http/Controllers/Resource/Playground/StoreTrait.php" line="61" class="Tests\Feature\Playground\Matrix\Resource\Http\Controllers\Playground\EpicRouteTest" classname="Tests.Feature.Playground.Matrix.Resource.Http.Controllers.Playground.EpicRouteTest" assertions="5" time="0.453090"/>
        <testcase name="test_store_as_admin_and_succeed" file="/app/vendor/gammamatrix/playground-test/src/Feature/Http/Controllers/Resource/Playground/StoreTrait.php" line="90" class="Tests\Feature\Playground\Matrix\Resource\Http\Controllers\Playground\EpicRouteTest" classname="Tests.Feature.Playground.Matrix.Resource.Http.Controllers.Playground.EpicRouteTest" assertions="4" time="0.461777"/>
        <testcase name="test_store_as_admin_and_succeed_with_return_url" file="/app/vendor/gammamatrix/playground-test/src/Feature/Http/Controllers/Resource/Playground/StoreTrait.php" line="135" class="Tests\Feature\Playground\Matrix\Resource\Http\Controllers\Playground\EpicRouteTest" classname="Tests.Feature.Playground.Matrix.Resource.Http.Controllers.Playground.EpicRouteTest" assertions="4" time="0.499462"/>
        <testcase name="test_json_guest_cannot_unlock" file="/app/vendor/gammamatrix/playground-test/src/Feature/Http/Controllers/Resource/Playground/UnlockJsonTrait.php" line="36" class="Tests\Feature\Playground\Matrix\Resource\Http\Controllers\Playground\EpicRouteTest" classname="Tests.Feature.Playground.Matrix.Resource.Http.Controllers.Playground.EpicRouteTest" assertions="3" time="0.426330"/>
        <testcase name="test_json_unlock_as_admin_and_succeed" file="/app/vendor/gammamatrix/playground-test/src/Feature/Http/Controllers/Resource/Playground/UnlockJsonTrait.php" line="68" class="Tests\Feature\Playground\Matrix\Resource\Http\Controllers\Playground\EpicRouteTest" classname="Tests.Feature.Playground.Matrix.Resource.Http.Controllers.Playground.EpicRouteTest" assertions="107" time="0.471273"/>
        <testcase name="test_json_unlock_as_admin_and_succeed_with_no_redirect" file="/app/vendor/gammamatrix/playground-test/src/Feature/Http/Controllers/Resource/Playground/UnlockJsonTrait.php" line="104" class="Tests\Feature\Playground\Matrix\Resource\Http\Controllers\Playground\EpicRouteTest" classname="Tests.Feature.Playground.Matrix.Resource.Http.Controllers.Playground.EpicRouteTest" assertions="107" time="0.448120"/>
        <testcase name="test_json_unlock_as_user_and_get_denied" file="/app/vendor/gammamatrix/playground-test/src/Feature/Http/Controllers/Resource/Playground/UnlockJsonTrait.php" line="145" class="Tests\Feature\Playground\Matrix\Resource\Http\Controllers\Playground\EpicRouteTest" classname="Tests.Feature.Playground.Matrix.Resource.Http.Controllers.Playground.EpicRouteTest" assertions="3" time="0.435625"/>
        <testcase name="test_guest_cannot_unlock" file="/app/vendor/gammamatrix/playground-test/src/Feature/Http/Controllers/Resource/Playground/UnlockTrait.php" line="36" class="Tests\Feature\Playground\Matrix\Resource\Http\Controllers\Playground\EpicRouteTest" classname="Tests.Feature.Playground.Matrix.Resource.Http.Controllers.Playground.EpicRouteTest" assertions="3" time="0.449286"/>
        <testcase name="test_unlock_as_admin_and_succeed" file="/app/vendor/gammamatrix/playground-test/src/Feature/Http/Controllers/Resource/Playground/UnlockTrait.php" line="68" class="Tests\Feature\Playground\Matrix\Resource\Http\Controllers\Playground\EpicRouteTest" classname="Tests.Feature.Playground.Matrix.Resource.Http.Controllers.Playground.EpicRouteTest" assertions="4" time="0.450935"/>
        <testcase name="test_unlock_as_admin_and_succeed_with_redirect_to_index_with_sorted_by_unlocked_desc" file="/app/vendor/gammamatrix/playground-test/src/Feature/Http/Controllers/Resource/Playground/UnlockTrait.php" line="109" class="Tests\Feature\Playground\Matrix\Resource\Http\Controllers\Playground\EpicRouteTest" classname="Tests.Feature.Playground.Matrix.Resource.Http.Controllers.Playground.EpicRouteTest" assertions="4" time="0.468098"/>
        <testcase name="test_unlock_as_user_and_get_denied" file="/app/vendor/gammamatrix/playground-test/src/Feature/Http/Controllers/Resource/Playground/UnlockTrait.php" line="148" class="Tests\Feature\Playground\Matrix\Resource\Http\Controllers\Playground\EpicRouteTest" classname="Tests.Feature.Playground.Matrix.Resource.Http.Controllers.Playground.EpicRouteTest" assertions="3" time="0.439497"/>
        <testcase name="test_json_guest_cannot_update" file="/app/vendor/gammamatrix/playground-test/src/Feature/Http/Controllers/Resource/Playground/UpdateJsonTrait.php" line="45" class="Tests\Feature\Playground\Matrix\Resource\Http\Controllers\Playground\EpicRouteTest" classname="Tests.Feature.Playground.Matrix.Resource.Http.Controllers.Playground.EpicRouteTest" assertions="1" time="0.479203"/>
        <testcase name="test_json_update_as_admin_without_payload_and_fail_validation" file="/app/vendor/gammamatrix/playground-test/src/Feature/Http/Controllers/Resource/Playground/UpdateJsonTrait.php" line="65" class="Tests\Feature\Playground\Matrix\Resource\Http\Controllers\Playground\EpicRouteTest" classname="Tests.Feature.Playground.Matrix.Resource.Http.Controllers.Playground.EpicRouteTest" assertions="4" time="0.444115"/>
        <testcase name="test_json_admin_can_update" file="/app/vendor/gammamatrix/playground-test/src/Feature/Http/Controllers/Resource/Playground/UpdateJsonTrait.php" line="90" class="Tests\Feature\Playground\Matrix\Resource\Http\Controllers\Playground\EpicRouteTest" classname="Tests.Feature.Playground.Matrix.Resource.Http.Controllers.Playground.EpicRouteTest" assertions="109" time="0.541228"/>
        <testcase name="test_guest_cannot_update" file="/app/vendor/gammamatrix/playground-test/src/Feature/Http/Controllers/Resource/Playground/UpdateTrait.php" line="45" class="Tests\Feature\Playground\Matrix\Resource\Http\Controllers\Playground\EpicRouteTest" classname="Tests.Feature.Playground.Matrix.Resource.Http.Controllers.Playground.EpicRouteTest" assertions="1" time="0.426774"/>
        <testcase name="test_update_as_admin_without_payload_and_fail_validation" file="/app/vendor/gammamatrix/playground-test/src/Feature/Http/Controllers/Resource/Playground/UpdateTrait.php" line="65" class="Tests\Feature\Playground\Matrix\Resource\Http\Controllers\Playground\EpicRouteTest" classname="Tests.Feature.Playground.Matrix.Resource.Http.Controllers.Playground.EpicRouteTest" assertions="4" time="0.446549"/>
        <testcase name="test_admin_can_update" file="/app/vendor/gammamatrix/playground-test/src/Feature/Http/Controllers/Resource/Playground/UpdateTrait.php" line="90" class="Tests\Feature\Playground\Matrix\Resource\Http\Controllers\Playground\EpicRouteTest" classname="Tests.Feature.Playground.Matrix.Resource.Http.Controllers.Playground.EpicRouteTest" assertions="6" time="0.504387"/>
        <testcase name="test_admin_can_update_view_with_return_url" file="/app/vendor/gammamatrix/playground-test/src/Feature/Http/Controllers/Resource/Playground/UpdateTrait.php" line="133" class="Tests\Feature\Playground\Matrix\Resource\Http\Controllers\Playground\EpicRouteTest" classname="Tests.Feature.Playground.Matrix.Resource.Http.Controllers.Playground.EpicRouteTest" assertions="6" time="0.498377"/>
      </testsuite>
      <testsuite name="Tests\Feature\Playground\Matrix\Resource\Http\Controllers\Playground\FlowRouteTest" file="/app/tests/Feature/Http/Controllers/Playground/FlowRouteTest.php" tests="73" assertions="948" errors="0" failures="0" skipped="0" time="33.018471">
        <testcase name="test_json_guest_cannot_get_create_info" file="/app/vendor/gammamatrix/playground-test/src/Feature/Http/Controllers/Resource/Playground/CreateJsonTrait.php" line="38" class="Tests\Feature\Playground\Matrix\Resource\Http\Controllers\Playground\FlowRouteTest" classname="Tests.Feature.Playground.Matrix.Resource.Http.Controllers.Playground.FlowRouteTest" assertions="1" time="0.505885"/>
        <testcase name="test_json_admin_can_get_create_info" file="/app/vendor/gammamatrix/playground-test/src/Feature/Http/Controllers/Resource/Playground/CreateJsonTrait.php" line="53" class="Tests\Feature\Playground\Matrix\Resource\Http\Controllers\Playground\FlowRouteTest" classname="Tests.Feature.Playground.Matrix.Resource.Http.Controllers.Playground.FlowRouteTest" assertions="80" time="0.426496"/>
        <testcase name="test_json_get_create_info_as_admin_with_invalid_parameter_and_fail_validation" file="/app/vendor/gammamatrix/playground-test/src/Feature/Http/Controllers/Resource/Playground/CreateJsonTrait.php" line="73" class="Tests\Feature\Playground\Matrix\Resource\Http\Controllers\Playground\FlowRouteTest" classname="Tests.Feature.Playground.Matrix.Resource.Http.Controllers.Playground.FlowRouteTest" assertions="4" time="0.440800"/>
        <testcase name="test_guest_cannot_render_create_view" file="/app/vendor/gammamatrix/playground-test/src/Feature/Http/Controllers/Resource/Playground/CreateTrait.php" line="33" class="Tests\Feature\Playground\Matrix\Resource\Http\Controllers\Playground\FlowRouteTest" classname="Tests.Feature.Playground.Matrix.Resource.Http.Controllers.Playground.FlowRouteTest" assertions="1" time="0.413561"/>
        <testcase name="test_admin_can_render_create_view" file="/app/vendor/gammamatrix/playground-test/src/Feature/Http/Controllers/Resource/Playground/CreateTrait.php" line="47" class="Tests\Feature\Playground\Matrix\Resource\Http\Controllers\Playground\FlowRouteTest" classname="Tests.Feature.Playground.Matrix.Resource.Http.Controllers.Playground.FlowRouteTest" assertions="2" time="0.485727"/>
        <testcase name="test_admin_can_render_create_view_with_return_url" file="/app/vendor/gammamatrix/playground-test/src/Feature/Http/Controllers/Resource/Playground/CreateTrait.php" line="65" class="Tests\Feature\Playground\Matrix\Resource\Http\Controllers\Playground\FlowRouteTest" classname="Tests.Feature.Playground.Matrix.Resource.Http.Controllers.Playground.FlowRouteTest" assertions="3" time="0.442790"/>
        <testcase name="test_create_view_as_admin_with_invalid_parameter_and_fail_validation_and_redirect" file="/app/vendor/gammamatrix/playground-test/src/Feature/Http/Controllers/Resource/Playground/CreateTrait.php" line="92" class="Tests\Feature\Playground\Matrix\Resource\Http\Controllers\Playground\FlowRouteTest" classname="Tests.Feature.Playground.Matrix.Resource.Http.Controllers.Playground.FlowRouteTest" assertions="5" time="0.417625"/>
        <testcase name="test_json_guest_cannot_destroy" file="/app/vendor/gammamatrix/playground-test/src/Feature/Http/Controllers/Resource/Playground/DestroyJsonTrait.php" line="31" class="Tests\Feature\Playground\Matrix\Resource\Http\Controllers\Playground\FlowRouteTest" classname="Tests.Feature.Playground.Matrix.Resource.Http.Controllers.Playground.FlowRouteTest" assertions="3" time="0.441764"/>
        <testcase name="test_json_destroy_as_admin_and_succeed" file="/app/vendor/gammamatrix/playground-test/src/Feature/Http/Controllers/Resource/Playground/DestroyJsonTrait.php" line="61" class="Tests\Feature\Playground\Matrix\Resource\Http\Controllers\Playground\FlowRouteTest" classname="Tests.Feature.Playground.Matrix.Resource.Http.Controllers.Playground.FlowRouteTest" assertions="5" time="0.424327"/>
        <testcase name="test_json_destroy_as_admin_and_succeed_with_force_delete" file="/app/vendor/gammamatrix/playground-test/src/Feature/Http/Controllers/Resource/Playground/DestroyJsonTrait.php" line="100" class="Tests\Feature\Playground\Matrix\Resource\Http\Controllers\Playground\FlowRouteTest" classname="Tests.Feature.Playground.Matrix.Resource.Http.Controllers.Playground.FlowRouteTest" assertions="4" time="0.452220"/>
        <testcase name="test_json_destroy_as_admin_and_succeed_with_no_content" file="/app/vendor/gammamatrix/playground-test/src/Feature/Http/Controllers/Resource/Playground/DestroyJsonTrait.php" line="132" class="Tests\Feature\Playground\Matrix\Resource\Http\Controllers\Playground\FlowRouteTest" classname="Tests.Feature.Playground.Matrix.Resource.Http.Controllers.Playground.FlowRouteTest" assertions="5" time="0.425250"/>
        <testcase name="test_json_destroy_as_admin_and_succeed_and_ignore_redirect" file="/app/vendor/gammamatrix/playground-test/src/Feature/Http/Controllers/Resource/Playground/DestroyJsonTrait.php" line="167" class="Tests\Feature\Playground\Matrix\Resource\Http\Controllers\Playground\FlowRouteTest" classname="Tests.Feature.Playground.Matrix.Resource.Http.Controllers.Playground.FlowRouteTest" assertions="5" time="0.457958"/>
        <testcase name="test_json_destroy_as_user_and_get_denied_and_no_force_delete_allowed" file="/app/vendor/gammamatrix/playground-test/src/Feature/Http/Controllers/Resource/Playground/DestroyJsonTrait.php" line="209" class="Tests\Feature\Playground\Matrix\Resource\Http\Controllers\Playground\FlowRouteTest" classname="Tests.Feature.Playground.Matrix.Resource.Http.Controllers.Playground.FlowRouteTest" assertions="3" time="0.429891"/>
        <testcase name="test_guest_cannot_destroy" file="/app/vendor/gammamatrix/playground-test/src/Feature/Http/Controllers/Resource/Playground/DestroyTrait.php" line="31" class="Tests\Feature\Playground\Matrix\Resource\Http\Controllers\Playground\FlowRouteTest" classname="Tests.Feature.Playground.Matrix.Resource.Http.Controllers.Playground.FlowRouteTest" assertions="3" time="0.419953"/>
        <testcase name="test_destroy_as_admin_and_succeed" file="/app/vendor/gammamatrix/playground-test/src/Feature/Http/Controllers/Resource/Playground/DestroyTrait.php" line="61" class="Tests\Feature\Playground\Matrix\Resource\Http\Controllers\Playground\FlowRouteTest" classname="Tests.Feature.Playground.Matrix.Resource.Http.Controllers.Playground.FlowRouteTest" assertions="5" time="0.457218"/>
        <testcase name="test_destroy_as_admin_and_succeed_with_force_delete" file="/app/vendor/gammamatrix/playground-test/src/Feature/Http/Controllers/Resource/Playground/DestroyTrait.php" line="97" class="Tests\Feature\Playground\Matrix\Resource\Http\Controllers\Playground\FlowRouteTest" classname="Tests.Feature.Playground.Matrix.Resource.Http.Controllers.Playground.FlowRouteTest" assertions="4" time="0.429023"/>
        <testcase name="test_destroy_as_admin_and_succeed_with_redirect_to_index_with_trash" file="/app/vendor/gammamatrix/playground-test/src/Feature/Http/Controllers/Resource/Playground/DestroyTrait.php" line="129" class="Tests\Feature\Playground\Matrix\Resource\Http\Controllers\Playground\FlowRouteTest" classname="Tests.Feature.Playground.Matrix.Resource.Http.Controllers.Playground.FlowRouteTest" assertions="5" time="0.454993"/>
        <testcase name="test_destroy_as_user_and_get_denied_and_no_force_delete_allowed" file="/app/vendor/gammamatrix/playground-test/src/Feature/Http/Controllers/Resource/Playground/DestroyTrait.php" line="171" class="Tests\Feature\Playground\Matrix\Resource\Http\Controllers\Playground\FlowRouteTest" classname="Tests.Feature.Playground.Matrix.Resource.Http.Controllers.Playground.FlowRouteTest" assertions="3" time="0.422317"/>
        <testcase name="test_json_guest_cannot_get_edit_info" file="/app/vendor/gammamatrix/playground-test/src/Feature/Http/Controllers/Resource/Playground/EditJsonTrait.php" line="38" class="Tests\Feature\Playground\Matrix\Resource\Http\Controllers\Playground\FlowRouteTest" classname="Tests.Feature.Playground.Matrix.Resource.Http.Controllers.Playground.FlowRouteTest" assertions="1" time="0.461048"/>
        <testcase name="test_json_admin_can_get_edit_info" file="/app/vendor/gammamatrix/playground-test/src/Feature/Http/Controllers/Resource/Playground/EditJsonTrait.php" line="58" class="Tests\Feature\Playground\Matrix\Resource\Http\Controllers\Playground\FlowRouteTest" classname="Tests.Feature.Playground.Matrix.Resource.Http.Controllers.Playground.FlowRouteTest" assertions="4" time="0.460666"/>
        <testcase name="test_json_edit_as_admin_and_fail_validation_with_invalid_parameter" file="/app/vendor/gammamatrix/playground-test/src/Feature/Http/Controllers/Resource/Playground/EditJsonTrait.php" line="87" class="Tests\Feature\Playground\Matrix\Resource\Http\Controllers\Playground\FlowRouteTest" classname="Tests.Feature.Playground.Matrix.Resource.Http.Controllers.Playground.FlowRouteTest" assertions="4" time="0.447928"/>
        <testcase name="test_guest_cannot_render_edit_view" file="/app/vendor/gammamatrix/playground-test/src/Feature/Http/Controllers/Resource/Playground/EditTrait.php" line="33" class="Tests\Feature\Playground\Matrix\Resource\Http\Controllers\Playground\FlowRouteTest" classname="Tests.Feature.Playground.Matrix.Resource.Http.Controllers.Playground.FlowRouteTest" assertions="1" time="0.440187"/>
        <testcase name="test_admin_can_render_edit_view" file="/app/vendor/gammamatrix/playground-test/src/Feature/Http/Controllers/Resource/Playground/EditTrait.php" line="53" class="Tests\Feature\Playground\Matrix\Resource\Http\Controllers\Playground\FlowRouteTest" classname="Tests.Feature.Playground.Matrix.Resource.Http.Controllers.Playground.FlowRouteTest" assertions="2" time="0.455603"/>
        <testcase name="test_admin_can_render_edit_view_with_return_url" file="/app/vendor/gammamatrix/playground-test/src/Feature/Http/Controllers/Resource/Playground/EditTrait.php" line="77" class="Tests\Feature\Playground\Matrix\Resource\Http\Controllers\Playground\FlowRouteTest" classname="Tests.Feature.Playground.Matrix.Resource.Http.Controllers.Playground.FlowRouteTest" assertions="3" time="0.483825"/>
        <testcase name="test_edit_view_as_admin_with_invalid_parameter_and_fail_validation_and_redirect" file="/app/vendor/gammamatrix/playground-test/src/Feature/Http/Controllers/Resource/Playground/EditTrait.php" line="109" class="Tests\Feature\Playground\Matrix\Resource\Http\Controllers\Playground\FlowRouteTest" classname="Tests.Feature.Playground.Matrix.Resource.Http.Controllers.Playground.FlowRouteTest" assertions="4" time="0.431366"/>
        <testcase name="test_json_guest_cannot_get_index" file="/app/vendor/gammamatrix/playground-test/src/Feature/Http/Controllers/Resource/Playground/IndexJsonTrait.php" line="34" class="Tests\Feature\Playground\Matrix\Resource\Http\Controllers\Playground\FlowRouteTest" classname="Tests.Feature.Playground.Matrix.Resource.Http.Controllers.Playground.FlowRouteTest" assertions="1" time="0.502914"/>
        <testcase name="test_json_admin_can_get_index" file="/app/vendor/gammamatrix/playground-test/src/Feature/Http/Controllers/Resource/Playground/IndexJsonTrait.php" line="49" class="Tests\Feature\Playground\Matrix\Resource\Http\Controllers\Playground\FlowRouteTest" classname="Tests.Feature.Playground.Matrix.Resource.Http.Controllers.Playground.FlowRouteTest" assertions="87" time="0.441440"/>
        <testcase name="test_json_admin_can_get_index_with_filters" file="/app/vendor/gammamatrix/playground-test/src/Feature/Http/Controllers/Resource/Playground/IndexJsonTrait.php" line="85" class="Tests\Feature\Playground\Matrix\Resource\Http\Controllers\Playground\FlowRouteTest" classname="Tests.Feature.Playground.Matrix.Resource.Http.Controllers.Playground.FlowRouteTest" assertions="3" time="0.469040"/>
        <testcase name="test_guest_cannot_render_index_view" file="/app/vendor/gammamatrix/playground-test/src/Feature/Http/Controllers/Resource/Playground/IndexTrait.php" line="29" class="Tests\Feature\Playground\Matrix\Resource\Http\Controllers\Playground\FlowRouteTest" classname="Tests.Feature.Playground.Matrix.Resource.Http.Controllers.Playground.FlowRouteTest" assertions="1" time="0.417223"/>
        <testcase name="test_admin_can_render_index_view" file="/app/vendor/gammamatrix/playground-test/src/Feature/Http/Controllers/Resource/Playground/IndexTrait.php" line="44" class="Tests\Feature\Playground\Matrix\Resource\Http\Controllers\Playground\FlowRouteTest" classname="Tests.Feature.Playground.Matrix.Resource.Http.Controllers.Playground.FlowRouteTest" assertions="2" time="0.463303"/>
        <testcase name="test_admin_can_render_index_view_with_filters" file="/app/vendor/gammamatrix/playground-test/src/Feature/Http/Controllers/Resource/Playground/IndexTrait.php" line="77" class="Tests\Feature\Playground\Matrix\Resource\Http\Controllers\Playground\FlowRouteTest" classname="Tests.Feature.Playground.Matrix.Resource.Http.Controllers.Playground.FlowRouteTest" assertions="3" time="0.506369"/>
        <testcase name="test_json_guest_cannot_lock" file="/app/vendor/gammamatrix/playground-test/src/Feature/Http/Controllers/Resource/Playground/LockJsonTrait.php" line="36" class="Tests\Feature\Playground\Matrix\Resource\Http\Controllers\Playground\FlowRouteTest" classname="Tests.Feature.Playground.Matrix.Resource.Http.Controllers.Playground.FlowRouteTest" assertions="3" time="0.424537"/>
        <testcase name="test_json_lock_as_admin_and_succeed" file="/app/vendor/gammamatrix/playground-test/src/Feature/Http/Controllers/Resource/Playground/LockJsonTrait.php" line="66" class="Tests\Feature\Playground\Matrix\Resource\Http\Controllers\Playground\FlowRouteTest" classname="Tests.Feature.Playground.Matrix.Resource.Http.Controllers.Playground.FlowRouteTest" assertions="3" time="0.463050"/>
        <testcase name="test_json_lock_as_admin_and_succeed_with_no_redirect" file="/app/vendor/gammamatrix/playground-test/src/Feature/Http/Controllers/Resource/Playground/LockJsonTrait.php" line="98" class="Tests\Feature\Playground\Matrix\Resource\Http\Controllers\Playground\FlowRouteTest" classname="Tests.Feature.Playground.Matrix.Resource.Http.Controllers.Playground.FlowRouteTest" assertions="82" time="0.440215"/>
        <testcase name="test_json_lock_as_user_and_get_denied" file="/app/vendor/gammamatrix/playground-test/src/Feature/Http/Controllers/Resource/Playground/LockJsonTrait.php" line="143" class="Tests\Feature\Playground\Matrix\Resource\Http\Controllers\Playground\FlowRouteTest" classname="Tests.Feature.Playground.Matrix.Resource.Http.Controllers.Playground.FlowRouteTest" assertions="3" time="0.457097"/>
        <testcase name="test_guest_cannot_lock" file="/app/vendor/gammamatrix/playground-test/src/Feature/Http/Controllers/Resource/Playground/LockTrait.php" line="31" class="Tests\Feature\Playground\Matrix\Resource\Http\Controllers\Playground\FlowRouteTest" classname="Tests.Feature.Playground.Matrix.Resource.Http.Controllers.Playground.FlowRouteTest" assertions="3" time="0.428935"/>
        <testcase name="test_lock_as_admin_and_succeed" file="/app/vendor/gammamatrix/playground-test/src/Feature/Http/Controllers/Resource/Playground/LockTrait.php" line="61" class="Tests\Feature\Playground\Matrix\Resource\Http\Controllers\Playground\FlowRouteTest" classname="Tests.Feature.Playground.Matrix.Resource.Http.Controllers.Playground.FlowRouteTest" assertions="4" time="0.432047"/>
        <testcase name="test_lock_as_admin_and_succeed_with_redirect_to_index_with_sorted_by_locked_desc" file="/app/vendor/gammamatrix/playground-test/src/Feature/Http/Controllers/Resource/Playground/LockTrait.php" line="95" class="Tests\Feature\Playground\Matrix\Resource\Http\Controllers\Playground\FlowRouteTest" classname="Tests.Feature.Playground.Matrix.Resource.Http.Controllers.Playground.FlowRouteTest" assertions="4" time="0.455447"/>
        <testcase name="test_lock_as_user_and_get_denied" file="/app/vendor/gammamatrix/playground-test/src/Feature/Http/Controllers/Resource/Playground/LockTrait.php" line="132" class="Tests\Feature\Playground\Matrix\Resource\Http\Controllers\Playground\FlowRouteTest" classname="Tests.Feature.Playground.Matrix.Resource.Http.Controllers.Playground.FlowRouteTest" assertions="3" time="0.430113"/>
        <testcase name="test_json_guest_cannot_restore" file="/app/vendor/gammamatrix/playground-test/src/Feature/Http/Controllers/Resource/Playground/RestoreJsonTrait.php" line="32" class="Tests\Feature\Playground\Matrix\Resource\Http\Controllers\Playground\FlowRouteTest" classname="Tests.Feature.Playground.Matrix.Resource.Http.Controllers.Playground.FlowRouteTest" assertions="3" time="0.463131"/>
        <testcase name="test_json_restore_as_admin_and_succeed" file="/app/vendor/gammamatrix/playground-test/src/Feature/Http/Controllers/Resource/Playground/RestoreJsonTrait.php" line="64" class="Tests\Feature\Playground\Matrix\Resource\Http\Controllers\Playground\FlowRouteTest" classname="Tests.Feature.Playground.Matrix.Resource.Http.Controllers.Playground.FlowRouteTest" assertions="82" time="0.438531"/>
        <testcase name="test_json_restore_as_admin_and_succeed_with_no_redirect" file="/app/vendor/gammamatrix/playground-test/src/Feature/Http/Controllers/Resource/Playground/RestoreJsonTrait.php" line="100" class="Tests\Feature\Playground\Matrix\Resource\Http\Controllers\Playground\FlowRouteTest" classname="Tests.Feature.Playground.Matrix.Resource.Http.Controllers.Playground.FlowRouteTest" assertions="82" time="0.482753"/>
        <testcase name="test_json_restore_as_user_and_get_denied" file="/app/vendor/gammamatrix/playground-test/src/Feature/Http/Controllers/Resource/Playground/RestoreJsonTrait.php" line="143" class="Tests\Feature\Playground\Matrix\Resource\Http\Controllers\Playground\FlowRouteTest" classname="Tests.Feature.Playground.Matrix.Resource.Http.Controllers.Playground.FlowRouteTest" assertions="3" time="0.432829"/>
        <testcase name="test_guest_cannot_restore" file="/app/vendor/gammamatrix/playground-test/src/Feature/Http/Controllers/Resource/Playground/RestoreTrait.php" line="32" class="Tests\Feature\Playground\Matrix\Resource\Http\Controllers\Playground\FlowRouteTest" classname="Tests.Feature.Playground.Matrix.Resource.Http.Controllers.Playground.FlowRouteTest" assertions="3" time="0.425844"/>
        <testcase name="test_restore_as_admin_and_succeed" file="/app/vendor/gammamatrix/playground-test/src/Feature/Http/Controllers/Resource/Playground/RestoreTrait.php" line="64" class="Tests\Feature\Playground\Matrix\Resource\Http\Controllers\Playground\FlowRouteTest" classname="Tests.Feature.Playground.Matrix.Resource.Http.Controllers.Playground.FlowRouteTest" assertions="4" time="0.467010"/>
        <testcase name="test_restore_as_admin_and_succeed_with_redirect_to_index_with_only_trash" file="/app/vendor/gammamatrix/playground-test/src/Feature/Http/Controllers/Resource/Playground/RestoreTrait.php" line="100" class="Tests\Feature\Playground\Matrix\Resource\Http\Controllers\Playground\FlowRouteTest" classname="Tests.Feature.Playground.Matrix.Resource.Http.Controllers.Playground.FlowRouteTest" assertions="4" time="0.437439"/>
        <testcase name="test_restore_as_user_and_get_denied" file="/app/vendor/gammamatrix/playground-test/src/Feature/Http/Controllers/Resource/Playground/RestoreTrait.php" line="146" class="Tests\Feature\Playground\Matrix\Resource\Http\Controllers\Playground\FlowRouteTest" classname="Tests.Feature.Playground.Matrix.Resource.Http.Controllers.Playground.FlowRouteTest" assertions="3" time="0.462383"/>
        <testcase name="test_json_guest_cannot_see_info" file="/app/vendor/gammamatrix/playground-test/src/Feature/Http/Controllers/Resource/Playground/ShowJsonTrait.php" line="29" class="Tests\Feature\Playground\Matrix\Resource\Http\Controllers\Playground\FlowRouteTest" classname="Tests.Feature.Playground.Matrix.Resource.Http.Controllers.Playground.FlowRouteTest" assertions="1" time="0.439267"/>
        <testcase name="test_json_show_info_for_admin" file="/app/vendor/gammamatrix/playground-test/src/Feature/Http/Controllers/Resource/Playground/ShowJsonTrait.php" line="49" class="Tests\Feature\Playground\Matrix\Resource\Http\Controllers\Playground\FlowRouteTest" classname="Tests.Feature.Playground.Matrix.Resource.Http.Controllers.Playground.FlowRouteTest" assertions="81" time="0.461038"/>
        <testcase name="test_guest_cannot_render_show_view" file="/app/vendor/gammamatrix/playground-test/src/Feature/Http/Controllers/Resource/Playground/ShowTrait.php" line="29" class="Tests\Feature\Playground\Matrix\Resource\Http\Controllers\Playground\FlowRouteTest" classname="Tests.Feature.Playground.Matrix.Resource.Http.Controllers.Playground.FlowRouteTest" assertions="1" time="0.424750"/>
        <testcase name="test_show_view_rendered_by_admin" file="/app/vendor/gammamatrix/playground-test/src/Feature/Http/Controllers/Resource/Playground/ShowTrait.php" line="49" class="Tests\Feature\Playground\Matrix\Resource\Http\Controllers\Playground\FlowRouteTest" classname="Tests.Feature.Playground.Matrix.Resource.Http.Controllers.Playground.FlowRouteTest" assertions="2" time="0.442892"/>
        <testcase name="test_json_guest_cannot_store" file="/app/vendor/gammamatrix/playground-test/src/Feature/Http/Controllers/Resource/Playground/StoreJsonTrait.php" line="43" class="Tests\Feature\Playground\Matrix\Resource\Http\Controllers\Playground\FlowRouteTest" classname="Tests.Feature.Playground.Matrix.Resource.Http.Controllers.Playground.FlowRouteTest" assertions="3" time="0.478249"/>
        <testcase name="test_json_store_as_admin_without_payload_and_fail_validation" file="/app/vendor/gammamatrix/playground-test/src/Feature/Http/Controllers/Resource/Playground/StoreJsonTrait.php" line="66" class="Tests\Feature\Playground\Matrix\Resource\Http\Controllers\Playground\FlowRouteTest" classname="Tests.Feature.Playground.Matrix.Resource.Http.Controllers.Playground.FlowRouteTest" assertions="5" time="0.429104"/>
        <testcase name="test_json_store_as_admin_and_succeed" file="/app/vendor/gammamatrix/playground-test/src/Feature/Http/Controllers/Resource/Playground/StoreJsonTrait.php" line="92" class="Tests\Feature\Playground\Matrix\Resource\Http\Controllers\Playground\FlowRouteTest" classname="Tests.Feature.Playground.Matrix.Resource.Http.Controllers.Playground.FlowRouteTest" assertions="3" time="0.489503"/>
        <testcase name="test_guest_cannot_store" file="/app/vendor/gammamatrix/playground-test/src/Feature/Http/Controllers/Resource/Playground/StoreTrait.php" line="38" class="Tests\Feature\Playground\Matrix\Resource\Http\Controllers\Playground\FlowRouteTest" classname="Tests.Feature.Playground.Matrix.Resource.Http.Controllers.Playground.FlowRouteTest" assertions="3" time="0.418154"/>
        <testcase name="test_store_as_admin_without_payload_and_fail_validation" file="/app/vendor/gammamatrix/playground-test/src/Feature/Http/Controllers/Resource/Playground/StoreTrait.php" line="61" class="Tests\Feature\Playground\Matrix\Resource\Http\Controllers\Playground\FlowRouteTest" classname="Tests.Feature.Playground.Matrix.Resource.Http.Controllers.Playground.FlowRouteTest" assertions="5" time="0.468369"/>
        <testcase name="test_store_as_admin_and_succeed" file="/app/vendor/gammamatrix/playground-test/src/Feature/Http/Controllers/Resource/Playground/StoreTrait.php" line="90" class="Tests\Feature\Playground\Matrix\Resource\Http\Controllers\Playground\FlowRouteTest" classname="Tests.Feature.Playground.Matrix.Resource.Http.Controllers.Playground.FlowRouteTest" assertions="4" time="0.466173"/>
        <testcase name="test_store_as_admin_and_succeed_with_return_url" file="/app/vendor/gammamatrix/playground-test/src/Feature/Http/Controllers/Resource/Playground/StoreTrait.php" line="135" class="Tests\Feature\Playground\Matrix\Resource\Http\Controllers\Playground\FlowRouteTest" classname="Tests.Feature.Playground.Matrix.Resource.Http.Controllers.Playground.FlowRouteTest" assertions="4" time="0.497792"/>
        <testcase name="test_json_guest_cannot_unlock" file="/app/vendor/gammamatrix/playground-test/src/Feature/Http/Controllers/Resource/Playground/UnlockJsonTrait.php" line="36" class="Tests\Feature\Playground\Matrix\Resource\Http\Controllers\Playground\FlowRouteTest" classname="Tests.Feature.Playground.Matrix.Resource.Http.Controllers.Playground.FlowRouteTest" assertions="3" time="0.430182"/>
        <testcase name="test_json_unlock_as_admin_and_succeed" file="/app/vendor/gammamatrix/playground-test/src/Feature/Http/Controllers/Resource/Playground/UnlockJsonTrait.php" line="68" class="Tests\Feature\Playground\Matrix\Resource\Http\Controllers\Playground\FlowRouteTest" classname="Tests.Feature.Playground.Matrix.Resource.Http.Controllers.Playground.FlowRouteTest" assertions="82" time="0.444948"/>
        <testcase name="test_json_unlock_as_admin_and_succeed_with_no_redirect" file="/app/vendor/gammamatrix/playground-test/src/Feature/Http/Controllers/Resource/Playground/UnlockJsonTrait.php" line="104" class="Tests\Feature\Playground\Matrix\Resource\Http\Controllers\Playground\FlowRouteTest" classname="Tests.Feature.Playground.Matrix.Resource.Http.Controllers.Playground.FlowRouteTest" assertions="82" time="0.475955"/>
        <testcase name="test_json_unlock_as_user_and_get_denied" file="/app/vendor/gammamatrix/playground-test/src/Feature/Http/Controllers/Resource/Playground/UnlockJsonTrait.php" line="145" class="Tests\Feature\Playground\Matrix\Resource\Http\Controllers\Playground\FlowRouteTest" classname="Tests.Feature.Playground.Matrix.Resource.Http.Controllers.Playground.FlowRouteTest" assertions="3" time="0.437943"/>
        <testcase name="test_guest_cannot_unlock" file="/app/vendor/gammamatrix/playground-test/src/Feature/Http/Controllers/Resource/Playground/UnlockTrait.php" line="36" class="Tests\Feature\Playground\Matrix\Resource\Http\Controllers\Playground\FlowRouteTest" classname="Tests.Feature.Playground.Matrix.Resource.Http.Controllers.Playground.FlowRouteTest" assertions="3" time="0.471791"/>
        <testcase name="test_unlock_as_admin_and_succeed" file="/app/vendor/gammamatrix/playground-test/src/Feature/Http/Controllers/Resource/Playground/UnlockTrait.php" line="68" class="Tests\Feature\Playground\Matrix\Resource\Http\Controllers\Playground\FlowRouteTest" classname="Tests.Feature.Playground.Matrix.Resource.Http.Controllers.Playground.FlowRouteTest" assertions="4" time="0.450506"/>
        <testcase name="test_unlock_as_admin_and_succeed_with_redirect_to_index_with_sorted_by_unlocked_desc" file="/app/vendor/gammamatrix/playground-test/src/Feature/Http/Controllers/Resource/Playground/UnlockTrait.php" line="109" class="Tests\Feature\Playground\Matrix\Resource\Http\Controllers\Playground\FlowRouteTest" classname="Tests.Feature.Playground.Matrix.Resource.Http.Controllers.Playground.FlowRouteTest" assertions="4" time="0.473889"/>
        <testcase name="test_unlock_as_user_and_get_denied" file="/app/vendor/gammamatrix/playground-test/src/Feature/Http/Controllers/Resource/Playground/UnlockTrait.php" line="148" class="Tests\Feature\Playground\Matrix\Resource\Http\Controllers\Playground\FlowRouteTest" classname="Tests.Feature.Playground.Matrix.Resource.Http.Controllers.Playground.FlowRouteTest" assertions="3" time="0.440640"/>
        <testcase name="test_json_guest_cannot_update" file="/app/vendor/gammamatrix/playground-test/src/Feature/Http/Controllers/Resource/Playground/UpdateJsonTrait.php" line="45" class="Tests\Feature\Playground\Matrix\Resource\Http\Controllers\Playground\FlowRouteTest" classname="Tests.Feature.Playground.Matrix.Resource.Http.Controllers.Playground.FlowRouteTest" assertions="1" time="0.482383"/>
        <testcase name="test_json_update_as_admin_without_payload_and_fail_validation" file="/app/vendor/gammamatrix/playground-test/src/Feature/Http/Controllers/Resource/Playground/UpdateJsonTrait.php" line="65" class="Tests\Feature\Playground\Matrix\Resource\Http\Controllers\Playground\FlowRouteTest" classname="Tests.Feature.Playground.Matrix.Resource.Http.Controllers.Playground.FlowRouteTest" assertions="4" time="0.444996"/>
        <testcase name="test_json_admin_can_update" file="/app/vendor/gammamatrix/playground-test/src/Feature/Http/Controllers/Resource/Playground/UpdateJsonTrait.php" line="90" class="Tests\Feature\Playground\Matrix\Resource\Http\Controllers\Playground\FlowRouteTest" classname="Tests.Feature.Playground.Matrix.Resource.Http.Controllers.Playground.FlowRouteTest" assertions="84" time="0.491771"/>
        <testcase name="test_guest_cannot_update" file="/app/vendor/gammamatrix/playground-test/src/Feature/Http/Controllers/Resource/Playground/UpdateTrait.php" line="45" class="Tests\Feature\Playground\Matrix\Resource\Http\Controllers\Playground\FlowRouteTest" classname="Tests.Feature.Playground.Matrix.Resource.Http.Controllers.Playground.FlowRouteTest" assertions="1" time="0.456399"/>
        <testcase name="test_update_as_admin_without_payload_and_fail_validation" file="/app/vendor/gammamatrix/playground-test/src/Feature/Http/Controllers/Resource/Playground/UpdateTrait.php" line="65" class="Tests\Feature\Playground\Matrix\Resource\Http\Controllers\Playground\FlowRouteTest" classname="Tests.Feature.Playground.Matrix.Resource.Http.Controllers.Playground.FlowRouteTest" assertions="4" time="0.443808"/>
        <testcase name="test_admin_can_update" file="/app/vendor/gammamatrix/playground-test/src/Feature/Http/Controllers/Resource/Playground/UpdateTrait.php" line="90" class="Tests\Feature\Playground\Matrix\Resource\Http\Controllers\Playground\FlowRouteTest" classname="Tests.Feature.Playground.Matrix.Resource.Http.Controllers.Playground.FlowRouteTest" assertions="6" time="0.511504"/>
        <testcase name="test_admin_can_update_view_with_return_url" file="/app/vendor/gammamatrix/playground-test/src/Feature/Http/Controllers/Resource/Playground/UpdateTrait.php" line="133" class="Tests\Feature\Playground\Matrix\Resource\Http\Controllers\Playground\FlowRouteTest" classname="Tests.Feature.Playground.Matrix.Resource.Http.Controllers.Playground.FlowRouteTest" assertions="6" time="0.476391"/>
      </testsuite>
      <testsuite name="Tests\Feature\Playground\Matrix\Resource\Http\Controllers\Playground\IndexRouteTest" file="/app/tests/Feature/Http/Controllers/Playground/IndexRouteTest.php" tests="2" assertions="3" errors="0" failures="0" skipped="0" time="0.869625">
        <testcase name="test_guest_cannot_render_index_view" file="/app/tests/Feature/Http/Controllers/Playground/IndexRouteTest.php" line="23" class="Tests\Feature\Playground\Matrix\Resource\Http\Controllers\Playground\IndexRouteTest" classname="Tests.Feature.Playground.Matrix.Resource.Http.Controllers.Playground.IndexRouteTest" assertions="1" time="0.442085"/>
        <testcase name="test_admin_can_render_index_view" file="/app/tests/Feature/Http/Controllers/Playground/IndexRouteTest.php" line="32" class="Tests\Feature\Playground\Matrix\Resource\Http\Controllers\Playground\IndexRouteTest" classname="Tests.Feature.Playground.Matrix.Resource.Http.Controllers.Playground.IndexRouteTest" assertions="2" time="0.427540"/>
      </testsuite>
      <testsuite name="Tests\Feature\Playground\Matrix\Resource\Http\Controllers\Playground\MilestoneRouteTest" file="/app/tests/Feature/Http/Controllers/Playground/MilestoneRouteTest.php" tests="73" assertions="1155" errors="0" failures="0" skipped="0" time="33.610149">
        <testcase name="test_json_guest_cannot_get_create_info" file="/app/vendor/gammamatrix/playground-test/src/Feature/Http/Controllers/Resource/Playground/CreateJsonTrait.php" line="38" class="Tests\Feature\Playground\Matrix\Resource\Http\Controllers\Playground\MilestoneRouteTest" classname="Tests.Feature.Playground.Matrix.Resource.Http.Controllers.Playground.MilestoneRouteTest" assertions="1" time="0.511242"/>
        <testcase name="test_json_admin_can_get_create_info" file="/app/vendor/gammamatrix/playground-test/src/Feature/Http/Controllers/Resource/Playground/CreateJsonTrait.php" line="53" class="Tests\Feature\Playground\Matrix\Resource\Http\Controllers\Playground\MilestoneRouteTest" classname="Tests.Feature.Playground.Matrix.Resource.Http.Controllers.Playground.MilestoneRouteTest" assertions="103" time="0.432185"/>
        <testcase name="test_json_get_create_info_as_admin_with_invalid_parameter_and_fail_validation" file="/app/vendor/gammamatrix/playground-test/src/Feature/Http/Controllers/Resource/Playground/CreateJsonTrait.php" line="73" class="Tests\Feature\Playground\Matrix\Resource\Http\Controllers\Playground\MilestoneRouteTest" classname="Tests.Feature.Playground.Matrix.Resource.Http.Controllers.Playground.MilestoneRouteTest" assertions="4" time="0.420484"/>
        <testcase name="test_guest_cannot_render_create_view" file="/app/vendor/gammamatrix/playground-test/src/Feature/Http/Controllers/Resource/Playground/CreateTrait.php" line="33" class="Tests\Feature\Playground\Matrix\Resource\Http\Controllers\Playground\MilestoneRouteTest" classname="Tests.Feature.Playground.Matrix.Resource.Http.Controllers.Playground.MilestoneRouteTest" assertions="1" time="0.434332"/>
        <testcase name="test_admin_can_render_create_view" file="/app/vendor/gammamatrix/playground-test/src/Feature/Http/Controllers/Resource/Playground/CreateTrait.php" line="47" class="Tests\Feature\Playground\Matrix\Resource\Http\Controllers\Playground\MilestoneRouteTest" classname="Tests.Feature.Playground.Matrix.Resource.Http.Controllers.Playground.MilestoneRouteTest" assertions="2" time="0.473747"/>
        <testcase name="test_admin_can_render_create_view_with_return_url" file="/app/vendor/gammamatrix/playground-test/src/Feature/Http/Controllers/Resource/Playground/CreateTrait.php" line="65" class="Tests\Feature\Playground\Matrix\Resource\Http\Controllers\Playground\MilestoneRouteTest" classname="Tests.Feature.Playground.Matrix.Resource.Http.Controllers.Playground.MilestoneRouteTest" assertions="3" time="0.479396"/>
        <testcase name="test_create_view_as_admin_with_invalid_parameter_and_fail_validation_and_redirect" file="/app/vendor/gammamatrix/playground-test/src/Feature/Http/Controllers/Resource/Playground/CreateTrait.php" line="92" class="Tests\Feature\Playground\Matrix\Resource\Http\Controllers\Playground\MilestoneRouteTest" classname="Tests.Feature.Playground.Matrix.Resource.Http.Controllers.Playground.MilestoneRouteTest" assertions="5" time="0.426621"/>
        <testcase name="test_json_guest_cannot_destroy" file="/app/vendor/gammamatrix/playground-test/src/Feature/Http/Controllers/Resource/Playground/DestroyJsonTrait.php" line="31" class="Tests\Feature\Playground\Matrix\Resource\Http\Controllers\Playground\MilestoneRouteTest" classname="Tests.Feature.Playground.Matrix.Resource.Http.Controllers.Playground.MilestoneRouteTest" assertions="3" time="0.471509"/>
        <testcase name="test_json_destroy_as_admin_and_succeed" file="/app/vendor/gammamatrix/playground-test/src/Feature/Http/Controllers/Resource/Playground/DestroyJsonTrait.php" line="61" class="Tests\Feature\Playground\Matrix\Resource\Http\Controllers\Playground\MilestoneRouteTest" classname="Tests.Feature.Playground.Matrix.Resource.Http.Controllers.Playground.MilestoneRouteTest" assertions="5" time="0.432033"/>
        <testcase name="test_json_destroy_as_admin_and_succeed_with_force_delete" file="/app/vendor/gammamatrix/playground-test/src/Feature/Http/Controllers/Resource/Playground/DestroyJsonTrait.php" line="100" class="Tests\Feature\Playground\Matrix\Resource\Http\Controllers\Playground\MilestoneRouteTest" classname="Tests.Feature.Playground.Matrix.Resource.Http.Controllers.Playground.MilestoneRouteTest" assertions="4" time="0.431512"/>
        <testcase name="test_json_destroy_as_admin_and_succeed_with_no_content" file="/app/vendor/gammamatrix/playground-test/src/Feature/Http/Controllers/Resource/Playground/DestroyJsonTrait.php" line="132" class="Tests\Feature\Playground\Matrix\Resource\Http\Controllers\Playground\MilestoneRouteTest" classname="Tests.Feature.Playground.Matrix.Resource.Http.Controllers.Playground.MilestoneRouteTest" assertions="5" time="0.473462"/>
        <testcase name="test_json_destroy_as_admin_and_succeed_and_ignore_redirect" file="/app/vendor/gammamatrix/playground-test/src/Feature/Http/Controllers/Resource/Playground/DestroyJsonTrait.php" line="167" class="Tests\Feature\Playground\Matrix\Resource\Http\Controllers\Playground\MilestoneRouteTest" classname="Tests.Feature.Playground.Matrix.Resource.Http.Controllers.Playground.MilestoneRouteTest" assertions="5" time="0.441606"/>
        <testcase name="test_json_destroy_as_user_and_get_denied_and_no_force_delete_allowed" file="/app/vendor/gammamatrix/playground-test/src/Feature/Http/Controllers/Resource/Playground/DestroyJsonTrait.php" line="209" class="Tests\Feature\Playground\Matrix\Resource\Http\Controllers\Playground\MilestoneRouteTest" classname="Tests.Feature.Playground.Matrix.Resource.Http.Controllers.Playground.MilestoneRouteTest" assertions="3" time="0.457734"/>
        <testcase name="test_guest_cannot_destroy" file="/app/vendor/gammamatrix/playground-test/src/Feature/Http/Controllers/Resource/Playground/DestroyTrait.php" line="31" class="Tests\Feature\Playground\Matrix\Resource\Http\Controllers\Playground\MilestoneRouteTest" classname="Tests.Feature.Playground.Matrix.Resource.Http.Controllers.Playground.MilestoneRouteTest" assertions="3" time="0.419107"/>
        <testcase name="test_destroy_as_admin_and_succeed" file="/app/vendor/gammamatrix/playground-test/src/Feature/Http/Controllers/Resource/Playground/DestroyTrait.php" line="61" class="Tests\Feature\Playground\Matrix\Resource\Http\Controllers\Playground\MilestoneRouteTest" classname="Tests.Feature.Playground.Matrix.Resource.Http.Controllers.Playground.MilestoneRouteTest" assertions="5" time="0.460426"/>
        <testcase name="test_destroy_as_admin_and_succeed_with_force_delete" file="/app/vendor/gammamatrix/playground-test/src/Feature/Http/Controllers/Resource/Playground/DestroyTrait.php" line="97" class="Tests\Feature\Playground\Matrix\Resource\Http\Controllers\Playground\MilestoneRouteTest" classname="Tests.Feature.Playground.Matrix.Resource.Http.Controllers.Playground.MilestoneRouteTest" assertions="4" time="0.426772"/>
        <testcase name="test_destroy_as_admin_and_succeed_with_redirect_to_index_with_trash" file="/app/vendor/gammamatrix/playground-test/src/Feature/Http/Controllers/Resource/Playground/DestroyTrait.php" line="129" class="Tests\Feature\Playground\Matrix\Resource\Http\Controllers\Playground\MilestoneRouteTest" classname="Tests.Feature.Playground.Matrix.Resource.Http.Controllers.Playground.MilestoneRouteTest" assertions="5" time="0.436317"/>
        <testcase name="test_destroy_as_user_and_get_denied_and_no_force_delete_allowed" file="/app/vendor/gammamatrix/playground-test/src/Feature/Http/Controllers/Resource/Playground/DestroyTrait.php" line="171" class="Tests\Feature\Playground\Matrix\Resource\Http\Controllers\Playground\MilestoneRouteTest" classname="Tests.Feature.Playground.Matrix.Resource.Http.Controllers.Playground.MilestoneRouteTest" assertions="3" time="0.463608"/>
        <testcase name="test_json_guest_cannot_get_edit_info" file="/app/vendor/gammamatrix/playground-test/src/Feature/Http/Controllers/Resource/Playground/EditJsonTrait.php" line="38" class="Tests\Feature\Playground\Matrix\Resource\Http\Controllers\Playground\MilestoneRouteTest" classname="Tests.Feature.Playground.Matrix.Resource.Http.Controllers.Playground.MilestoneRouteTest" assertions="1" time="0.442441"/>
        <testcase name="test_json_admin_can_get_edit_info" file="/app/vendor/gammamatrix/playground-test/src/Feature/Http/Controllers/Resource/Playground/EditJsonTrait.php" line="58" class="Tests\Feature\Playground\Matrix\Resource\Http\Controllers\Playground\MilestoneRouteTest" classname="Tests.Feature.Playground.Matrix.Resource.Http.Controllers.Playground.MilestoneRouteTest" assertions="4" time="0.485669"/>
        <testcase name="test_json_edit_as_admin_and_fail_validation_with_invalid_parameter" file="/app/vendor/gammamatrix/playground-test/src/Feature/Http/Controllers/Resource/Playground/EditJsonTrait.php" line="87" class="Tests\Feature\Playground\Matrix\Resource\Http\Controllers\Playground\MilestoneRouteTest" classname="Tests.Feature.Playground.Matrix.Resource.Http.Controllers.Playground.MilestoneRouteTest" assertions="4" time="0.436934"/>
        <testcase name="test_guest_cannot_render_edit_view" file="/app/vendor/gammamatrix/playground-test/src/Feature/Http/Controllers/Resource/Playground/EditTrait.php" line="33" class="Tests\Feature\Playground\Matrix\Resource\Http\Controllers\Playground\MilestoneRouteTest" classname="Tests.Feature.Playground.Matrix.Resource.Http.Controllers.Playground.MilestoneRouteTest" assertions="1" time="0.466980"/>
        <testcase name="test_admin_can_render_edit_view" file="/app/vendor/gammamatrix/playground-test/src/Feature/Http/Controllers/Resource/Playground/EditTrait.php" line="53" class="Tests\Feature\Playground\Matrix\Resource\Http\Controllers\Playground\MilestoneRouteTest" classname="Tests.Feature.Playground.Matrix.Resource.Http.Controllers.Playground.MilestoneRouteTest" assertions="2" time="0.471186"/>
        <testcase name="test_admin_can_render_edit_view_with_return_url" file="/app/vendor/gammamatrix/playground-test/src/Feature/Http/Controllers/Resource/Playground/EditTrait.php" line="77" class="Tests\Feature\Playground\Matrix\Resource\Http\Controllers\Playground\MilestoneRouteTest" classname="Tests.Feature.Playground.Matrix.Resource.Http.Controllers.Playground.MilestoneRouteTest" assertions="3" time="0.495736"/>
        <testcase name="test_edit_view_as_admin_with_invalid_parameter_and_fail_validation_and_redirect" file="/app/vendor/gammamatrix/playground-test/src/Feature/Http/Controllers/Resource/Playground/EditTrait.php" line="109" class="Tests\Feature\Playground\Matrix\Resource\Http\Controllers\Playground\MilestoneRouteTest" classname="Tests.Feature.Playground.Matrix.Resource.Http.Controllers.Playground.MilestoneRouteTest" assertions="4" time="0.440705"/>
        <testcase name="test_json_guest_cannot_get_index" file="/app/vendor/gammamatrix/playground-test/src/Feature/Http/Controllers/Resource/Playground/IndexJsonTrait.php" line="34" class="Tests\Feature\Playground\Matrix\Resource\Http\Controllers\Playground\MilestoneRouteTest" classname="Tests.Feature.Playground.Matrix.Resource.Http.Controllers.Playground.MilestoneRouteTest" assertions="1" time="0.498933"/>
        <testcase name="test_json_admin_can_get_index" file="/app/vendor/gammamatrix/playground-test/src/Feature/Http/Controllers/Resource/Playground/IndexJsonTrait.php" line="49" class="Tests\Feature\Playground\Matrix\Resource\Http\Controllers\Playground\MilestoneRouteTest" classname="Tests.Feature.Playground.Matrix.Resource.Http.Controllers.Playground.MilestoneRouteTest" assertions="110" time="0.491274"/>
        <testcase name="test_json_admin_can_get_index_with_filters" file="/app/vendor/gammamatrix/playground-test/src/Feature/Http/Controllers/Resource/Playground/IndexJsonTrait.php" line="85" class="Tests\Feature\Playground\Matrix\Resource\Http\Controllers\Playground\MilestoneRouteTest" classname="Tests.Feature.Playground.Matrix.Resource.Http.Controllers.Playground.MilestoneRouteTest" assertions="3" time="0.440239"/>
        <testcase name="test_guest_cannot_render_index_view" file="/app/vendor/gammamatrix/playground-test/src/Feature/Http/Controllers/Resource/Playground/IndexTrait.php" line="29" class="Tests\Feature\Playground\Matrix\Resource\Http\Controllers\Playground\MilestoneRouteTest" classname="Tests.Feature.Playground.Matrix.Resource.Http.Controllers.Playground.MilestoneRouteTest" assertions="1" time="0.463669"/>
        <testcase name="test_admin_can_render_index_view" file="/app/vendor/gammamatrix/playground-test/src/Feature/Http/Controllers/Resource/Playground/IndexTrait.php" line="44" class="Tests\Feature\Playground\Matrix\Resource\Http\Controllers\Playground\MilestoneRouteTest" classname="Tests.Feature.Playground.Matrix.Resource.Http.Controllers.Playground.MilestoneRouteTest" assertions="2" time="0.462487"/>
        <testcase name="test_admin_can_render_index_view_with_filters" file="/app/vendor/gammamatrix/playground-test/src/Feature/Http/Controllers/Resource/Playground/IndexTrait.php" line="77" class="Tests\Feature\Playground\Matrix\Resource\Http\Controllers\Playground\MilestoneRouteTest" classname="Tests.Feature.Playground.Matrix.Resource.Http.Controllers.Playground.MilestoneRouteTest" assertions="3" time="0.508431"/>
        <testcase name="test_json_guest_cannot_lock" file="/app/vendor/gammamatrix/playground-test/src/Feature/Http/Controllers/Resource/Playground/LockJsonTrait.php" line="36" class="Tests\Feature\Playground\Matrix\Resource\Http\Controllers\Playground\MilestoneRouteTest" classname="Tests.Feature.Playground.Matrix.Resource.Http.Controllers.Playground.MilestoneRouteTest" assertions="3" time="0.425560"/>
        <testcase name="test_json_lock_as_admin_and_succeed" file="/app/vendor/gammamatrix/playground-test/src/Feature/Http/Controllers/Resource/Playground/LockJsonTrait.php" line="66" class="Tests\Feature\Playground\Matrix\Resource\Http\Controllers\Playground\MilestoneRouteTest" classname="Tests.Feature.Playground.Matrix.Resource.Http.Controllers.Playground.MilestoneRouteTest" assertions="3" time="0.478919"/>
        <testcase name="test_json_lock_as_admin_and_succeed_with_no_redirect" file="/app/vendor/gammamatrix/playground-test/src/Feature/Http/Controllers/Resource/Playground/LockJsonTrait.php" line="98" class="Tests\Feature\Playground\Matrix\Resource\Http\Controllers\Playground\MilestoneRouteTest" classname="Tests.Feature.Playground.Matrix.Resource.Http.Controllers.Playground.MilestoneRouteTest" assertions="105" time="0.441059"/>
        <testcase name="test_json_lock_as_user_and_get_denied" file="/app/vendor/gammamatrix/playground-test/src/Feature/Http/Controllers/Resource/Playground/LockJsonTrait.php" line="143" class="Tests\Feature\Playground\Matrix\Resource\Http\Controllers\Playground\MilestoneRouteTest" classname="Tests.Feature.Playground.Matrix.Resource.Http.Controllers.Playground.MilestoneRouteTest" assertions="3" time="0.444280"/>
        <testcase name="test_guest_cannot_lock" file="/app/vendor/gammamatrix/playground-test/src/Feature/Http/Controllers/Resource/Playground/LockTrait.php" line="31" class="Tests\Feature\Playground\Matrix\Resource\Http\Controllers\Playground\MilestoneRouteTest" classname="Tests.Feature.Playground.Matrix.Resource.Http.Controllers.Playground.MilestoneRouteTest" assertions="3" time="0.453285"/>
        <testcase name="test_lock_as_admin_and_succeed" file="/app/vendor/gammamatrix/playground-test/src/Feature/Http/Controllers/Resource/Playground/LockTrait.php" line="61" class="Tests\Feature\Playground\Matrix\Resource\Http\Controllers\Playground\MilestoneRouteTest" classname="Tests.Feature.Playground.Matrix.Resource.Http.Controllers.Playground.MilestoneRouteTest" assertions="4" time="0.435592"/>
        <testcase name="test_lock_as_admin_and_succeed_with_redirect_to_index_with_sorted_by_locked_desc" file="/app/vendor/gammamatrix/playground-test/src/Feature/Http/Controllers/Resource/Playground/LockTrait.php" line="95" class="Tests\Feature\Playground\Matrix\Resource\Http\Controllers\Playground\MilestoneRouteTest" classname="Tests.Feature.Playground.Matrix.Resource.Http.Controllers.Playground.MilestoneRouteTest" assertions="4" time="0.472998"/>
        <testcase name="test_lock_as_user_and_get_denied" file="/app/vendor/gammamatrix/playground-test/src/Feature/Http/Controllers/Resource/Playground/LockTrait.php" line="132" class="Tests\Feature\Playground\Matrix\Resource\Http\Controllers\Playground\MilestoneRouteTest" classname="Tests.Feature.Playground.Matrix.Resource.Http.Controllers.Playground.MilestoneRouteTest" assertions="3" time="0.441103"/>
        <testcase name="test_json_guest_cannot_restore" file="/app/vendor/gammamatrix/playground-test/src/Feature/Http/Controllers/Resource/Playground/RestoreJsonTrait.php" line="32" class="Tests\Feature\Playground\Matrix\Resource\Http\Controllers\Playground\MilestoneRouteTest" classname="Tests.Feature.Playground.Matrix.Resource.Http.Controllers.Playground.MilestoneRouteTest" assertions="3" time="0.460072"/>
        <testcase name="test_json_restore_as_admin_and_succeed" file="/app/vendor/gammamatrix/playground-test/src/Feature/Http/Controllers/Resource/Playground/RestoreJsonTrait.php" line="64" class="Tests\Feature\Playground\Matrix\Resource\Http\Controllers\Playground\MilestoneRouteTest" classname="Tests.Feature.Playground.Matrix.Resource.Http.Controllers.Playground.MilestoneRouteTest" assertions="105" time="0.450544"/>
        <testcase name="test_json_restore_as_admin_and_succeed_with_no_redirect" file="/app/vendor/gammamatrix/playground-test/src/Feature/Http/Controllers/Resource/Playground/RestoreJsonTrait.php" line="100" class="Tests\Feature\Playground\Matrix\Resource\Http\Controllers\Playground\MilestoneRouteTest" classname="Tests.Feature.Playground.Matrix.Resource.Http.Controllers.Playground.MilestoneRouteTest" assertions="105" time="0.449371"/>
        <testcase name="test_json_restore_as_user_and_get_denied" file="/app/vendor/gammamatrix/playground-test/src/Feature/Http/Controllers/Resource/Playground/RestoreJsonTrait.php" line="143" class="Tests\Feature\Playground\Matrix\Resource\Http\Controllers\Playground\MilestoneRouteTest" classname="Tests.Feature.Playground.Matrix.Resource.Http.Controllers.Playground.MilestoneRouteTest" assertions="3" time="0.473896"/>
        <testcase name="test_guest_cannot_restore" file="/app/vendor/gammamatrix/playground-test/src/Feature/Http/Controllers/Resource/Playground/RestoreTrait.php" line="32" class="Tests\Feature\Playground\Matrix\Resource\Http\Controllers\Playground\MilestoneRouteTest" classname="Tests.Feature.Playground.Matrix.Resource.Http.Controllers.Playground.MilestoneRouteTest" assertions="3" time="0.430438"/>
        <testcase name="test_restore_as_admin_and_succeed" file="/app/vendor/gammamatrix/playground-test/src/Feature/Http/Controllers/Resource/Playground/RestoreTrait.php" line="64" class="Tests\Feature\Playground\Matrix\Resource\Http\Controllers\Playground\MilestoneRouteTest" classname="Tests.Feature.Playground.Matrix.Resource.Http.Controllers.Playground.MilestoneRouteTest" assertions="4" time="0.481645"/>
        <testcase name="test_restore_as_admin_and_succeed_with_redirect_to_index_with_only_trash" file="/app/vendor/gammamatrix/playground-test/src/Feature/Http/Controllers/Resource/Playground/RestoreTrait.php" line="100" class="Tests\Feature\Playground\Matrix\Resource\Http\Controllers\Playground\MilestoneRouteTest" classname="Tests.Feature.Playground.Matrix.Resource.Http.Controllers.Playground.MilestoneRouteTest" assertions="4" time="0.440337"/>
        <testcase name="test_restore_as_user_and_get_denied" file="/app/vendor/gammamatrix/playground-test/src/Feature/Http/Controllers/Resource/Playground/RestoreTrait.php" line="146" class="Tests\Feature\Playground\Matrix\Resource\Http\Controllers\Playground\MilestoneRouteTest" classname="Tests.Feature.Playground.Matrix.Resource.Http.Controllers.Playground.MilestoneRouteTest" assertions="3" time="0.474732"/>
        <testcase name="test_json_guest_cannot_see_info" file="/app/vendor/gammamatrix/playground-test/src/Feature/Http/Controllers/Resource/Playground/ShowJsonTrait.php" line="29" class="Tests\Feature\Playground\Matrix\Resource\Http\Controllers\Playground\MilestoneRouteTest" classname="Tests.Feature.Playground.Matrix.Resource.Http.Controllers.Playground.MilestoneRouteTest" assertions="1" time="0.429976"/>
        <testcase name="test_json_show_info_for_admin" file="/app/vendor/gammamatrix/playground-test/src/Feature/Http/Controllers/Resource/Playground/ShowJsonTrait.php" line="49" class="Tests\Feature\Playground\Matrix\Resource\Http\Controllers\Playground\MilestoneRouteTest" classname="Tests.Feature.Playground.Matrix.Resource.Http.Controllers.Playground.MilestoneRouteTest" assertions="104" time="0.440233"/>
        <testcase name="test_guest_cannot_render_show_view" file="/app/vendor/gammamatrix/playground-test/src/Feature/Http/Controllers/Resource/Playground/ShowTrait.php" line="29" class="Tests\Feature\Playground\Matrix\Resource\Http\Controllers\Playground\MilestoneRouteTest" classname="Tests.Feature.Playground.Matrix.Resource.Http.Controllers.Playground.MilestoneRouteTest" assertions="1" time="0.454803"/>
        <testcase name="test_show_view_rendered_by_admin" file="/app/vendor/gammamatrix/playground-test/src/Feature/Http/Controllers/Resource/Playground/ShowTrait.php" line="49" class="Tests\Feature\Playground\Matrix\Resource\Http\Controllers\Playground\MilestoneRouteTest" classname="Tests.Feature.Playground.Matrix.Resource.Http.Controllers.Playground.MilestoneRouteTest" assertions="2" time="0.463383"/>
        <testcase name="test_json_guest_cannot_store" file="/app/vendor/gammamatrix/playground-test/src/Feature/Http/Controllers/Resource/Playground/StoreJsonTrait.php" line="43" class="Tests\Feature\Playground\Matrix\Resource\Http\Controllers\Playground\MilestoneRouteTest" classname="Tests.Feature.Playground.Matrix.Resource.Http.Controllers.Playground.MilestoneRouteTest" assertions="3" time="0.490629"/>
        <testcase name="test_json_store_as_admin_without_payload_and_fail_validation" file="/app/vendor/gammamatrix/playground-test/src/Feature/Http/Controllers/Resource/Playground/StoreJsonTrait.php" line="66" class="Tests\Feature\Playground\Matrix\Resource\Http\Controllers\Playground\MilestoneRouteTest" classname="Tests.Feature.Playground.Matrix.Resource.Http.Controllers.Playground.MilestoneRouteTest" assertions="5" time="0.433875"/>
        <testcase name="test_json_store_as_admin_and_succeed" file="/app/vendor/gammamatrix/playground-test/src/Feature/Http/Controllers/Resource/Playground/StoreJsonTrait.php" line="92" class="Tests\Feature\Playground\Matrix\Resource\Http\Controllers\Playground\MilestoneRouteTest" classname="Tests.Feature.Playground.Matrix.Resource.Http.Controllers.Playground.MilestoneRouteTest" assertions="3" time="0.502099"/>
        <testcase name="test_guest_cannot_store" file="/app/vendor/gammamatrix/playground-test/src/Feature/Http/Controllers/Resource/Playground/StoreTrait.php" line="38" class="Tests\Feature\Playground\Matrix\Resource\Http\Controllers\Playground\MilestoneRouteTest" classname="Tests.Feature.Playground.Matrix.Resource.Http.Controllers.Playground.MilestoneRouteTest" assertions="3" time="0.416496"/>
        <testcase name="test_store_as_admin_without_payload_and_fail_validation" file="/app/vendor/gammamatrix/playground-test/src/Feature/Http/Controllers/Resource/Playground/StoreTrait.php" line="61" class="Tests\Feature\Playground\Matrix\Resource\Http\Controllers\Playground\MilestoneRouteTest" classname="Tests.Feature.Playground.Matrix.Resource.Http.Controllers.Playground.MilestoneRouteTest" assertions="5" time="0.471265"/>
        <testcase name="test_store_as_admin_and_succeed" file="/app/vendor/gammamatrix/playground-test/src/Feature/Http/Controllers/Resource/Playground/StoreTrait.php" line="90" class="Tests\Feature\Playground\Matrix\Resource\Http\Controllers\Playground\MilestoneRouteTest" classname="Tests.Feature.Playground.Matrix.Resource.Http.Controllers.Playground.MilestoneRouteTest" assertions="4" time="0.472074"/>
        <testcase name="test_store_as_admin_and_succeed_with_return_url" file="/app/vendor/gammamatrix/playground-test/src/Feature/Http/Controllers/Resource/Playground/StoreTrait.php" line="135" class="Tests\Feature\Playground\Matrix\Resource\Http\Controllers\Playground\MilestoneRouteTest" classname="Tests.Feature.Playground.Matrix.Resource.Http.Controllers.Playground.MilestoneRouteTest" assertions="4" time="0.475560"/>
        <testcase name="test_json_guest_cannot_unlock" file="/app/vendor/gammamatrix/playground-test/src/Feature/Http/Controllers/Resource/Playground/UnlockJsonTrait.php" line="36" class="Tests\Feature\Playground\Matrix\Resource\Http\Controllers\Playground\MilestoneRouteTest" classname="Tests.Feature.Playground.Matrix.Resource.Http.Controllers.Playground.MilestoneRouteTest" assertions="3" time="0.459971"/>
        <testcase name="test_json_unlock_as_admin_and_succeed" file="/app/vendor/gammamatrix/playground-test/src/Feature/Http/Controllers/Resource/Playground/UnlockJsonTrait.php" line="68" class="Tests\Feature\Playground\Matrix\Resource\Http\Controllers\Playground\MilestoneRouteTest" classname="Tests.Feature.Playground.Matrix.Resource.Http.Controllers.Playground.MilestoneRouteTest" assertions="105" time="0.449529"/>
        <testcase name="test_json_unlock_as_admin_and_succeed_with_no_redirect" file="/app/vendor/gammamatrix/playground-test/src/Feature/Http/Controllers/Resource/Playground/UnlockJsonTrait.php" line="104" class="Tests\Feature\Playground\Matrix\Resource\Http\Controllers\Playground\MilestoneRouteTest" classname="Tests.Feature.Playground.Matrix.Resource.Http.Controllers.Playground.MilestoneRouteTest" assertions="105" time="0.504403"/>
        <testcase name="test_json_unlock_as_user_and_get_denied" file="/app/vendor/gammamatrix/playground-test/src/Feature/Http/Controllers/Resource/Playground/UnlockJsonTrait.php" line="145" class="Tests\Feature\Playground\Matrix\Resource\Http\Controllers\Playground\MilestoneRouteTest" classname="Tests.Feature.Playground.Matrix.Resource.Http.Controllers.Playground.MilestoneRouteTest" assertions="3" time="0.437783"/>
        <testcase name="test_guest_cannot_unlock" file="/app/vendor/gammamatrix/playground-test/src/Feature/Http/Controllers/Resource/Playground/UnlockTrait.php" line="36" class="Tests\Feature\Playground\Matrix\Resource\Http\Controllers\Playground\MilestoneRouteTest" classname="Tests.Feature.Playground.Matrix.Resource.Http.Controllers.Playground.MilestoneRouteTest" assertions="3" time="0.480032"/>
        <testcase name="test_unlock_as_admin_and_succeed" file="/app/vendor/gammamatrix/playground-test/src/Feature/Http/Controllers/Resource/Playground/UnlockTrait.php" line="68" class="Tests\Feature\Playground\Matrix\Resource\Http\Controllers\Playground\MilestoneRouteTest" classname="Tests.Feature.Playground.Matrix.Resource.Http.Controllers.Playground.MilestoneRouteTest" assertions="4" time="0.445142"/>
        <testcase name="test_unlock_as_admin_and_succeed_with_redirect_to_index_with_sorted_by_unlocked_desc" file="/app/vendor/gammamatrix/playground-test/src/Feature/Http/Controllers/Resource/Playground/UnlockTrait.php" line="109" class="Tests\Feature\Playground\Matrix\Resource\Http\Controllers\Playground\MilestoneRouteTest" classname="Tests.Feature.Playground.Matrix.Resource.Http.Controllers.Playground.MilestoneRouteTest" assertions="4" time="0.494175"/>
        <testcase name="test_unlock_as_user_and_get_denied" file="/app/vendor/gammamatrix/playground-test/src/Feature/Http/Controllers/Resource/Playground/UnlockTrait.php" line="148" class="Tests\Feature\Playground\Matrix\Resource\Http\Controllers\Playground\MilestoneRouteTest" classname="Tests.Feature.Playground.Matrix.Resource.Http.Controllers.Playground.MilestoneRouteTest" assertions="3" time="0.438993"/>
        <testcase name="test_json_guest_cannot_update" file="/app/vendor/gammamatrix/playground-test/src/Feature/Http/Controllers/Resource/Playground/UpdateJsonTrait.php" line="45" class="Tests\Feature\Playground\Matrix\Resource\Http\Controllers\Playground\MilestoneRouteTest" classname="Tests.Feature.Playground.Matrix.Resource.Http.Controllers.Playground.MilestoneRouteTest" assertions="1" time="0.452916"/>
        <testcase name="test_json_update_as_admin_without_payload_and_fail_validation" file="/app/vendor/gammamatrix/playground-test/src/Feature/Http/Controllers/Resource/Playground/UpdateJsonTrait.php" line="65" class="Tests\Feature\Playground\Matrix\Resource\Http\Controllers\Playground\MilestoneRouteTest" classname="Tests.Feature.Playground.Matrix.Resource.Http.Controllers.Playground.MilestoneRouteTest" assertions="4" time="0.486789"/>
        <testcase name="test_json_admin_can_update" file="/app/vendor/gammamatrix/playground-test/src/Feature/Http/Controllers/Resource/Playground/UpdateJsonTrait.php" line="90" class="Tests\Feature\Playground\Matrix\Resource\Http\Controllers\Playground\MilestoneRouteTest" classname="Tests.Feature.Playground.Matrix.Resource.Http.Controllers.Playground.MilestoneRouteTest" assertions="107" time="0.511010"/>
        <testcase name="test_guest_cannot_update" file="/app/vendor/gammamatrix/playground-test/src/Feature/Http/Controllers/Resource/Playground/UpdateTrait.php" line="45" class="Tests\Feature\Playground\Matrix\Resource\Http\Controllers\Playground\MilestoneRouteTest" classname="Tests.Feature.Playground.Matrix.Resource.Http.Controllers.Playground.MilestoneRouteTest" assertions="1" time="0.467558"/>
        <testcase name="test_update_as_admin_without_payload_and_fail_validation" file="/app/vendor/gammamatrix/playground-test/src/Feature/Http/Controllers/Resource/Playground/UpdateTrait.php" line="65" class="Tests\Feature\Playground\Matrix\Resource\Http\Controllers\Playground\MilestoneRouteTest" classname="Tests.Feature.Playground.Matrix.Resource.Http.Controllers.Playground.MilestoneRouteTest" assertions="4" time="0.447049"/>
        <testcase name="test_admin_can_update" file="/app/vendor/gammamatrix/playground-test/src/Feature/Http/Controllers/Resource/Playground/UpdateTrait.php" line="90" class="Tests\Feature\Playground\Matrix\Resource\Http\Controllers\Playground\MilestoneRouteTest" classname="Tests.Feature.Playground.Matrix.Resource.Http.Controllers.Playground.MilestoneRouteTest" assertions="6" time="0.541795"/>
        <testcase name="test_admin_can_update_view_with_return_url" file="/app/vendor/gammamatrix/playground-test/src/Feature/Http/Controllers/Resource/Playground/UpdateTrait.php" line="133" class="Tests\Feature\Playground\Matrix\Resource\Http\Controllers\Playground\MilestoneRouteTest" classname="Tests.Feature.Playground.Matrix.Resource.Http.Controllers.Playground.MilestoneRouteTest" assertions="6" time="0.491999"/>
      </testsuite>
      <testsuite name="Tests\Feature\Playground\Matrix\Resource\Http\Controllers\Playground\NoteRouteTest" file="/app/tests/Feature/Http/Controllers/Playground/NoteRouteTest.php" tests="73" assertions="822" errors="0" failures="0" skipped="0" time="33.477369">
        <testcase name="test_json_guest_cannot_get_create_info" file="/app/vendor/gammamatrix/playground-test/src/Feature/Http/Controllers/Resource/Playground/CreateJsonTrait.php" line="38" class="Tests\Feature\Playground\Matrix\Resource\Http\Controllers\Playground\NoteRouteTest" classname="Tests.Feature.Playground.Matrix.Resource.Http.Controllers.Playground.NoteRouteTest" assertions="1" time="0.512645"/>
        <testcase name="test_json_admin_can_get_create_info" file="/app/vendor/gammamatrix/playground-test/src/Feature/Http/Controllers/Resource/Playground/CreateJsonTrait.php" line="53" class="Tests\Feature\Playground\Matrix\Resource\Http\Controllers\Playground\NoteRouteTest" classname="Tests.Feature.Playground.Matrix.Resource.Http.Controllers.Playground.NoteRouteTest" assertions="66" time="0.434455"/>
        <testcase name="test_json_get_create_info_as_admin_with_invalid_parameter_and_fail_validation" file="/app/vendor/gammamatrix/playground-test/src/Feature/Http/Controllers/Resource/Playground/CreateJsonTrait.php" line="73" class="Tests\Feature\Playground\Matrix\Resource\Http\Controllers\Playground\NoteRouteTest" classname="Tests.Feature.Playground.Matrix.Resource.Http.Controllers.Playground.NoteRouteTest" assertions="4" time="0.464048"/>
        <testcase name="test_guest_cannot_render_create_view" file="/app/vendor/gammamatrix/playground-test/src/Feature/Http/Controllers/Resource/Playground/CreateTrait.php" line="33" class="Tests\Feature\Playground\Matrix\Resource\Http\Controllers\Playground\NoteRouteTest" classname="Tests.Feature.Playground.Matrix.Resource.Http.Controllers.Playground.NoteRouteTest" assertions="1" time="0.407070"/>
        <testcase name="test_admin_can_render_create_view" file="/app/vendor/gammamatrix/playground-test/src/Feature/Http/Controllers/Resource/Playground/CreateTrait.php" line="47" class="Tests\Feature\Playground\Matrix\Resource\Http\Controllers\Playground\NoteRouteTest" classname="Tests.Feature.Playground.Matrix.Resource.Http.Controllers.Playground.NoteRouteTest" assertions="2" time="0.466058"/>
        <testcase name="test_admin_can_render_create_view_with_return_url" file="/app/vendor/gammamatrix/playground-test/src/Feature/Http/Controllers/Resource/Playground/CreateTrait.php" line="65" class="Tests\Feature\Playground\Matrix\Resource\Http\Controllers\Playground\NoteRouteTest" classname="Tests.Feature.Playground.Matrix.Resource.Http.Controllers.Playground.NoteRouteTest" assertions="3" time="0.502490"/>
        <testcase name="test_create_view_as_admin_with_invalid_parameter_and_fail_validation_and_redirect" file="/app/vendor/gammamatrix/playground-test/src/Feature/Http/Controllers/Resource/Playground/CreateTrait.php" line="92" class="Tests\Feature\Playground\Matrix\Resource\Http\Controllers\Playground\NoteRouteTest" classname="Tests.Feature.Playground.Matrix.Resource.Http.Controllers.Playground.NoteRouteTest" assertions="5" time="0.419263"/>
        <testcase name="test_json_guest_cannot_destroy" file="/app/vendor/gammamatrix/playground-test/src/Feature/Http/Controllers/Resource/Playground/DestroyJsonTrait.php" line="31" class="Tests\Feature\Playground\Matrix\Resource\Http\Controllers\Playground\NoteRouteTest" classname="Tests.Feature.Playground.Matrix.Resource.Http.Controllers.Playground.NoteRouteTest" assertions="3" time="0.460800"/>
        <testcase name="test_json_destroy_as_admin_and_succeed" file="/app/vendor/gammamatrix/playground-test/src/Feature/Http/Controllers/Resource/Playground/DestroyJsonTrait.php" line="61" class="Tests\Feature\Playground\Matrix\Resource\Http\Controllers\Playground\NoteRouteTest" classname="Tests.Feature.Playground.Matrix.Resource.Http.Controllers.Playground.NoteRouteTest" assertions="5" time="0.435492"/>
        <testcase name="test_json_destroy_as_admin_and_succeed_with_force_delete" file="/app/vendor/gammamatrix/playground-test/src/Feature/Http/Controllers/Resource/Playground/DestroyJsonTrait.php" line="100" class="Tests\Feature\Playground\Matrix\Resource\Http\Controllers\Playground\NoteRouteTest" classname="Tests.Feature.Playground.Matrix.Resource.Http.Controllers.Playground.NoteRouteTest" assertions="4" time="0.473479"/>
        <testcase name="test_json_destroy_as_admin_and_succeed_with_no_content" file="/app/vendor/gammamatrix/playground-test/src/Feature/Http/Controllers/Resource/Playground/DestroyJsonTrait.php" line="132" class="Tests\Feature\Playground\Matrix\Resource\Http\Controllers\Playground\NoteRouteTest" classname="Tests.Feature.Playground.Matrix.Resource.Http.Controllers.Playground.NoteRouteTest" assertions="5" time="0.427918"/>
        <testcase name="test_json_destroy_as_admin_and_succeed_and_ignore_redirect" file="/app/vendor/gammamatrix/playground-test/src/Feature/Http/Controllers/Resource/Playground/DestroyJsonTrait.php" line="167" class="Tests\Feature\Playground\Matrix\Resource\Http\Controllers\Playground\NoteRouteTest" classname="Tests.Feature.Playground.Matrix.Resource.Http.Controllers.Playground.NoteRouteTest" assertions="5" time="0.426535"/>
        <testcase name="test_json_destroy_as_user_and_get_denied_and_no_force_delete_allowed" file="/app/vendor/gammamatrix/playground-test/src/Feature/Http/Controllers/Resource/Playground/DestroyJsonTrait.php" line="209" class="Tests\Feature\Playground\Matrix\Resource\Http\Controllers\Playground\NoteRouteTest" classname="Tests.Feature.Playground.Matrix.Resource.Http.Controllers.Playground.NoteRouteTest" assertions="3" time="0.477537"/>
        <testcase name="test_guest_cannot_destroy" file="/app/vendor/gammamatrix/playground-test/src/Feature/Http/Controllers/Resource/Playground/DestroyTrait.php" line="31" class="Tests\Feature\Playground\Matrix\Resource\Http\Controllers\Playground\NoteRouteTest" classname="Tests.Feature.Playground.Matrix.Resource.Http.Controllers.Playground.NoteRouteTest" assertions="3" time="0.416598"/>
        <testcase name="test_destroy_as_admin_and_succeed" file="/app/vendor/gammamatrix/playground-test/src/Feature/Http/Controllers/Resource/Playground/DestroyTrait.php" line="61" class="Tests\Feature\Playground\Matrix\Resource\Http\Controllers\Playground\NoteRouteTest" classname="Tests.Feature.Playground.Matrix.Resource.Http.Controllers.Playground.NoteRouteTest" assertions="5" time="0.475123"/>
        <testcase name="test_destroy_as_admin_and_succeed_with_force_delete" file="/app/vendor/gammamatrix/playground-test/src/Feature/Http/Controllers/Resource/Playground/DestroyTrait.php" line="97" class="Tests\Feature\Playground\Matrix\Resource\Http\Controllers\Playground\NoteRouteTest" classname="Tests.Feature.Playground.Matrix.Resource.Http.Controllers.Playground.NoteRouteTest" assertions="4" time="0.425411"/>
        <testcase name="test_destroy_as_admin_and_succeed_with_redirect_to_index_with_trash" file="/app/vendor/gammamatrix/playground-test/src/Feature/Http/Controllers/Resource/Playground/DestroyTrait.php" line="129" class="Tests\Feature\Playground\Matrix\Resource\Http\Controllers\Playground\NoteRouteTest" classname="Tests.Feature.Playground.Matrix.Resource.Http.Controllers.Playground.NoteRouteTest" assertions="5" time="0.476786"/>
        <testcase name="test_destroy_as_user_and_get_denied_and_no_force_delete_allowed" file="/app/vendor/gammamatrix/playground-test/src/Feature/Http/Controllers/Resource/Playground/DestroyTrait.php" line="171" class="Tests\Feature\Playground\Matrix\Resource\Http\Controllers\Playground\NoteRouteTest" classname="Tests.Feature.Playground.Matrix.Resource.Http.Controllers.Playground.NoteRouteTest" assertions="3" time="0.424817"/>
        <testcase name="test_json_guest_cannot_get_edit_info" file="/app/vendor/gammamatrix/playground-test/src/Feature/Http/Controllers/Resource/Playground/EditJsonTrait.php" line="38" class="Tests\Feature\Playground\Matrix\Resource\Http\Controllers\Playground\NoteRouteTest" classname="Tests.Feature.Playground.Matrix.Resource.Http.Controllers.Playground.NoteRouteTest" assertions="1" time="0.430024"/>
        <testcase name="test_json_admin_can_get_edit_info" file="/app/vendor/gammamatrix/playground-test/src/Feature/Http/Controllers/Resource/Playground/EditJsonTrait.php" line="58" class="Tests\Feature\Playground\Matrix\Resource\Http\Controllers\Playground\NoteRouteTest" classname="Tests.Feature.Playground.Matrix.Resource.Http.Controllers.Playground.NoteRouteTest" assertions="4" time="0.491610"/>
        <testcase name="test_json_edit_as_admin_and_fail_validation_with_invalid_parameter" file="/app/vendor/gammamatrix/playground-test/src/Feature/Http/Controllers/Resource/Playground/EditJsonTrait.php" line="87" class="Tests\Feature\Playground\Matrix\Resource\Http\Controllers\Playground\NoteRouteTest" classname="Tests.Feature.Playground.Matrix.Resource.Http.Controllers.Playground.NoteRouteTest" assertions="4" time="0.436452"/>
        <testcase name="test_guest_cannot_render_edit_view" file="/app/vendor/gammamatrix/playground-test/src/Feature/Http/Controllers/Resource/Playground/EditTrait.php" line="33" class="Tests\Feature\Playground\Matrix\Resource\Http\Controllers\Playground\NoteRouteTest" classname="Tests.Feature.Playground.Matrix.Resource.Http.Controllers.Playground.NoteRouteTest" assertions="1" time="0.457435"/>
        <testcase name="test_admin_can_render_edit_view" file="/app/vendor/gammamatrix/playground-test/src/Feature/Http/Controllers/Resource/Playground/EditTrait.php" line="53" class="Tests\Feature\Playground\Matrix\Resource\Http\Controllers\Playground\NoteRouteTest" classname="Tests.Feature.Playground.Matrix.Resource.Http.Controllers.Playground.NoteRouteTest" assertions="2" time="0.456558"/>
        <testcase name="test_admin_can_render_edit_view_with_return_url" file="/app/vendor/gammamatrix/playground-test/src/Feature/Http/Controllers/Resource/Playground/EditTrait.php" line="77" class="Tests\Feature\Playground\Matrix\Resource\Http\Controllers\Playground\NoteRouteTest" classname="Tests.Feature.Playground.Matrix.Resource.Http.Controllers.Playground.NoteRouteTest" assertions="3" time="0.504700"/>
        <testcase name="test_edit_view_as_admin_with_invalid_parameter_and_fail_validation_and_redirect" file="/app/vendor/gammamatrix/playground-test/src/Feature/Http/Controllers/Resource/Playground/EditTrait.php" line="109" class="Tests\Feature\Playground\Matrix\Resource\Http\Controllers\Playground\NoteRouteTest" classname="Tests.Feature.Playground.Matrix.Resource.Http.Controllers.Playground.NoteRouteTest" assertions="4" time="0.431024"/>
        <testcase name="test_json_guest_cannot_get_index" file="/app/vendor/gammamatrix/playground-test/src/Feature/Http/Controllers/Resource/Playground/IndexJsonTrait.php" line="34" class="Tests\Feature\Playground\Matrix\Resource\Http\Controllers\Playground\NoteRouteTest" classname="Tests.Feature.Playground.Matrix.Resource.Http.Controllers.Playground.NoteRouteTest" assertions="1" time="0.463375"/>
        <testcase name="test_json_admin_can_get_index" file="/app/vendor/gammamatrix/playground-test/src/Feature/Http/Controllers/Resource/Playground/IndexJsonTrait.php" line="49" class="Tests\Feature\Playground\Matrix\Resource\Http\Controllers\Playground\NoteRouteTest" classname="Tests.Feature.Playground.Matrix.Resource.Http.Controllers.Playground.NoteRouteTest" assertions="73" time="0.476965"/>
        <testcase name="test_json_admin_can_get_index_with_filters" file="/app/vendor/gammamatrix/playground-test/src/Feature/Http/Controllers/Resource/Playground/IndexJsonTrait.php" line="85" class="Tests\Feature\Playground\Matrix\Resource\Http\Controllers\Playground\NoteRouteTest" classname="Tests.Feature.Playground.Matrix.Resource.Http.Controllers.Playground.NoteRouteTest" assertions="3" time="0.439200"/>
        <testcase name="test_guest_cannot_render_index_view" file="/app/vendor/gammamatrix/playground-test/src/Feature/Http/Controllers/Resource/Playground/IndexTrait.php" line="29" class="Tests\Feature\Playground\Matrix\Resource\Http\Controllers\Playground\NoteRouteTest" classname="Tests.Feature.Playground.Matrix.Resource.Http.Controllers.Playground.NoteRouteTest" assertions="1" time="0.461194"/>
        <testcase name="test_admin_can_render_index_view" file="/app/vendor/gammamatrix/playground-test/src/Feature/Http/Controllers/Resource/Playground/IndexTrait.php" line="44" class="Tests\Feature\Playground\Matrix\Resource\Http\Controllers\Playground\NoteRouteTest" classname="Tests.Feature.Playground.Matrix.Resource.Http.Controllers.Playground.NoteRouteTest" assertions="2" time="0.476228"/>
        <testcase name="test_admin_can_render_index_view_with_filters" file="/app/vendor/gammamatrix/playground-test/src/Feature/Http/Controllers/Resource/Playground/IndexTrait.php" line="77" class="Tests\Feature\Playground\Matrix\Resource\Http\Controllers\Playground\NoteRouteTest" classname="Tests.Feature.Playground.Matrix.Resource.Http.Controllers.Playground.NoteRouteTest" assertions="3" time="0.508590"/>
        <testcase name="test_json_guest_cannot_lock" file="/app/vendor/gammamatrix/playground-test/src/Feature/Http/Controllers/Resource/Playground/LockJsonTrait.php" line="36" class="Tests\Feature\Playground\Matrix\Resource\Http\Controllers\Playground\NoteRouteTest" classname="Tests.Feature.Playground.Matrix.Resource.Http.Controllers.Playground.NoteRouteTest" assertions="3" time="0.430747"/>
        <testcase name="test_json_lock_as_admin_and_succeed" file="/app/vendor/gammamatrix/playground-test/src/Feature/Http/Controllers/Resource/Playground/LockJsonTrait.php" line="66" class="Tests\Feature\Playground\Matrix\Resource\Http\Controllers\Playground\NoteRouteTest" classname="Tests.Feature.Playground.Matrix.Resource.Http.Controllers.Playground.NoteRouteTest" assertions="3" time="0.489975"/>
        <testcase name="test_json_lock_as_admin_and_succeed_with_no_redirect" file="/app/vendor/gammamatrix/playground-test/src/Feature/Http/Controllers/Resource/Playground/LockJsonTrait.php" line="98" class="Tests\Feature\Playground\Matrix\Resource\Http\Controllers\Playground\NoteRouteTest" classname="Tests.Feature.Playground.Matrix.Resource.Http.Controllers.Playground.NoteRouteTest" assertions="68" time="0.440510"/>
        <testcase name="test_json_lock_as_user_and_get_denied" file="/app/vendor/gammamatrix/playground-test/src/Feature/Http/Controllers/Resource/Playground/LockJsonTrait.php" line="143" class="Tests\Feature\Playground\Matrix\Resource\Http\Controllers\Playground\NoteRouteTest" classname="Tests.Feature.Playground.Matrix.Resource.Http.Controllers.Playground.NoteRouteTest" assertions="3" time="0.441433"/>
        <testcase name="test_guest_cannot_lock" file="/app/vendor/gammamatrix/playground-test/src/Feature/Http/Controllers/Resource/Playground/LockTrait.php" line="31" class="Tests\Feature\Playground\Matrix\Resource\Http\Controllers\Playground\NoteRouteTest" classname="Tests.Feature.Playground.Matrix.Resource.Http.Controllers.Playground.NoteRouteTest" assertions="3" time="0.460311"/>
        <testcase name="test_lock_as_admin_and_succeed" file="/app/vendor/gammamatrix/playground-test/src/Feature/Http/Controllers/Resource/Playground/LockTrait.php" line="61" class="Tests\Feature\Playground\Matrix\Resource\Http\Controllers\Playground\NoteRouteTest" classname="Tests.Feature.Playground.Matrix.Resource.Http.Controllers.Playground.NoteRouteTest" assertions="4" time="0.434864"/>
        <testcase name="test_lock_as_admin_and_succeed_with_redirect_to_index_with_sorted_by_locked_desc" file="/app/vendor/gammamatrix/playground-test/src/Feature/Http/Controllers/Resource/Playground/LockTrait.php" line="95" class="Tests\Feature\Playground\Matrix\Resource\Http\Controllers\Playground\NoteRouteTest" classname="Tests.Feature.Playground.Matrix.Resource.Http.Controllers.Playground.NoteRouteTest" assertions="4" time="0.478955"/>
        <testcase name="test_lock_as_user_and_get_denied" file="/app/vendor/gammamatrix/playground-test/src/Feature/Http/Controllers/Resource/Playground/LockTrait.php" line="132" class="Tests\Feature\Playground\Matrix\Resource\Http\Controllers\Playground\NoteRouteTest" classname="Tests.Feature.Playground.Matrix.Resource.Http.Controllers.Playground.NoteRouteTest" assertions="3" time="0.431860"/>
        <testcase name="test_json_guest_cannot_restore" file="/app/vendor/gammamatrix/playground-test/src/Feature/Http/Controllers/Resource/Playground/RestoreJsonTrait.php" line="32" class="Tests\Feature\Playground\Matrix\Resource\Http\Controllers\Playground\NoteRouteTest" classname="Tests.Feature.Playground.Matrix.Resource.Http.Controllers.Playground.NoteRouteTest" assertions="3" time="0.481005"/>
        <testcase name="test_json_restore_as_admin_and_succeed" file="/app/vendor/gammamatrix/playground-test/src/Feature/Http/Controllers/Resource/Playground/RestoreJsonTrait.php" line="64" class="Tests\Feature\Playground\Matrix\Resource\Http\Controllers\Playground\NoteRouteTest" classname="Tests.Feature.Playground.Matrix.Resource.Http.Controllers.Playground.NoteRouteTest" assertions="68" time="0.442531"/>
        <testcase name="test_json_restore_as_admin_and_succeed_with_no_redirect" file="/app/vendor/gammamatrix/playground-test/src/Feature/Http/Controllers/Resource/Playground/RestoreJsonTrait.php" line="100" class="Tests\Feature\Playground\Matrix\Resource\Http\Controllers\Playground\NoteRouteTest" classname="Tests.Feature.Playground.Matrix.Resource.Http.Controllers.Playground.NoteRouteTest" assertions="68" time="0.440982"/>
        <testcase name="test_json_restore_as_user_and_get_denied" file="/app/vendor/gammamatrix/playground-test/src/Feature/Http/Controllers/Resource/Playground/RestoreJsonTrait.php" line="143" class="Tests\Feature\Playground\Matrix\Resource\Http\Controllers\Playground\NoteRouteTest" classname="Tests.Feature.Playground.Matrix.Resource.Http.Controllers.Playground.NoteRouteTest" assertions="3" time="0.471926"/>
        <testcase name="test_guest_cannot_restore" file="/app/vendor/gammamatrix/playground-test/src/Feature/Http/Controllers/Resource/Playground/RestoreTrait.php" line="32" class="Tests\Feature\Playground\Matrix\Resource\Http\Controllers\Playground\NoteRouteTest" classname="Tests.Feature.Playground.Matrix.Resource.Http.Controllers.Playground.NoteRouteTest" assertions="3" time="0.422814"/>
        <testcase name="test_restore_as_admin_and_succeed" file="/app/vendor/gammamatrix/playground-test/src/Feature/Http/Controllers/Resource/Playground/RestoreTrait.php" line="64" class="Tests\Feature\Playground\Matrix\Resource\Http\Controllers\Playground\NoteRouteTest" classname="Tests.Feature.Playground.Matrix.Resource.Http.Controllers.Playground.NoteRouteTest" assertions="4" time="0.498916"/>
        <testcase name="test_restore_as_admin_and_succeed_with_redirect_to_index_with_only_trash" file="/app/vendor/gammamatrix/playground-test/src/Feature/Http/Controllers/Resource/Playground/RestoreTrait.php" line="100" class="Tests\Feature\Playground\Matrix\Resource\Http\Controllers\Playground\NoteRouteTest" classname="Tests.Feature.Playground.Matrix.Resource.Http.Controllers.Playground.NoteRouteTest" assertions="4" time="0.452235"/>
        <testcase name="test_restore_as_user_and_get_denied" file="/app/vendor/gammamatrix/playground-test/src/Feature/Http/Controllers/Resource/Playground/RestoreTrait.php" line="146" class="Tests\Feature\Playground\Matrix\Resource\Http\Controllers\Playground\NoteRouteTest" classname="Tests.Feature.Playground.Matrix.Resource.Http.Controllers.Playground.NoteRouteTest" assertions="3" time="0.482983"/>
        <testcase name="test_json_guest_cannot_see_info" file="/app/vendor/gammamatrix/playground-test/src/Feature/Http/Controllers/Resource/Playground/ShowJsonTrait.php" line="29" class="Tests\Feature\Playground\Matrix\Resource\Http\Controllers\Playground\NoteRouteTest" classname="Tests.Feature.Playground.Matrix.Resource.Http.Controllers.Playground.NoteRouteTest" assertions="1" time="0.421795"/>
        <testcase name="test_json_show_info_for_admin" file="/app/vendor/gammamatrix/playground-test/src/Feature/Http/Controllers/Resource/Playground/ShowJsonTrait.php" line="49" class="Tests\Feature\Playground\Matrix\Resource\Http\Controllers\Playground\NoteRouteTest" classname="Tests.Feature.Playground.Matrix.Resource.Http.Controllers.Playground.NoteRouteTest" assertions="67" time="0.435509"/>
        <testcase name="test_guest_cannot_render_show_view" file="/app/vendor/gammamatrix/playground-test/src/Feature/Http/Controllers/Resource/Playground/ShowTrait.php" line="29" class="Tests\Feature\Playground\Matrix\Resource\Http\Controllers\Playground\NoteRouteTest" classname="Tests.Feature.Playground.Matrix.Resource.Http.Controllers.Playground.NoteRouteTest" assertions="1" time="0.466589"/>
        <testcase name="test_show_view_rendered_by_admin" file="/app/vendor/gammamatrix/playground-test/src/Feature/Http/Controllers/Resource/Playground/ShowTrait.php" line="49" class="Tests\Feature\Playground\Matrix\Resource\Http\Controllers\Playground\NoteRouteTest" classname="Tests.Feature.Playground.Matrix.Resource.Http.Controllers.Playground.NoteRouteTest" assertions="2" time="0.448371"/>
        <testcase name="test_json_guest_cannot_store" file="/app/vendor/gammamatrix/playground-test/src/Feature/Http/Controllers/Resource/Playground/StoreJsonTrait.php" line="43" class="Tests\Feature\Playground\Matrix\Resource\Http\Controllers\Playground\NoteRouteTest" classname="Tests.Feature.Playground.Matrix.Resource.Http.Controllers.Playground.NoteRouteTest" assertions="3" time="0.483753"/>
        <testcase name="test_json_store_as_admin_without_payload_and_fail_validation" file="/app/vendor/gammamatrix/playground-test/src/Feature/Http/Controllers/Resource/Playground/StoreJsonTrait.php" line="66" class="Tests\Feature\Playground\Matrix\Resource\Http\Controllers\Playground\NoteRouteTest" classname="Tests.Feature.Playground.Matrix.Resource.Http.Controllers.Playground.NoteRouteTest" assertions="5" time="0.431608"/>
        <testcase name="test_json_store_as_admin_and_succeed" file="/app/vendor/gammamatrix/playground-test/src/Feature/Http/Controllers/Resource/Playground/StoreJsonTrait.php" line="92" class="Tests\Feature\Playground\Matrix\Resource\Http\Controllers\Playground\NoteRouteTest" classname="Tests.Feature.Playground.Matrix.Resource.Http.Controllers.Playground.NoteRouteTest" assertions="3" time="0.497914"/>
        <testcase name="test_guest_cannot_store" file="/app/vendor/gammamatrix/playground-test/src/Feature/Http/Controllers/Resource/Playground/StoreTrait.php" line="38" class="Tests\Feature\Playground\Matrix\Resource\Http\Controllers\Playground\NoteRouteTest" classname="Tests.Feature.Playground.Matrix.Resource.Http.Controllers.Playground.NoteRouteTest" assertions="3" time="0.418839"/>
        <testcase name="test_store_as_admin_without_payload_and_fail_validation" file="/app/vendor/gammamatrix/playground-test/src/Feature/Http/Controllers/Resource/Playground/StoreTrait.php" line="61" class="Tests\Feature\Playground\Matrix\Resource\Http\Controllers\Playground\NoteRouteTest" classname="Tests.Feature.Playground.Matrix.Resource.Http.Controllers.Playground.NoteRouteTest" assertions="5" time="0.430777"/>
        <testcase name="test_store_as_admin_and_succeed" file="/app/vendor/gammamatrix/playground-test/src/Feature/Http/Controllers/Resource/Playground/StoreTrait.php" line="90" class="Tests\Feature\Playground\Matrix\Resource\Http\Controllers\Playground\NoteRouteTest" classname="Tests.Feature.Playground.Matrix.Resource.Http.Controllers.Playground.NoteRouteTest" assertions="4" time="0.493273"/>
        <testcase name="test_store_as_admin_and_succeed_with_return_url" file="/app/vendor/gammamatrix/playground-test/src/Feature/Http/Controllers/Resource/Playground/StoreTrait.php" line="135" class="Tests\Feature\Playground\Matrix\Resource\Http\Controllers\Playground\NoteRouteTest" classname="Tests.Feature.Playground.Matrix.Resource.Http.Controllers.Playground.NoteRouteTest" assertions="4" time="0.461617"/>
        <testcase name="test_json_guest_cannot_unlock" file="/app/vendor/gammamatrix/playground-test/src/Feature/Http/Controllers/Resource/Playground/UnlockJsonTrait.php" line="36" class="Tests\Feature\Playground\Matrix\Resource\Http\Controllers\Playground\NoteRouteTest" classname="Tests.Feature.Playground.Matrix.Resource.Http.Controllers.Playground.NoteRouteTest" assertions="3" time="0.475699"/>
        <testcase name="test_json_unlock_as_admin_and_succeed" file="/app/vendor/gammamatrix/playground-test/src/Feature/Http/Controllers/Resource/Playground/UnlockJsonTrait.php" line="68" class="Tests\Feature\Playground\Matrix\Resource\Http\Controllers\Playground\NoteRouteTest" classname="Tests.Feature.Playground.Matrix.Resource.Http.Controllers.Playground.NoteRouteTest" assertions="68" time="0.441772"/>
        <testcase name="test_json_unlock_as_admin_and_succeed_with_no_redirect" file="/app/vendor/gammamatrix/playground-test/src/Feature/Http/Controllers/Resource/Playground/UnlockJsonTrait.php" line="104" class="Tests\Feature\Playground\Matrix\Resource\Http\Controllers\Playground\NoteRouteTest" classname="Tests.Feature.Playground.Matrix.Resource.Http.Controllers.Playground.NoteRouteTest" assertions="68" time="0.502068"/>
        <testcase name="test_json_unlock_as_user_and_get_denied" file="/app/vendor/gammamatrix/playground-test/src/Feature/Http/Controllers/Resource/Playground/UnlockJsonTrait.php" line="145" class="Tests\Feature\Playground\Matrix\Resource\Http\Controllers\Playground\NoteRouteTest" classname="Tests.Feature.Playground.Matrix.Resource.Http.Controllers.Playground.NoteRouteTest" assertions="3" time="0.436390"/>
        <testcase name="test_guest_cannot_unlock" file="/app/vendor/gammamatrix/playground-test/src/Feature/Http/Controllers/Resource/Playground/UnlockTrait.php" line="36" class="Tests\Feature\Playground\Matrix\Resource\Http\Controllers\Playground\NoteRouteTest" classname="Tests.Feature.Playground.Matrix.Resource.Http.Controllers.Playground.NoteRouteTest" assertions="3" time="0.482621"/>
        <testcase name="test_unlock_as_admin_and_succeed" file="/app/vendor/gammamatrix/playground-test/src/Feature/Http/Controllers/Resource/Playground/UnlockTrait.php" line="68" class="Tests\Feature\Playground\Matrix\Resource\Http\Controllers\Playground\NoteRouteTest" classname="Tests.Feature.Playground.Matrix.Resource.Http.Controllers.Playground.NoteRouteTest" assertions="4" time="0.446235"/>
        <testcase name="test_unlock_as_admin_and_succeed_with_redirect_to_index_with_sorted_by_unlocked_desc" file="/app/vendor/gammamatrix/playground-test/src/Feature/Http/Controllers/Resource/Playground/UnlockTrait.php" line="109" class="Tests\Feature\Playground\Matrix\Resource\Http\Controllers\Playground\NoteRouteTest" classname="Tests.Feature.Playground.Matrix.Resource.Http.Controllers.Playground.NoteRouteTest" assertions="4" time="0.440749"/>
        <testcase name="test_unlock_as_user_and_get_denied" file="/app/vendor/gammamatrix/playground-test/src/Feature/Http/Controllers/Resource/Playground/UnlockTrait.php" line="148" class="Tests\Feature\Playground\Matrix\Resource\Http\Controllers\Playground\NoteRouteTest" classname="Tests.Feature.Playground.Matrix.Resource.Http.Controllers.Playground.NoteRouteTest" assertions="3" time="0.477620"/>
        <testcase name="test_json_guest_cannot_update" file="/app/vendor/gammamatrix/playground-test/src/Feature/Http/Controllers/Resource/Playground/UpdateJsonTrait.php" line="45" class="Tests\Feature\Playground\Matrix\Resource\Http\Controllers\Playground\NoteRouteTest" classname="Tests.Feature.Playground.Matrix.Resource.Http.Controllers.Playground.NoteRouteTest" assertions="1" time="0.438641"/>
        <testcase name="test_json_update_as_admin_without_payload_and_fail_validation" file="/app/vendor/gammamatrix/playground-test/src/Feature/Http/Controllers/Resource/Playground/UpdateJsonTrait.php" line="65" class="Tests\Feature\Playground\Matrix\Resource\Http\Controllers\Playground\NoteRouteTest" classname="Tests.Feature.Playground.Matrix.Resource.Http.Controllers.Playground.NoteRouteTest" assertions="4" time="0.484210"/>
        <testcase name="test_json_admin_can_update" file="/app/vendor/gammamatrix/playground-test/src/Feature/Http/Controllers/Resource/Playground/UpdateJsonTrait.php" line="90" class="Tests\Feature\Playground\Matrix\Resource\Http\Controllers\Playground\NoteRouteTest" classname="Tests.Feature.Playground.Matrix.Resource.Http.Controllers.Playground.NoteRouteTest" assertions="70" time="0.480231"/>
        <testcase name="test_guest_cannot_update" file="/app/vendor/gammamatrix/playground-test/src/Feature/Http/Controllers/Resource/Playground/UpdateTrait.php" line="45" class="Tests\Feature\Playground\Matrix\Resource\Http\Controllers\Playground\NoteRouteTest" classname="Tests.Feature.Playground.Matrix.Resource.Http.Controllers.Playground.NoteRouteTest" assertions="1" time="0.487034"/>
        <testcase name="test_update_as_admin_without_payload_and_fail_validation" file="/app/vendor/gammamatrix/playground-test/src/Feature/Http/Controllers/Resource/Playground/UpdateTrait.php" line="65" class="Tests\Feature\Playground\Matrix\Resource\Http\Controllers\Playground\NoteRouteTest" classname="Tests.Feature.Playground.Matrix.Resource.Http.Controllers.Playground.NoteRouteTest" assertions="4" time="0.438370"/>
        <testcase name="test_admin_can_update" file="/app/vendor/gammamatrix/playground-test/src/Feature/Http/Controllers/Resource/Playground/UpdateTrait.php" line="90" class="Tests\Feature\Playground\Matrix\Resource\Http\Controllers\Playground\NoteRouteTest" classname="Tests.Feature.Playground.Matrix.Resource.Http.Controllers.Playground.NoteRouteTest" assertions="6" time="0.523347"/>
        <testcase name="test_admin_can_update_view_with_return_url" file="/app/vendor/gammamatrix/playground-test/src/Feature/Http/Controllers/Resource/Playground/UpdateTrait.php" line="133" class="Tests\Feature\Playground\Matrix\Resource\Http\Controllers\Playground\NoteRouteTest" classname="Tests.Feature.Playground.Matrix.Resource.Http.Controllers.Playground.NoteRouteTest" assertions="6" time="0.470414"/>
      </testsuite>
      <testsuite name="Tests\Feature\Playground\Matrix\Resource\Http\Controllers\Playground\ProjectRouteTest" file="/app/tests/Feature/Http/Controllers/Playground/ProjectRouteTest.php" tests="73" assertions="1137" errors="0" failures="0" skipped="0" time="33.988272">
        <testcase name="test_json_guest_cannot_get_create_info" file="/app/vendor/gammamatrix/playground-test/src/Feature/Http/Controllers/Resource/Playground/CreateJsonTrait.php" line="38" class="Tests\Feature\Playground\Matrix\Resource\Http\Controllers\Playground\ProjectRouteTest" classname="Tests.Feature.Playground.Matrix.Resource.Http.Controllers.Playground.ProjectRouteTest" assertions="1" time="0.485427"/>
        <testcase name="test_json_admin_can_get_create_info" file="/app/vendor/gammamatrix/playground-test/src/Feature/Http/Controllers/Resource/Playground/CreateJsonTrait.php" line="53" class="Tests\Feature\Playground\Matrix\Resource\Http\Controllers\Playground\ProjectRouteTest" classname="Tests.Feature.Playground.Matrix.Resource.Http.Controllers.Playground.ProjectRouteTest" assertions="101" time="0.480572"/>
        <testcase name="test_json_get_create_info_as_admin_with_invalid_parameter_and_fail_validation" file="/app/vendor/gammamatrix/playground-test/src/Feature/Http/Controllers/Resource/Playground/CreateJsonTrait.php" line="73" class="Tests\Feature\Playground\Matrix\Resource\Http\Controllers\Playground\ProjectRouteTest" classname="Tests.Feature.Playground.Matrix.Resource.Http.Controllers.Playground.ProjectRouteTest" assertions="4" time="0.429667"/>
        <testcase name="test_guest_cannot_render_create_view" file="/app/vendor/gammamatrix/playground-test/src/Feature/Http/Controllers/Resource/Playground/CreateTrait.php" line="33" class="Tests\Feature\Playground\Matrix\Resource\Http\Controllers\Playground\ProjectRouteTest" classname="Tests.Feature.Playground.Matrix.Resource.Http.Controllers.Playground.ProjectRouteTest" assertions="1" time="0.448737"/>
        <testcase name="test_admin_can_render_create_view" file="/app/vendor/gammamatrix/playground-test/src/Feature/Http/Controllers/Resource/Playground/CreateTrait.php" line="47" class="Tests\Feature\Playground\Matrix\Resource\Http\Controllers\Playground\ProjectRouteTest" classname="Tests.Feature.Playground.Matrix.Resource.Http.Controllers.Playground.ProjectRouteTest" assertions="2" time="0.469504"/>
        <testcase name="test_admin_can_render_create_view_with_return_url" file="/app/vendor/gammamatrix/playground-test/src/Feature/Http/Controllers/Resource/Playground/CreateTrait.php" line="65" class="Tests\Feature\Playground\Matrix\Resource\Http\Controllers\Playground\ProjectRouteTest" classname="Tests.Feature.Playground.Matrix.Resource.Http.Controllers.Playground.ProjectRouteTest" assertions="3" time="0.494363"/>
        <testcase name="test_create_view_as_admin_with_invalid_parameter_and_fail_validation_and_redirect" file="/app/vendor/gammamatrix/playground-test/src/Feature/Http/Controllers/Resource/Playground/CreateTrait.php" line="92" class="Tests\Feature\Playground\Matrix\Resource\Http\Controllers\Playground\ProjectRouteTest" classname="Tests.Feature.Playground.Matrix.Resource.Http.Controllers.Playground.ProjectRouteTest" assertions="5" time="0.423906"/>
        <testcase name="test_json_guest_cannot_destroy" file="/app/vendor/gammamatrix/playground-test/src/Feature/Http/Controllers/Resource/Playground/DestroyJsonTrait.php" line="31" class="Tests\Feature\Playground\Matrix\Resource\Http\Controllers\Playground\ProjectRouteTest" classname="Tests.Feature.Playground.Matrix.Resource.Http.Controllers.Playground.ProjectRouteTest" assertions="3" time="0.427262"/>
        <testcase name="test_json_destroy_as_admin_and_succeed" file="/app/vendor/gammamatrix/playground-test/src/Feature/Http/Controllers/Resource/Playground/DestroyJsonTrait.php" line="61" class="Tests\Feature\Playground\Matrix\Resource\Http\Controllers\Playground\ProjectRouteTest" classname="Tests.Feature.Playground.Matrix.Resource.Http.Controllers.Playground.ProjectRouteTest" assertions="5" time="0.475060"/>
        <testcase name="test_json_destroy_as_admin_and_succeed_with_force_delete" file="/app/vendor/gammamatrix/playground-test/src/Feature/Http/Controllers/Resource/Playground/DestroyJsonTrait.php" line="100" class="Tests\Feature\Playground\Matrix\Resource\Http\Controllers\Playground\ProjectRouteTest" classname="Tests.Feature.Playground.Matrix.Resource.Http.Controllers.Playground.ProjectRouteTest" assertions="4" time="0.427939"/>
        <testcase name="test_json_destroy_as_admin_and_succeed_with_no_content" file="/app/vendor/gammamatrix/playground-test/src/Feature/Http/Controllers/Resource/Playground/DestroyJsonTrait.php" line="132" class="Tests\Feature\Playground\Matrix\Resource\Http\Controllers\Playground\ProjectRouteTest" classname="Tests.Feature.Playground.Matrix.Resource.Http.Controllers.Playground.ProjectRouteTest" assertions="5" time="0.467660"/>
        <testcase name="test_json_destroy_as_admin_and_succeed_and_ignore_redirect" file="/app/vendor/gammamatrix/playground-test/src/Feature/Http/Controllers/Resource/Playground/DestroyJsonTrait.php" line="167" class="Tests\Feature\Playground\Matrix\Resource\Http\Controllers\Playground\ProjectRouteTest" classname="Tests.Feature.Playground.Matrix.Resource.Http.Controllers.Playground.ProjectRouteTest" assertions="5" time="0.425801"/>
        <testcase name="test_json_destroy_as_user_and_get_denied_and_no_force_delete_allowed" file="/app/vendor/gammamatrix/playground-test/src/Feature/Http/Controllers/Resource/Playground/DestroyJsonTrait.php" line="209" class="Tests\Feature\Playground\Matrix\Resource\Http\Controllers\Playground\ProjectRouteTest" classname="Tests.Feature.Playground.Matrix.Resource.Http.Controllers.Playground.ProjectRouteTest" assertions="3" time="0.484555"/>
        <testcase name="test_guest_cannot_destroy" file="/app/vendor/gammamatrix/playground-test/src/Feature/Http/Controllers/Resource/Playground/DestroyTrait.php" line="31" class="Tests\Feature\Playground\Matrix\Resource\Http\Controllers\Playground\ProjectRouteTest" classname="Tests.Feature.Playground.Matrix.Resource.Http.Controllers.Playground.ProjectRouteTest" assertions="3" time="0.419260"/>
        <testcase name="test_destroy_as_admin_and_succeed" file="/app/vendor/gammamatrix/playground-test/src/Feature/Http/Controllers/Resource/Playground/DestroyTrait.php" line="61" class="Tests\Feature\Playground\Matrix\Resource\Http\Controllers\Playground\ProjectRouteTest" classname="Tests.Feature.Playground.Matrix.Resource.Http.Controllers.Playground.ProjectRouteTest" assertions="5" time="0.435740"/>
        <testcase name="test_destroy_as_admin_and_succeed_with_force_delete" file="/app/vendor/gammamatrix/playground-test/src/Feature/Http/Controllers/Resource/Playground/DestroyTrait.php" line="97" class="Tests\Feature\Playground\Matrix\Resource\Http\Controllers\Playground\ProjectRouteTest" classname="Tests.Feature.Playground.Matrix.Resource.Http.Controllers.Playground.ProjectRouteTest" assertions="4" time="0.481186"/>
        <testcase name="test_destroy_as_admin_and_succeed_with_redirect_to_index_with_trash" file="/app/vendor/gammamatrix/playground-test/src/Feature/Http/Controllers/Resource/Playground/DestroyTrait.php" line="129" class="Tests\Feature\Playground\Matrix\Resource\Http\Controllers\Playground\ProjectRouteTest" classname="Tests.Feature.Playground.Matrix.Resource.Http.Controllers.Playground.ProjectRouteTest" assertions="5" time="0.430838"/>
        <testcase name="test_destroy_as_user_and_get_denied_and_no_force_delete_allowed" file="/app/vendor/gammamatrix/playground-test/src/Feature/Http/Controllers/Resource/Playground/DestroyTrait.php" line="171" class="Tests\Feature\Playground\Matrix\Resource\Http\Controllers\Playground\ProjectRouteTest" classname="Tests.Feature.Playground.Matrix.Resource.Http.Controllers.Playground.ProjectRouteTest" assertions="3" time="0.484496"/>
        <testcase name="test_json_guest_cannot_get_edit_info" file="/app/vendor/gammamatrix/playground-test/src/Feature/Http/Controllers/Resource/Playground/EditJsonTrait.php" line="38" class="Tests\Feature\Playground\Matrix\Resource\Http\Controllers\Playground\ProjectRouteTest" classname="Tests.Feature.Playground.Matrix.Resource.Http.Controllers.Playground.ProjectRouteTest" assertions="1" time="0.446946"/>
        <testcase name="test_json_admin_can_get_edit_info" file="/app/vendor/gammamatrix/playground-test/src/Feature/Http/Controllers/Resource/Playground/EditJsonTrait.php" line="58" class="Tests\Feature\Playground\Matrix\Resource\Http\Controllers\Playground\ProjectRouteTest" classname="Tests.Feature.Playground.Matrix.Resource.Http.Controllers.Playground.ProjectRouteTest" assertions="4" time="0.498057"/>
        <testcase name="test_json_edit_as_admin_and_fail_validation_with_invalid_parameter" file="/app/vendor/gammamatrix/playground-test/src/Feature/Http/Controllers/Resource/Playground/EditJsonTrait.php" line="87" class="Tests\Feature\Playground\Matrix\Resource\Http\Controllers\Playground\ProjectRouteTest" classname="Tests.Feature.Playground.Matrix.Resource.Http.Controllers.Playground.ProjectRouteTest" assertions="4" time="0.438114"/>
        <testcase name="test_guest_cannot_render_edit_view" file="/app/vendor/gammamatrix/playground-test/src/Feature/Http/Controllers/Resource/Playground/EditTrait.php" line="33" class="Tests\Feature\Playground\Matrix\Resource\Http\Controllers\Playground\ProjectRouteTest" classname="Tests.Feature.Playground.Matrix.Resource.Http.Controllers.Playground.ProjectRouteTest" assertions="1" time="0.424884"/>
        <testcase name="test_admin_can_render_edit_view" file="/app/vendor/gammamatrix/playground-test/src/Feature/Http/Controllers/Resource/Playground/EditTrait.php" line="53" class="Tests\Feature\Playground\Matrix\Resource\Http\Controllers\Playground\ProjectRouteTest" classname="Tests.Feature.Playground.Matrix.Resource.Http.Controllers.Playground.ProjectRouteTest" assertions="2" time="0.514646"/>
        <testcase name="test_admin_can_render_edit_view_with_return_url" file="/app/vendor/gammamatrix/playground-test/src/Feature/Http/Controllers/Resource/Playground/EditTrait.php" line="77" class="Tests\Feature\Playground\Matrix\Resource\Http\Controllers\Playground\ProjectRouteTest" classname="Tests.Feature.Playground.Matrix.Resource.Http.Controllers.Playground.ProjectRouteTest" assertions="3" time="0.471169"/>
        <testcase name="test_edit_view_as_admin_with_invalid_parameter_and_fail_validation_and_redirect" file="/app/vendor/gammamatrix/playground-test/src/Feature/Http/Controllers/Resource/Playground/EditTrait.php" line="109" class="Tests\Feature\Playground\Matrix\Resource\Http\Controllers\Playground\ProjectRouteTest" classname="Tests.Feature.Playground.Matrix.Resource.Http.Controllers.Playground.ProjectRouteTest" assertions="4" time="0.487732"/>
        <testcase name="test_json_guest_cannot_get_index" file="/app/vendor/gammamatrix/playground-test/src/Feature/Http/Controllers/Resource/Playground/IndexJsonTrait.php" line="34" class="Tests\Feature\Playground\Matrix\Resource\Http\Controllers\Playground\ProjectRouteTest" classname="Tests.Feature.Playground.Matrix.Resource.Http.Controllers.Playground.ProjectRouteTest" assertions="1" time="0.497338"/>
        <testcase name="test_json_admin_can_get_index" file="/app/vendor/gammamatrix/playground-test/src/Feature/Http/Controllers/Resource/Playground/IndexJsonTrait.php" line="49" class="Tests\Feature\Playground\Matrix\Resource\Http\Controllers\Playground\ProjectRouteTest" classname="Tests.Feature.Playground.Matrix.Resource.Http.Controllers.Playground.ProjectRouteTest" assertions="108" time="0.494667"/>
        <testcase name="test_json_admin_can_get_index_with_filters" file="/app/vendor/gammamatrix/playground-test/src/Feature/Http/Controllers/Resource/Playground/IndexJsonTrait.php" line="85" class="Tests\Feature\Playground\Matrix\Resource\Http\Controllers\Playground\ProjectRouteTest" classname="Tests.Feature.Playground.Matrix.Resource.Http.Controllers.Playground.ProjectRouteTest" assertions="3" time="0.442705"/>
        <testcase name="test_guest_cannot_render_index_view" file="/app/vendor/gammamatrix/playground-test/src/Feature/Http/Controllers/Resource/Playground/IndexTrait.php" line="29" class="Tests\Feature\Playground\Matrix\Resource\Http\Controllers\Playground\ProjectRouteTest" classname="Tests.Feature.Playground.Matrix.Resource.Http.Controllers.Playground.ProjectRouteTest" assertions="1" time="0.472977"/>
        <testcase name="test_admin_can_render_index_view" file="/app/vendor/gammamatrix/playground-test/src/Feature/Http/Controllers/Resource/Playground/IndexTrait.php" line="44" class="Tests\Feature\Playground\Matrix\Resource\Http\Controllers\Playground\ProjectRouteTest" classname="Tests.Feature.Playground.Matrix.Resource.Http.Controllers.Playground.ProjectRouteTest" assertions="2" time="0.477238"/>
        <testcase name="test_admin_can_render_index_view_with_filters" file="/app/vendor/gammamatrix/playground-test/src/Feature/Http/Controllers/Resource/Playground/IndexTrait.php" line="77" class="Tests\Feature\Playground\Matrix\Resource\Http\Controllers\Playground\ProjectRouteTest" classname="Tests.Feature.Playground.Matrix.Resource.Http.Controllers.Playground.ProjectRouteTest" assertions="3" time="0.518582"/>
        <testcase name="test_json_guest_cannot_lock" file="/app/vendor/gammamatrix/playground-test/src/Feature/Http/Controllers/Resource/Playground/LockJsonTrait.php" line="36" class="Tests\Feature\Playground\Matrix\Resource\Http\Controllers\Playground\ProjectRouteTest" classname="Tests.Feature.Playground.Matrix.Resource.Http.Controllers.Playground.ProjectRouteTest" assertions="3" time="0.424662"/>
        <testcase name="test_json_lock_as_admin_and_succeed" file="/app/vendor/gammamatrix/playground-test/src/Feature/Http/Controllers/Resource/Playground/LockJsonTrait.php" line="66" class="Tests\Feature\Playground\Matrix\Resource\Http\Controllers\Playground\ProjectRouteTest" classname="Tests.Feature.Playground.Matrix.Resource.Http.Controllers.Playground.ProjectRouteTest" assertions="3" time="0.440175"/>
        <testcase name="test_json_lock_as_admin_and_succeed_with_no_redirect" file="/app/vendor/gammamatrix/playground-test/src/Feature/Http/Controllers/Resource/Playground/LockJsonTrait.php" line="98" class="Tests\Feature\Playground\Matrix\Resource\Http\Controllers\Playground\ProjectRouteTest" classname="Tests.Feature.Playground.Matrix.Resource.Http.Controllers.Playground.ProjectRouteTest" assertions="103" time="0.503280"/>
        <testcase name="test_json_lock_as_user_and_get_denied" file="/app/vendor/gammamatrix/playground-test/src/Feature/Http/Controllers/Resource/Playground/LockJsonTrait.php" line="143" class="Tests\Feature\Playground\Matrix\Resource\Http\Controllers\Playground\ProjectRouteTest" classname="Tests.Feature.Playground.Matrix.Resource.Http.Controllers.Playground.ProjectRouteTest" assertions="3" time="0.436701"/>
        <testcase name="test_guest_cannot_lock" file="/app/vendor/gammamatrix/playground-test/src/Feature/Http/Controllers/Resource/Playground/LockTrait.php" line="31" class="Tests\Feature\Playground\Matrix\Resource\Http\Controllers\Playground\ProjectRouteTest" classname="Tests.Feature.Playground.Matrix.Resource.Http.Controllers.Playground.ProjectRouteTest" assertions="3" time="0.466819"/>
        <testcase name="test_lock_as_admin_and_succeed" file="/app/vendor/gammamatrix/playground-test/src/Feature/Http/Controllers/Resource/Playground/LockTrait.php" line="61" class="Tests\Feature\Playground\Matrix\Resource\Http\Controllers\Playground\ProjectRouteTest" classname="Tests.Feature.Playground.Matrix.Resource.Http.Controllers.Playground.ProjectRouteTest" assertions="4" time="0.439692"/>
        <testcase name="test_lock_as_admin_and_succeed_with_redirect_to_index_with_sorted_by_locked_desc" file="/app/vendor/gammamatrix/playground-test/src/Feature/Http/Controllers/Resource/Playground/LockTrait.php" line="95" class="Tests\Feature\Playground\Matrix\Resource\Http\Controllers\Playground\ProjectRouteTest" classname="Tests.Feature.Playground.Matrix.Resource.Http.Controllers.Playground.ProjectRouteTest" assertions="4" time="0.494214"/>
        <testcase name="test_lock_as_user_and_get_denied" file="/app/vendor/gammamatrix/playground-test/src/Feature/Http/Controllers/Resource/Playground/LockTrait.php" line="132" class="Tests\Feature\Playground\Matrix\Resource\Http\Controllers\Playground\ProjectRouteTest" classname="Tests.Feature.Playground.Matrix.Resource.Http.Controllers.Playground.ProjectRouteTest" assertions="3" time="0.430074"/>
        <testcase name="test_json_guest_cannot_restore" file="/app/vendor/gammamatrix/playground-test/src/Feature/Http/Controllers/Resource/Playground/RestoreJsonTrait.php" line="32" class="Tests\Feature\Playground\Matrix\Resource\Http\Controllers\Playground\ProjectRouteTest" classname="Tests.Feature.Playground.Matrix.Resource.Http.Controllers.Playground.ProjectRouteTest" assertions="3" time="0.427511"/>
        <testcase name="test_json_restore_as_admin_and_succeed" file="/app/vendor/gammamatrix/playground-test/src/Feature/Http/Controllers/Resource/Playground/RestoreJsonTrait.php" line="64" class="Tests\Feature\Playground\Matrix\Resource\Http\Controllers\Playground\ProjectRouteTest" classname="Tests.Feature.Playground.Matrix.Resource.Http.Controllers.Playground.ProjectRouteTest" assertions="103" time="0.507358"/>
        <testcase name="test_json_restore_as_admin_and_succeed_with_no_redirect" file="/app/vendor/gammamatrix/playground-test/src/Feature/Http/Controllers/Resource/Playground/RestoreJsonTrait.php" line="100" class="Tests\Feature\Playground\Matrix\Resource\Http\Controllers\Playground\ProjectRouteTest" classname="Tests.Feature.Playground.Matrix.Resource.Http.Controllers.Playground.ProjectRouteTest" assertions="103" time="0.444828"/>
        <testcase name="test_json_restore_as_user_and_get_denied" file="/app/vendor/gammamatrix/playground-test/src/Feature/Http/Controllers/Resource/Playground/RestoreJsonTrait.php" line="143" class="Tests\Feature\Playground\Matrix\Resource\Http\Controllers\Playground\ProjectRouteTest" classname="Tests.Feature.Playground.Matrix.Resource.Http.Controllers.Playground.ProjectRouteTest" assertions="3" time="0.496777"/>
        <testcase name="test_guest_cannot_restore" file="/app/vendor/gammamatrix/playground-test/src/Feature/Http/Controllers/Resource/Playground/RestoreTrait.php" line="32" class="Tests\Feature\Playground\Matrix\Resource\Http\Controllers\Playground\ProjectRouteTest" classname="Tests.Feature.Playground.Matrix.Resource.Http.Controllers.Playground.ProjectRouteTest" assertions="3" time="0.423541"/>
        <testcase name="test_restore_as_admin_and_succeed" file="/app/vendor/gammamatrix/playground-test/src/Feature/Http/Controllers/Resource/Playground/RestoreTrait.php" line="64" class="Tests\Feature\Playground\Matrix\Resource\Http\Controllers\Playground\ProjectRouteTest" classname="Tests.Feature.Playground.Matrix.Resource.Http.Controllers.Playground.ProjectRouteTest" assertions="4" time="0.503392"/>
        <testcase name="test_restore_as_admin_and_succeed_with_redirect_to_index_with_only_trash" file="/app/vendor/gammamatrix/playground-test/src/Feature/Http/Controllers/Resource/Playground/RestoreTrait.php" line="100" class="Tests\Feature\Playground\Matrix\Resource\Http\Controllers\Playground\ProjectRouteTest" classname="Tests.Feature.Playground.Matrix.Resource.Http.Controllers.Playground.ProjectRouteTest" assertions="4" time="0.435358"/>
        <testcase name="test_restore_as_user_and_get_denied" file="/app/vendor/gammamatrix/playground-test/src/Feature/Http/Controllers/Resource/Playground/RestoreTrait.php" line="146" class="Tests\Feature\Playground\Matrix\Resource\Http\Controllers\Playground\ProjectRouteTest" classname="Tests.Feature.Playground.Matrix.Resource.Http.Controllers.Playground.ProjectRouteTest" assertions="3" time="0.443127"/>
        <testcase name="test_json_guest_cannot_see_info" file="/app/vendor/gammamatrix/playground-test/src/Feature/Http/Controllers/Resource/Playground/ShowJsonTrait.php" line="29" class="Tests\Feature\Playground\Matrix\Resource\Http\Controllers\Playground\ProjectRouteTest" classname="Tests.Feature.Playground.Matrix.Resource.Http.Controllers.Playground.ProjectRouteTest" assertions="1" time="0.475987"/>
        <testcase name="test_json_show_info_for_admin" file="/app/vendor/gammamatrix/playground-test/src/Feature/Http/Controllers/Resource/Playground/ShowJsonTrait.php" line="49" class="Tests\Feature\Playground\Matrix\Resource\Http\Controllers\Playground\ProjectRouteTest" classname="Tests.Feature.Playground.Matrix.Resource.Http.Controllers.Playground.ProjectRouteTest" assertions="102" time="0.447712"/>
        <testcase name="test_guest_cannot_render_show_view" file="/app/vendor/gammamatrix/playground-test/src/Feature/Http/Controllers/Resource/Playground/ShowTrait.php" line="29" class="Tests\Feature\Playground\Matrix\Resource\Http\Controllers\Playground\ProjectRouteTest" classname="Tests.Feature.Playground.Matrix.Resource.Http.Controllers.Playground.ProjectRouteTest" assertions="1" time="0.480867"/>
        <testcase name="test_show_view_rendered_by_admin" file="/app/vendor/gammamatrix/playground-test/src/Feature/Http/Controllers/Resource/Playground/ShowTrait.php" line="49" class="Tests\Feature\Playground\Matrix\Resource\Http\Controllers\Playground\ProjectRouteTest" classname="Tests.Feature.Playground.Matrix.Resource.Http.Controllers.Playground.ProjectRouteTest" assertions="2" time="0.445951"/>
        <testcase name="test_json_guest_cannot_store" file="/app/vendor/gammamatrix/playground-test/src/Feature/Http/Controllers/Resource/Playground/StoreJsonTrait.php" line="43" class="Tests\Feature\Playground\Matrix\Resource\Http\Controllers\Playground\ProjectRouteTest" classname="Tests.Feature.Playground.Matrix.Resource.Http.Controllers.Playground.ProjectRouteTest" assertions="3" time="0.499574"/>
        <testcase name="test_json_store_as_admin_without_payload_and_fail_validation" file="/app/vendor/gammamatrix/playground-test/src/Feature/Http/Controllers/Resource/Playground/StoreJsonTrait.php" line="66" class="Tests\Feature\Playground\Matrix\Resource\Http\Controllers\Playground\ProjectRouteTest" classname="Tests.Feature.Playground.Matrix.Resource.Http.Controllers.Playground.ProjectRouteTest" assertions="5" time="0.441240"/>
        <testcase name="test_json_store_as_admin_and_succeed" file="/app/vendor/gammamatrix/playground-test/src/Feature/Http/Controllers/Resource/Playground/StoreJsonTrait.php" line="92" class="Tests\Feature\Playground\Matrix\Resource\Http\Controllers\Playground\ProjectRouteTest" classname="Tests.Feature.Playground.Matrix.Resource.Http.Controllers.Playground.ProjectRouteTest" assertions="3" time="0.468305"/>
        <testcase name="test_guest_cannot_store" file="/app/vendor/gammamatrix/playground-test/src/Feature/Http/Controllers/Resource/Playground/StoreTrait.php" line="38" class="Tests\Feature\Playground\Matrix\Resource\Http\Controllers\Playground\ProjectRouteTest" classname="Tests.Feature.Playground.Matrix.Resource.Http.Controllers.Playground.ProjectRouteTest" assertions="3" time="0.458147"/>
        <testcase name="test_store_as_admin_without_payload_and_fail_validation" file="/app/vendor/gammamatrix/playground-test/src/Feature/Http/Controllers/Resource/Playground/StoreTrait.php" line="61" class="Tests\Feature\Playground\Matrix\Resource\Http\Controllers\Playground\ProjectRouteTest" classname="Tests.Feature.Playground.Matrix.Resource.Http.Controllers.Playground.ProjectRouteTest" assertions="5" time="0.433347"/>
        <testcase name="test_store_as_admin_and_succeed" file="/app/vendor/gammamatrix/playground-test/src/Feature/Http/Controllers/Resource/Playground/StoreTrait.php" line="90" class="Tests\Feature\Playground\Matrix\Resource\Http\Controllers\Playground\ProjectRouteTest" classname="Tests.Feature.Playground.Matrix.Resource.Http.Controllers.Playground.ProjectRouteTest" assertions="4" time="0.516119"/>
        <testcase name="test_store_as_admin_and_succeed_with_return_url" file="/app/vendor/gammamatrix/playground-test/src/Feature/Http/Controllers/Resource/Playground/StoreTrait.php" line="135" class="Tests\Feature\Playground\Matrix\Resource\Http\Controllers\Playground\ProjectRouteTest" classname="Tests.Feature.Playground.Matrix.Resource.Http.Controllers.Playground.ProjectRouteTest" assertions="4" time="0.461234"/>
        <testcase name="test_json_guest_cannot_unlock" file="/app/vendor/gammamatrix/playground-test/src/Feature/Http/Controllers/Resource/Playground/UnlockJsonTrait.php" line="36" class="Tests\Feature\Playground\Matrix\Resource\Http\Controllers\Playground\ProjectRouteTest" classname="Tests.Feature.Playground.Matrix.Resource.Http.Controllers.Playground.ProjectRouteTest" assertions="3" time="0.481575"/>
        <testcase name="test_json_unlock_as_admin_and_succeed" file="/app/vendor/gammamatrix/playground-test/src/Feature/Http/Controllers/Resource/Playground/UnlockJsonTrait.php" line="68" class="Tests\Feature\Playground\Matrix\Resource\Http\Controllers\Playground\ProjectRouteTest" classname="Tests.Feature.Playground.Matrix.Resource.Http.Controllers.Playground.ProjectRouteTest" assertions="103" time="0.458149"/>
        <testcase name="test_json_unlock_as_admin_and_succeed_with_no_redirect" file="/app/vendor/gammamatrix/playground-test/src/Feature/Http/Controllers/Resource/Playground/UnlockJsonTrait.php" line="104" class="Tests\Feature\Playground\Matrix\Resource\Http\Controllers\Playground\ProjectRouteTest" classname="Tests.Feature.Playground.Matrix.Resource.Http.Controllers.Playground.ProjectRouteTest" assertions="103" time="0.506893"/>
        <testcase name="test_json_unlock_as_user_and_get_denied" file="/app/vendor/gammamatrix/playground-test/src/Feature/Http/Controllers/Resource/Playground/UnlockJsonTrait.php" line="145" class="Tests\Feature\Playground\Matrix\Resource\Http\Controllers\Playground\ProjectRouteTest" classname="Tests.Feature.Playground.Matrix.Resource.Http.Controllers.Playground.ProjectRouteTest" assertions="3" time="0.438856"/>
        <testcase name="test_guest_cannot_unlock" file="/app/vendor/gammamatrix/playground-test/src/Feature/Http/Controllers/Resource/Playground/UnlockTrait.php" line="36" class="Tests\Feature\Playground\Matrix\Resource\Http\Controllers\Playground\ProjectRouteTest" classname="Tests.Feature.Playground.Matrix.Resource.Http.Controllers.Playground.ProjectRouteTest" assertions="3" time="0.439747"/>
        <testcase name="test_unlock_as_admin_and_succeed" file="/app/vendor/gammamatrix/playground-test/src/Feature/Http/Controllers/Resource/Playground/UnlockTrait.php" line="68" class="Tests\Feature\Playground\Matrix\Resource\Http\Controllers\Playground\ProjectRouteTest" classname="Tests.Feature.Playground.Matrix.Resource.Http.Controllers.Playground.ProjectRouteTest" assertions="4" time="0.499570"/>
        <testcase name="test_unlock_as_admin_and_succeed_with_redirect_to_index_with_sorted_by_unlocked_desc" file="/app/vendor/gammamatrix/playground-test/src/Feature/Http/Controllers/Resource/Playground/UnlockTrait.php" line="109" class="Tests\Feature\Playground\Matrix\Resource\Http\Controllers\Playground\ProjectRouteTest" classname="Tests.Feature.Playground.Matrix.Resource.Http.Controllers.Playground.ProjectRouteTest" assertions="4" time="0.441843"/>
        <testcase name="test_unlock_as_user_and_get_denied" file="/app/vendor/gammamatrix/playground-test/src/Feature/Http/Controllers/Resource/Playground/UnlockTrait.php" line="148" class="Tests\Feature\Playground\Matrix\Resource\Http\Controllers\Playground\ProjectRouteTest" classname="Tests.Feature.Playground.Matrix.Resource.Http.Controllers.Playground.ProjectRouteTest" assertions="3" time="0.493467"/>
        <testcase name="test_json_guest_cannot_update" file="/app/vendor/gammamatrix/playground-test/src/Feature/Http/Controllers/Resource/Playground/UpdateJsonTrait.php" line="45" class="Tests\Feature\Playground\Matrix\Resource\Http\Controllers\Playground\ProjectRouteTest" classname="Tests.Feature.Playground.Matrix.Resource.Http.Controllers.Playground.ProjectRouteTest" assertions="1" time="0.458185"/>
        <testcase name="test_json_update_as_admin_without_payload_and_fail_validation" file="/app/vendor/gammamatrix/playground-test/src/Feature/Http/Controllers/Resource/Playground/UpdateJsonTrait.php" line="65" class="Tests\Feature\Playground\Matrix\Resource\Http\Controllers\Playground\ProjectRouteTest" classname="Tests.Feature.Playground.Matrix.Resource.Http.Controllers.Playground.ProjectRouteTest" assertions="4" time="0.493915"/>
        <testcase name="test_json_admin_can_update" file="/app/vendor/gammamatrix/playground-test/src/Feature/Http/Controllers/Resource/Playground/UpdateJsonTrait.php" line="90" class="Tests\Feature\Playground\Matrix\Resource\Http\Controllers\Playground\ProjectRouteTest" classname="Tests.Feature.Playground.Matrix.Resource.Http.Controllers.Playground.ProjectRouteTest" assertions="105" time="0.490381"/>
        <testcase name="test_guest_cannot_update" file="/app/vendor/gammamatrix/playground-test/src/Feature/Http/Controllers/Resource/Playground/UpdateTrait.php" line="45" class="Tests\Feature\Playground\Matrix\Resource\Http\Controllers\Playground\ProjectRouteTest" classname="Tests.Feature.Playground.Matrix.Resource.Http.Controllers.Playground.ProjectRouteTest" assertions="1" time="0.486236"/>
        <testcase name="test_update_as_admin_without_payload_and_fail_validation" file="/app/vendor/gammamatrix/playground-test/src/Feature/Http/Controllers/Resource/Playground/UpdateTrait.php" line="65" class="Tests\Feature\Playground\Matrix\Resource\Http\Controllers\Playground\ProjectRouteTest" classname="Tests.Feature.Playground.Matrix.Resource.Http.Controllers.Playground.ProjectRouteTest" assertions="4" time="0.454733"/>
        <testcase name="test_admin_can_update" file="/app/vendor/gammamatrix/playground-test/src/Feature/Http/Controllers/Resource/Playground/UpdateTrait.php" line="90" class="Tests\Feature\Playground\Matrix\Resource\Http\Controllers\Playground\ProjectRouteTest" classname="Tests.Feature.Playground.Matrix.Resource.Http.Controllers.Playground.ProjectRouteTest" assertions="6" time="0.485989"/>
        <testcase name="test_admin_can_update_view_with_return_url" file="/app/vendor/gammamatrix/playground-test/src/Feature/Http/Controllers/Resource/Playground/UpdateTrait.php" line="133" class="Tests\Feature\Playground\Matrix\Resource\Http\Controllers\Playground\ProjectRouteTest" classname="Tests.Feature.Playground.Matrix.Resource.Http.Controllers.Playground.ProjectRouteTest" assertions="6" time="0.535715"/>
      </testsuite>
      <testsuite name="Tests\Feature\Playground\Matrix\Resource\Http\Controllers\Playground\ReleaseRouteTest" file="/app/tests/Feature/Http/Controllers/Playground/ReleaseRouteTest.php" tests="73" assertions="1119" errors="0" failures="0" skipped="0" time="34.391212">
        <testcase name="test_json_guest_cannot_get_create_info" file="/app/vendor/gammamatrix/playground-test/src/Feature/Http/Controllers/Resource/Playground/CreateJsonTrait.php" line="38" class="Tests\Feature\Playground\Matrix\Resource\Http\Controllers\Playground\ReleaseRouteTest" classname="Tests.Feature.Playground.Matrix.Resource.Http.Controllers.Playground.ReleaseRouteTest" assertions="1" time="0.485069"/>
        <testcase name="test_json_admin_can_get_create_info" file="/app/vendor/gammamatrix/playground-test/src/Feature/Http/Controllers/Resource/Playground/CreateJsonTrait.php" line="53" class="Tests\Feature\Playground\Matrix\Resource\Http\Controllers\Playground\ReleaseRouteTest" classname="Tests.Feature.Playground.Matrix.Resource.Http.Controllers.Playground.ReleaseRouteTest" assertions="99" time="0.484955"/>
        <testcase name="test_json_get_create_info_as_admin_with_invalid_parameter_and_fail_validation" file="/app/vendor/gammamatrix/playground-test/src/Feature/Http/Controllers/Resource/Playground/CreateJsonTrait.php" line="73" class="Tests\Feature\Playground\Matrix\Resource\Http\Controllers\Playground\ReleaseRouteTest" classname="Tests.Feature.Playground.Matrix.Resource.Http.Controllers.Playground.ReleaseRouteTest" assertions="4" time="0.424126"/>
        <testcase name="test_guest_cannot_render_create_view" file="/app/vendor/gammamatrix/playground-test/src/Feature/Http/Controllers/Resource/Playground/CreateTrait.php" line="33" class="Tests\Feature\Playground\Matrix\Resource\Http\Controllers\Playground\ReleaseRouteTest" classname="Tests.Feature.Playground.Matrix.Resource.Http.Controllers.Playground.ReleaseRouteTest" assertions="1" time="0.458825"/>
        <testcase name="test_admin_can_render_create_view" file="/app/vendor/gammamatrix/playground-test/src/Feature/Http/Controllers/Resource/Playground/CreateTrait.php" line="47" class="Tests\Feature\Playground\Matrix\Resource\Http\Controllers\Playground\ReleaseRouteTest" classname="Tests.Feature.Playground.Matrix.Resource.Http.Controllers.Playground.ReleaseRouteTest" assertions="2" time="0.476593"/>
        <testcase name="test_admin_can_render_create_view_with_return_url" file="/app/vendor/gammamatrix/playground-test/src/Feature/Http/Controllers/Resource/Playground/CreateTrait.php" line="65" class="Tests\Feature\Playground\Matrix\Resource\Http\Controllers\Playground\ReleaseRouteTest" classname="Tests.Feature.Playground.Matrix.Resource.Http.Controllers.Playground.ReleaseRouteTest" assertions="3" time="0.491155"/>
        <testcase name="test_create_view_as_admin_with_invalid_parameter_and_fail_validation_and_redirect" file="/app/vendor/gammamatrix/playground-test/src/Feature/Http/Controllers/Resource/Playground/CreateTrait.php" line="92" class="Tests\Feature\Playground\Matrix\Resource\Http\Controllers\Playground\ReleaseRouteTest" classname="Tests.Feature.Playground.Matrix.Resource.Http.Controllers.Playground.ReleaseRouteTest" assertions="5" time="0.423663"/>
        <testcase name="test_json_guest_cannot_destroy" file="/app/vendor/gammamatrix/playground-test/src/Feature/Http/Controllers/Resource/Playground/DestroyJsonTrait.php" line="31" class="Tests\Feature\Playground\Matrix\Resource\Http\Controllers\Playground\ReleaseRouteTest" classname="Tests.Feature.Playground.Matrix.Resource.Http.Controllers.Playground.ReleaseRouteTest" assertions="3" time="0.426031"/>
        <testcase name="test_json_destroy_as_admin_and_succeed" file="/app/vendor/gammamatrix/playground-test/src/Feature/Http/Controllers/Resource/Playground/DestroyJsonTrait.php" line="61" class="Tests\Feature\Playground\Matrix\Resource\Http\Controllers\Playground\ReleaseRouteTest" classname="Tests.Feature.Playground.Matrix.Resource.Http.Controllers.Playground.ReleaseRouteTest" assertions="5" time="0.479398"/>
        <testcase name="test_json_destroy_as_admin_and_succeed_with_force_delete" file="/app/vendor/gammamatrix/playground-test/src/Feature/Http/Controllers/Resource/Playground/DestroyJsonTrait.php" line="100" class="Tests\Feature\Playground\Matrix\Resource\Http\Controllers\Playground\ReleaseRouteTest" classname="Tests.Feature.Playground.Matrix.Resource.Http.Controllers.Playground.ReleaseRouteTest" assertions="4" time="0.426852"/>
        <testcase name="test_json_destroy_as_admin_and_succeed_with_no_content" file="/app/vendor/gammamatrix/playground-test/src/Feature/Http/Controllers/Resource/Playground/DestroyJsonTrait.php" line="132" class="Tests\Feature\Playground\Matrix\Resource\Http\Controllers\Playground\ReleaseRouteTest" classname="Tests.Feature.Playground.Matrix.Resource.Http.Controllers.Playground.ReleaseRouteTest" assertions="5" time="0.508619"/>
        <testcase name="test_json_destroy_as_admin_and_succeed_and_ignore_redirect" file="/app/vendor/gammamatrix/playground-test/src/Feature/Http/Controllers/Resource/Playground/DestroyJsonTrait.php" line="167" class="Tests\Feature\Playground\Matrix\Resource\Http\Controllers\Playground\ReleaseRouteTest" classname="Tests.Feature.Playground.Matrix.Resource.Http.Controllers.Playground.ReleaseRouteTest" assertions="5" time="0.427000"/>
        <testcase name="test_json_destroy_as_user_and_get_denied_and_no_force_delete_allowed" file="/app/vendor/gammamatrix/playground-test/src/Feature/Http/Controllers/Resource/Playground/DestroyJsonTrait.php" line="209" class="Tests\Feature\Playground\Matrix\Resource\Http\Controllers\Playground\ReleaseRouteTest" classname="Tests.Feature.Playground.Matrix.Resource.Http.Controllers.Playground.ReleaseRouteTest" assertions="3" time="0.486018"/>
        <testcase name="test_guest_cannot_destroy" file="/app/vendor/gammamatrix/playground-test/src/Feature/Http/Controllers/Resource/Playground/DestroyTrait.php" line="31" class="Tests\Feature\Playground\Matrix\Resource\Http\Controllers\Playground\ReleaseRouteTest" classname="Tests.Feature.Playground.Matrix.Resource.Http.Controllers.Playground.ReleaseRouteTest" assertions="3" time="0.421652"/>
        <testcase name="test_destroy_as_admin_and_succeed" file="/app/vendor/gammamatrix/playground-test/src/Feature/Http/Controllers/Resource/Playground/DestroyTrait.php" line="61" class="Tests\Feature\Playground\Matrix\Resource\Http\Controllers\Playground\ReleaseRouteTest" classname="Tests.Feature.Playground.Matrix.Resource.Http.Controllers.Playground.ReleaseRouteTest" assertions="5" time="0.430136"/>
        <testcase name="test_destroy_as_admin_and_succeed_with_force_delete" file="/app/vendor/gammamatrix/playground-test/src/Feature/Http/Controllers/Resource/Playground/DestroyTrait.php" line="97" class="Tests\Feature\Playground\Matrix\Resource\Http\Controllers\Playground\ReleaseRouteTest" classname="Tests.Feature.Playground.Matrix.Resource.Http.Controllers.Playground.ReleaseRouteTest" assertions="4" time="0.494943"/>
        <testcase name="test_destroy_as_admin_and_succeed_with_redirect_to_index_with_trash" file="/app/vendor/gammamatrix/playground-test/src/Feature/Http/Controllers/Resource/Playground/DestroyTrait.php" line="129" class="Tests\Feature\Playground\Matrix\Resource\Http\Controllers\Playground\ReleaseRouteTest" classname="Tests.Feature.Playground.Matrix.Resource.Http.Controllers.Playground.ReleaseRouteTest" assertions="5" time="0.438399"/>
        <testcase name="test_destroy_as_user_and_get_denied_and_no_force_delete_allowed" file="/app/vendor/gammamatrix/playground-test/src/Feature/Http/Controllers/Resource/Playground/DestroyTrait.php" line="171" class="Tests\Feature\Playground\Matrix\Resource\Http\Controllers\Playground\ReleaseRouteTest" classname="Tests.Feature.Playground.Matrix.Resource.Http.Controllers.Playground.ReleaseRouteTest" assertions="3" time="0.484545"/>
        <testcase name="test_json_guest_cannot_get_edit_info" file="/app/vendor/gammamatrix/playground-test/src/Feature/Http/Controllers/Resource/Playground/EditJsonTrait.php" line="38" class="Tests\Feature\Playground\Matrix\Resource\Http\Controllers\Playground\ReleaseRouteTest" classname="Tests.Feature.Playground.Matrix.Resource.Http.Controllers.Playground.ReleaseRouteTest" assertions="1" time="0.437180"/>
        <testcase name="test_json_admin_can_get_edit_info" file="/app/vendor/gammamatrix/playground-test/src/Feature/Http/Controllers/Resource/Playground/EditJsonTrait.php" line="58" class="Tests\Feature\Playground\Matrix\Resource\Http\Controllers\Playground\ReleaseRouteTest" classname="Tests.Feature.Playground.Matrix.Resource.Http.Controllers.Playground.ReleaseRouteTest" assertions="4" time="0.496174"/>
        <testcase name="test_json_edit_as_admin_and_fail_validation_with_invalid_parameter" file="/app/vendor/gammamatrix/playground-test/src/Feature/Http/Controllers/Resource/Playground/EditJsonTrait.php" line="87" class="Tests\Feature\Playground\Matrix\Resource\Http\Controllers\Playground\ReleaseRouteTest" classname="Tests.Feature.Playground.Matrix.Resource.Http.Controllers.Playground.ReleaseRouteTest" assertions="4" time="0.436127"/>
        <testcase name="test_guest_cannot_render_edit_view" file="/app/vendor/gammamatrix/playground-test/src/Feature/Http/Controllers/Resource/Playground/EditTrait.php" line="33" class="Tests\Feature\Playground\Matrix\Resource\Http\Controllers\Playground\ReleaseRouteTest" classname="Tests.Feature.Playground.Matrix.Resource.Http.Controllers.Playground.ReleaseRouteTest" assertions="1" time="0.424802"/>
        <testcase name="test_admin_can_render_edit_view" file="/app/vendor/gammamatrix/playground-test/src/Feature/Http/Controllers/Resource/Playground/EditTrait.php" line="53" class="Tests\Feature\Playground\Matrix\Resource\Http\Controllers\Playground\ReleaseRouteTest" classname="Tests.Feature.Playground.Matrix.Resource.Http.Controllers.Playground.ReleaseRouteTest" assertions="2" time="0.528751"/>
        <testcase name="test_admin_can_render_edit_view_with_return_url" file="/app/vendor/gammamatrix/playground-test/src/Feature/Http/Controllers/Resource/Playground/EditTrait.php" line="77" class="Tests\Feature\Playground\Matrix\Resource\Http\Controllers\Playground\ReleaseRouteTest" classname="Tests.Feature.Playground.Matrix.Resource.Http.Controllers.Playground.ReleaseRouteTest" assertions="3" time="0.458073"/>
        <testcase name="test_edit_view_as_admin_with_invalid_parameter_and_fail_validation_and_redirect" file="/app/vendor/gammamatrix/playground-test/src/Feature/Http/Controllers/Resource/Playground/EditTrait.php" line="109" class="Tests\Feature\Playground\Matrix\Resource\Http\Controllers\Playground\ReleaseRouteTest" classname="Tests.Feature.Playground.Matrix.Resource.Http.Controllers.Playground.ReleaseRouteTest" assertions="4" time="0.504382"/>
        <testcase name="test_json_guest_cannot_get_index" file="/app/vendor/gammamatrix/playground-test/src/Feature/Http/Controllers/Resource/Playground/IndexJsonTrait.php" line="34" class="Tests\Feature\Playground\Matrix\Resource\Http\Controllers\Playground\ReleaseRouteTest" classname="Tests.Feature.Playground.Matrix.Resource.Http.Controllers.Playground.ReleaseRouteTest" assertions="1" time="0.494376"/>
        <testcase name="test_json_admin_can_get_index" file="/app/vendor/gammamatrix/playground-test/src/Feature/Http/Controllers/Resource/Playground/IndexJsonTrait.php" line="49" class="Tests\Feature\Playground\Matrix\Resource\Http\Controllers\Playground\ReleaseRouteTest" classname="Tests.Feature.Playground.Matrix.Resource.Http.Controllers.Playground.ReleaseRouteTest" assertions="106" time="0.508234"/>
        <testcase name="test_json_admin_can_get_index_with_filters" file="/app/vendor/gammamatrix/playground-test/src/Feature/Http/Controllers/Resource/Playground/IndexJsonTrait.php" line="85" class="Tests\Feature\Playground\Matrix\Resource\Http\Controllers\Playground\ReleaseRouteTest" classname="Tests.Feature.Playground.Matrix.Resource.Http.Controllers.Playground.ReleaseRouteTest" assertions="3" time="0.443276"/>
        <testcase name="test_guest_cannot_render_index_view" file="/app/vendor/gammamatrix/playground-test/src/Feature/Http/Controllers/Resource/Playground/IndexTrait.php" line="29" class="Tests\Feature\Playground\Matrix\Resource\Http\Controllers\Playground\ReleaseRouteTest" classname="Tests.Feature.Playground.Matrix.Resource.Http.Controllers.Playground.ReleaseRouteTest" assertions="1" time="0.493628"/>
        <testcase name="test_admin_can_render_index_view" file="/app/vendor/gammamatrix/playground-test/src/Feature/Http/Controllers/Resource/Playground/IndexTrait.php" line="44" class="Tests\Feature\Playground\Matrix\Resource\Http\Controllers\Playground\ReleaseRouteTest" classname="Tests.Feature.Playground.Matrix.Resource.Http.Controllers.Playground.ReleaseRouteTest" assertions="2" time="0.461612"/>
        <testcase name="test_admin_can_render_index_view_with_filters" file="/app/vendor/gammamatrix/playground-test/src/Feature/Http/Controllers/Resource/Playground/IndexTrait.php" line="77" class="Tests\Feature\Playground\Matrix\Resource\Http\Controllers\Playground\ReleaseRouteTest" classname="Tests.Feature.Playground.Matrix.Resource.Http.Controllers.Playground.ReleaseRouteTest" assertions="3" time="0.472617"/>
        <testcase name="test_json_guest_cannot_lock" file="/app/vendor/gammamatrix/playground-test/src/Feature/Http/Controllers/Resource/Playground/LockJsonTrait.php" line="36" class="Tests\Feature\Playground\Matrix\Resource\Http\Controllers\Playground\ReleaseRouteTest" classname="Tests.Feature.Playground.Matrix.Resource.Http.Controllers.Playground.ReleaseRouteTest" assertions="3" time="0.490322"/>
        <testcase name="test_json_lock_as_admin_and_succeed" file="/app/vendor/gammamatrix/playground-test/src/Feature/Http/Controllers/Resource/Playground/LockJsonTrait.php" line="66" class="Tests\Feature\Playground\Matrix\Resource\Http\Controllers\Playground\ReleaseRouteTest" classname="Tests.Feature.Playground.Matrix.Resource.Http.Controllers.Playground.ReleaseRouteTest" assertions="3" time="0.440575"/>
        <testcase name="test_json_lock_as_admin_and_succeed_with_no_redirect" file="/app/vendor/gammamatrix/playground-test/src/Feature/Http/Controllers/Resource/Playground/LockJsonTrait.php" line="98" class="Tests\Feature\Playground\Matrix\Resource\Http\Controllers\Playground\ReleaseRouteTest" classname="Tests.Feature.Playground.Matrix.Resource.Http.Controllers.Playground.ReleaseRouteTest" assertions="101" time="0.492565"/>
        <testcase name="test_json_lock_as_user_and_get_denied" file="/app/vendor/gammamatrix/playground-test/src/Feature/Http/Controllers/Resource/Playground/LockJsonTrait.php" line="143" class="Tests\Feature\Playground\Matrix\Resource\Http\Controllers\Playground\ReleaseRouteTest" classname="Tests.Feature.Playground.Matrix.Resource.Http.Controllers.Playground.ReleaseRouteTest" assertions="3" time="0.448447"/>
        <testcase name="test_guest_cannot_lock" file="/app/vendor/gammamatrix/playground-test/src/Feature/Http/Controllers/Resource/Playground/LockTrait.php" line="31" class="Tests\Feature\Playground\Matrix\Resource\Http\Controllers\Playground\ReleaseRouteTest" classname="Tests.Feature.Playground.Matrix.Resource.Http.Controllers.Playground.ReleaseRouteTest" assertions="3" time="0.475616"/>
        <testcase name="test_lock_as_admin_and_succeed" file="/app/vendor/gammamatrix/playground-test/src/Feature/Http/Controllers/Resource/Playground/LockTrait.php" line="61" class="Tests\Feature\Playground\Matrix\Resource\Http\Controllers\Playground\ReleaseRouteTest" classname="Tests.Feature.Playground.Matrix.Resource.Http.Controllers.Playground.ReleaseRouteTest" assertions="4" time="0.438580"/>
        <testcase name="test_lock_as_admin_and_succeed_with_redirect_to_index_with_sorted_by_locked_desc" file="/app/vendor/gammamatrix/playground-test/src/Feature/Http/Controllers/Resource/Playground/LockTrait.php" line="95" class="Tests\Feature\Playground\Matrix\Resource\Http\Controllers\Playground\ReleaseRouteTest" classname="Tests.Feature.Playground.Matrix.Resource.Http.Controllers.Playground.ReleaseRouteTest" assertions="4" time="0.438598"/>
        <testcase name="test_lock_as_user_and_get_denied" file="/app/vendor/gammamatrix/playground-test/src/Feature/Http/Controllers/Resource/Playground/LockTrait.php" line="132" class="Tests\Feature\Playground\Matrix\Resource\Http\Controllers\Playground\ReleaseRouteTest" classname="Tests.Feature.Playground.Matrix.Resource.Http.Controllers.Playground.ReleaseRouteTest" assertions="3" time="0.494735"/>
        <testcase name="test_json_guest_cannot_restore" file="/app/vendor/gammamatrix/playground-test/src/Feature/Http/Controllers/Resource/Playground/RestoreJsonTrait.php" line="32" class="Tests\Feature\Playground\Matrix\Resource\Http\Controllers\Playground\ReleaseRouteTest" classname="Tests.Feature.Playground.Matrix.Resource.Http.Controllers.Playground.ReleaseRouteTest" assertions="3" time="0.424810"/>
        <testcase name="test_json_restore_as_admin_and_succeed" file="/app/vendor/gammamatrix/playground-test/src/Feature/Http/Controllers/Resource/Playground/RestoreJsonTrait.php" line="64" class="Tests\Feature\Playground\Matrix\Resource\Http\Controllers\Playground\ReleaseRouteTest" classname="Tests.Feature.Playground.Matrix.Resource.Http.Controllers.Playground.ReleaseRouteTest" assertions="101" time="0.511653"/>
        <testcase name="test_json_restore_as_admin_and_succeed_with_no_redirect" file="/app/vendor/gammamatrix/playground-test/src/Feature/Http/Controllers/Resource/Playground/RestoreJsonTrait.php" line="100" class="Tests\Feature\Playground\Matrix\Resource\Http\Controllers\Playground\ReleaseRouteTest" classname="Tests.Feature.Playground.Matrix.Resource.Http.Controllers.Playground.ReleaseRouteTest" assertions="101" time="0.453514"/>
        <testcase name="test_json_restore_as_user_and_get_denied" file="/app/vendor/gammamatrix/playground-test/src/Feature/Http/Controllers/Resource/Playground/RestoreJsonTrait.php" line="143" class="Tests\Feature\Playground\Matrix\Resource\Http\Controllers\Playground\ReleaseRouteTest" classname="Tests.Feature.Playground.Matrix.Resource.Http.Controllers.Playground.ReleaseRouteTest" assertions="3" time="0.496597"/>
        <testcase name="test_guest_cannot_restore" file="/app/vendor/gammamatrix/playground-test/src/Feature/Http/Controllers/Resource/Playground/RestoreTrait.php" line="32" class="Tests\Feature\Playground\Matrix\Resource\Http\Controllers\Playground\ReleaseRouteTest" classname="Tests.Feature.Playground.Matrix.Resource.Http.Controllers.Playground.ReleaseRouteTest" assertions="3" time="0.428921"/>
        <testcase name="test_restore_as_admin_and_succeed" file="/app/vendor/gammamatrix/playground-test/src/Feature/Http/Controllers/Resource/Playground/RestoreTrait.php" line="64" class="Tests\Feature\Playground\Matrix\Resource\Http\Controllers\Playground\ReleaseRouteTest" classname="Tests.Feature.Playground.Matrix.Resource.Http.Controllers.Playground.ReleaseRouteTest" assertions="4" time="0.496855"/>
        <testcase name="test_restore_as_admin_and_succeed_with_redirect_to_index_with_only_trash" file="/app/vendor/gammamatrix/playground-test/src/Feature/Http/Controllers/Resource/Playground/RestoreTrait.php" line="100" class="Tests\Feature\Playground\Matrix\Resource\Http\Controllers\Playground\ReleaseRouteTest" classname="Tests.Feature.Playground.Matrix.Resource.Http.Controllers.Playground.ReleaseRouteTest" assertions="4" time="0.454765"/>
        <testcase name="test_restore_as_user_and_get_denied" file="/app/vendor/gammamatrix/playground-test/src/Feature/Http/Controllers/Resource/Playground/RestoreTrait.php" line="146" class="Tests\Feature\Playground\Matrix\Resource\Http\Controllers\Playground\ReleaseRouteTest" classname="Tests.Feature.Playground.Matrix.Resource.Http.Controllers.Playground.ReleaseRouteTest" assertions="3" time="0.433517"/>
        <testcase name="test_json_guest_cannot_see_info" file="/app/vendor/gammamatrix/playground-test/src/Feature/Http/Controllers/Resource/Playground/ShowJsonTrait.php" line="29" class="Tests\Feature\Playground\Matrix\Resource\Http\Controllers\Playground\ReleaseRouteTest" classname="Tests.Feature.Playground.Matrix.Resource.Http.Controllers.Playground.ReleaseRouteTest" assertions="1" time="0.484646"/>
        <testcase name="test_json_show_info_for_admin" file="/app/vendor/gammamatrix/playground-test/src/Feature/Http/Controllers/Resource/Playground/ShowJsonTrait.php" line="49" class="Tests\Feature\Playground\Matrix\Resource\Http\Controllers\Playground\ReleaseRouteTest" classname="Tests.Feature.Playground.Matrix.Resource.Http.Controllers.Playground.ReleaseRouteTest" assertions="100" time="0.443349"/>
        <testcase name="test_guest_cannot_render_show_view" file="/app/vendor/gammamatrix/playground-test/src/Feature/Http/Controllers/Resource/Playground/ShowTrait.php" line="29" class="Tests\Feature\Playground\Matrix\Resource\Http\Controllers\Playground\ReleaseRouteTest" classname="Tests.Feature.Playground.Matrix.Resource.Http.Controllers.Playground.ReleaseRouteTest" assertions="1" time="0.507200"/>
        <testcase name="test_show_view_rendered_by_admin" file="/app/vendor/gammamatrix/playground-test/src/Feature/Http/Controllers/Resource/Playground/ShowTrait.php" line="49" class="Tests\Feature\Playground\Matrix\Resource\Http\Controllers\Playground\ReleaseRouteTest" classname="Tests.Feature.Playground.Matrix.Resource.Http.Controllers.Playground.ReleaseRouteTest" assertions="2" time="0.446153"/>
        <testcase name="test_json_guest_cannot_store" file="/app/vendor/gammamatrix/playground-test/src/Feature/Http/Controllers/Resource/Playground/StoreJsonTrait.php" line="43" class="Tests\Feature\Playground\Matrix\Resource\Http\Controllers\Playground\ReleaseRouteTest" classname="Tests.Feature.Playground.Matrix.Resource.Http.Controllers.Playground.ReleaseRouteTest" assertions="3" time="0.523304"/>
        <testcase name="test_json_store_as_admin_without_payload_and_fail_validation" file="/app/vendor/gammamatrix/playground-test/src/Feature/Http/Controllers/Resource/Playground/StoreJsonTrait.php" line="66" class="Tests\Feature\Playground\Matrix\Resource\Http\Controllers\Playground\ReleaseRouteTest" classname="Tests.Feature.Playground.Matrix.Resource.Http.Controllers.Playground.ReleaseRouteTest" assertions="5" time="0.433486"/>
        <testcase name="test_json_store_as_admin_and_succeed" file="/app/vendor/gammamatrix/playground-test/src/Feature/Http/Controllers/Resource/Playground/StoreJsonTrait.php" line="92" class="Tests\Feature\Playground\Matrix\Resource\Http\Controllers\Playground\ReleaseRouteTest" classname="Tests.Feature.Playground.Matrix.Resource.Http.Controllers.Playground.ReleaseRouteTest" assertions="3" time="0.487297"/>
        <testcase name="test_guest_cannot_store" file="/app/vendor/gammamatrix/playground-test/src/Feature/Http/Controllers/Resource/Playground/StoreTrait.php" line="38" class="Tests\Feature\Playground\Matrix\Resource\Http\Controllers\Playground\ReleaseRouteTest" classname="Tests.Feature.Playground.Matrix.Resource.Http.Controllers.Playground.ReleaseRouteTest" assertions="3" time="0.487403"/>
        <testcase name="test_store_as_admin_without_payload_and_fail_validation" file="/app/vendor/gammamatrix/playground-test/src/Feature/Http/Controllers/Resource/Playground/StoreTrait.php" line="61" class="Tests\Feature\Playground\Matrix\Resource\Http\Controllers\Playground\ReleaseRouteTest" classname="Tests.Feature.Playground.Matrix.Resource.Http.Controllers.Playground.ReleaseRouteTest" assertions="5" time="0.437597"/>
        <testcase name="test_store_as_admin_and_succeed" file="/app/vendor/gammamatrix/playground-test/src/Feature/Http/Controllers/Resource/Playground/StoreTrait.php" line="90" class="Tests\Feature\Playground\Matrix\Resource\Http\Controllers\Playground\ReleaseRouteTest" classname="Tests.Feature.Playground.Matrix.Resource.Http.Controllers.Playground.ReleaseRouteTest" assertions="4" time="0.553396"/>
        <testcase name="test_store_as_admin_and_succeed_with_return_url" file="/app/vendor/gammamatrix/playground-test/src/Feature/Http/Controllers/Resource/Playground/StoreTrait.php" line="135" class="Tests\Feature\Playground\Matrix\Resource\Http\Controllers\Playground\ReleaseRouteTest" classname="Tests.Feature.Playground.Matrix.Resource.Http.Controllers.Playground.ReleaseRouteTest" assertions="4" time="0.479257"/>
        <testcase name="test_json_guest_cannot_unlock" file="/app/vendor/gammamatrix/playground-test/src/Feature/Http/Controllers/Resource/Playground/UnlockJsonTrait.php" line="36" class="Tests\Feature\Playground\Matrix\Resource\Http\Controllers\Playground\ReleaseRouteTest" classname="Tests.Feature.Playground.Matrix.Resource.Http.Controllers.Playground.ReleaseRouteTest" assertions="3" time="0.480528"/>
        <testcase name="test_json_unlock_as_admin_and_succeed" file="/app/vendor/gammamatrix/playground-test/src/Feature/Http/Controllers/Resource/Playground/UnlockJsonTrait.php" line="68" class="Tests\Feature\Playground\Matrix\Resource\Http\Controllers\Playground\ReleaseRouteTest" classname="Tests.Feature.Playground.Matrix.Resource.Http.Controllers.Playground.ReleaseRouteTest" assertions="101" time="0.448424"/>
        <testcase name="test_json_unlock_as_admin_and_succeed_with_no_redirect" file="/app/vendor/gammamatrix/playground-test/src/Feature/Http/Controllers/Resource/Playground/UnlockJsonTrait.php" line="104" class="Tests\Feature\Playground\Matrix\Resource\Http\Controllers\Playground\ReleaseRouteTest" classname="Tests.Feature.Playground.Matrix.Resource.Http.Controllers.Playground.ReleaseRouteTest" assertions="101" time="0.505491"/>
        <testcase name="test_json_unlock_as_user_and_get_denied" file="/app/vendor/gammamatrix/playground-test/src/Feature/Http/Controllers/Resource/Playground/UnlockJsonTrait.php" line="145" class="Tests\Feature\Playground\Matrix\Resource\Http\Controllers\Playground\ReleaseRouteTest" classname="Tests.Feature.Playground.Matrix.Resource.Http.Controllers.Playground.ReleaseRouteTest" assertions="3" time="0.435263"/>
        <testcase name="test_guest_cannot_unlock" file="/app/vendor/gammamatrix/playground-test/src/Feature/Http/Controllers/Resource/Playground/UnlockTrait.php" line="36" class="Tests\Feature\Playground\Matrix\Resource\Http\Controllers\Playground\ReleaseRouteTest" classname="Tests.Feature.Playground.Matrix.Resource.Http.Controllers.Playground.ReleaseRouteTest" assertions="3" time="0.437239"/>
        <testcase name="test_unlock_as_admin_and_succeed" file="/app/vendor/gammamatrix/playground-test/src/Feature/Http/Controllers/Resource/Playground/UnlockTrait.php" line="68" class="Tests\Feature\Playground\Matrix\Resource\Http\Controllers\Playground\ReleaseRouteTest" classname="Tests.Feature.Playground.Matrix.Resource.Http.Controllers.Playground.ReleaseRouteTest" assertions="4" time="0.502651"/>
        <testcase name="test_unlock_as_admin_and_succeed_with_redirect_to_index_with_sorted_by_unlocked_desc" file="/app/vendor/gammamatrix/playground-test/src/Feature/Http/Controllers/Resource/Playground/UnlockTrait.php" line="109" class="Tests\Feature\Playground\Matrix\Resource\Http\Controllers\Playground\ReleaseRouteTest" classname="Tests.Feature.Playground.Matrix.Resource.Http.Controllers.Playground.ReleaseRouteTest" assertions="4" time="0.449668"/>
        <testcase name="test_unlock_as_user_and_get_denied" file="/app/vendor/gammamatrix/playground-test/src/Feature/Http/Controllers/Resource/Playground/UnlockTrait.php" line="148" class="Tests\Feature\Playground\Matrix\Resource\Http\Controllers\Playground\ReleaseRouteTest" classname="Tests.Feature.Playground.Matrix.Resource.Http.Controllers.Playground.ReleaseRouteTest" assertions="3" time="0.499591"/>
        <testcase name="test_json_guest_cannot_update" file="/app/vendor/gammamatrix/playground-test/src/Feature/Http/Controllers/Resource/Playground/UpdateJsonTrait.php" line="45" class="Tests\Feature\Playground\Matrix\Resource\Http\Controllers\Playground\ReleaseRouteTest" classname="Tests.Feature.Playground.Matrix.Resource.Http.Controllers.Playground.ReleaseRouteTest" assertions="1" time="0.458614"/>
        <testcase name="test_json_update_as_admin_without_payload_and_fail_validation" file="/app/vendor/gammamatrix/playground-test/src/Feature/Http/Controllers/Resource/Playground/UpdateJsonTrait.php" line="65" class="Tests\Feature\Playground\Matrix\Resource\Http\Controllers\Playground\ReleaseRouteTest" classname="Tests.Feature.Playground.Matrix.Resource.Http.Controllers.Playground.ReleaseRouteTest" assertions="4" time="0.523024"/>
        <testcase name="test_json_admin_can_update" file="/app/vendor/gammamatrix/playground-test/src/Feature/Http/Controllers/Resource/Playground/UpdateJsonTrait.php" line="90" class="Tests\Feature\Playground\Matrix\Resource\Http\Controllers\Playground\ReleaseRouteTest" classname="Tests.Feature.Playground.Matrix.Resource.Http.Controllers.Playground.ReleaseRouteTest" assertions="103" time="0.507637"/>
        <testcase name="test_guest_cannot_update" file="/app/vendor/gammamatrix/playground-test/src/Feature/Http/Controllers/Resource/Playground/UpdateTrait.php" line="45" class="Tests\Feature\Playground\Matrix\Resource\Http\Controllers\Playground\ReleaseRouteTest" classname="Tests.Feature.Playground.Matrix.Resource.Http.Controllers.Playground.ReleaseRouteTest" assertions="1" time="0.505379"/>
        <testcase name="test_update_as_admin_without_payload_and_fail_validation" file="/app/vendor/gammamatrix/playground-test/src/Feature/Http/Controllers/Resource/Playground/UpdateTrait.php" line="65" class="Tests\Feature\Playground\Matrix\Resource\Http\Controllers\Playground\ReleaseRouteTest" classname="Tests.Feature.Playground.Matrix.Resource.Http.Controllers.Playground.ReleaseRouteTest" assertions="4" time="0.448653"/>
        <testcase name="test_admin_can_update" file="/app/vendor/gammamatrix/playground-test/src/Feature/Http/Controllers/Resource/Playground/UpdateTrait.php" line="90" class="Tests\Feature\Playground\Matrix\Resource\Http\Controllers\Playground\ReleaseRouteTest" classname="Tests.Feature.Playground.Matrix.Resource.Http.Controllers.Playground.ReleaseRouteTest" assertions="6" time="0.553967"/>
        <testcase name="test_admin_can_update_view_with_return_url" file="/app/vendor/gammamatrix/playground-test/src/Feature/Http/Controllers/Resource/Playground/UpdateTrait.php" line="133" class="Tests\Feature\Playground\Matrix\Resource\Http\Controllers\Playground\ReleaseRouteTest" classname="Tests.Feature.Playground.Matrix.Resource.Http.Controllers.Playground.ReleaseRouteTest" assertions="6" time="0.504716"/>
      </testsuite>
      <testsuite name="Tests\Feature\Playground\Matrix\Resource\Http\Controllers\Playground\RoadmapRouteTest" file="/app/tests/Feature/Http/Controllers/Playground/RoadmapRouteTest.php" tests="73" assertions="1119" errors="0" failures="0" skipped="0" time="34.554261">
        <testcase name="test_json_guest_cannot_get_create_info" file="/app/vendor/gammamatrix/playground-test/src/Feature/Http/Controllers/Resource/Playground/CreateJsonTrait.php" line="38" class="Tests\Feature\Playground\Matrix\Resource\Http\Controllers\Playground\RoadmapRouteTest" classname="Tests.Feature.Playground.Matrix.Resource.Http.Controllers.Playground.RoadmapRouteTest" assertions="1" time="0.491944"/>
        <testcase name="test_json_admin_can_get_create_info" file="/app/vendor/gammamatrix/playground-test/src/Feature/Http/Controllers/Resource/Playground/CreateJsonTrait.php" line="53" class="Tests\Feature\Playground\Matrix\Resource\Http\Controllers\Playground\RoadmapRouteTest" classname="Tests.Feature.Playground.Matrix.Resource.Http.Controllers.Playground.RoadmapRouteTest" assertions="99" time="0.450943"/>
        <testcase name="test_json_get_create_info_as_admin_with_invalid_parameter_and_fail_validation" file="/app/vendor/gammamatrix/playground-test/src/Feature/Http/Controllers/Resource/Playground/CreateJsonTrait.php" line="73" class="Tests\Feature\Playground\Matrix\Resource\Http\Controllers\Playground\RoadmapRouteTest" classname="Tests.Feature.Playground.Matrix.Resource.Http.Controllers.Playground.RoadmapRouteTest" assertions="4" time="0.421429"/>
        <testcase name="test_guest_cannot_render_create_view" file="/app/vendor/gammamatrix/playground-test/src/Feature/Http/Controllers/Resource/Playground/CreateTrait.php" line="33" class="Tests\Feature\Playground\Matrix\Resource\Http\Controllers\Playground\RoadmapRouteTest" classname="Tests.Feature.Playground.Matrix.Resource.Http.Controllers.Playground.RoadmapRouteTest" assertions="1" time="0.483927"/>
        <testcase name="test_admin_can_render_create_view" file="/app/vendor/gammamatrix/playground-test/src/Feature/Http/Controllers/Resource/Playground/CreateTrait.php" line="47" class="Tests\Feature\Playground\Matrix\Resource\Http\Controllers\Playground\RoadmapRouteTest" classname="Tests.Feature.Playground.Matrix.Resource.Http.Controllers.Playground.RoadmapRouteTest" assertions="2" time="0.478029"/>
        <testcase name="test_admin_can_render_create_view_with_return_url" file="/app/vendor/gammamatrix/playground-test/src/Feature/Http/Controllers/Resource/Playground/CreateTrait.php" line="65" class="Tests\Feature\Playground\Matrix\Resource\Http\Controllers\Playground\RoadmapRouteTest" classname="Tests.Feature.Playground.Matrix.Resource.Http.Controllers.Playground.RoadmapRouteTest" assertions="3" time="0.511125"/>
        <testcase name="test_create_view_as_admin_with_invalid_parameter_and_fail_validation_and_redirect" file="/app/vendor/gammamatrix/playground-test/src/Feature/Http/Controllers/Resource/Playground/CreateTrait.php" line="92" class="Tests\Feature\Playground\Matrix\Resource\Http\Controllers\Playground\RoadmapRouteTest" classname="Tests.Feature.Playground.Matrix.Resource.Http.Controllers.Playground.RoadmapRouteTest" assertions="5" time="0.424284"/>
        <testcase name="test_json_guest_cannot_destroy" file="/app/vendor/gammamatrix/playground-test/src/Feature/Http/Controllers/Resource/Playground/DestroyJsonTrait.php" line="31" class="Tests\Feature\Playground\Matrix\Resource\Http\Controllers\Playground\RoadmapRouteTest" classname="Tests.Feature.Playground.Matrix.Resource.Http.Controllers.Playground.RoadmapRouteTest" assertions="3" time="0.422460"/>
        <testcase name="test_json_destroy_as_admin_and_succeed" file="/app/vendor/gammamatrix/playground-test/src/Feature/Http/Controllers/Resource/Playground/DestroyJsonTrait.php" line="61" class="Tests\Feature\Playground\Matrix\Resource\Http\Controllers\Playground\RoadmapRouteTest" classname="Tests.Feature.Playground.Matrix.Resource.Http.Controllers.Playground.RoadmapRouteTest" assertions="5" time="0.506198"/>
        <testcase name="test_json_destroy_as_admin_and_succeed_with_force_delete" file="/app/vendor/gammamatrix/playground-test/src/Feature/Http/Controllers/Resource/Playground/DestroyJsonTrait.php" line="100" class="Tests\Feature\Playground\Matrix\Resource\Http\Controllers\Playground\RoadmapRouteTest" classname="Tests.Feature.Playground.Matrix.Resource.Http.Controllers.Playground.RoadmapRouteTest" assertions="4" time="0.433192"/>
        <testcase name="test_json_destroy_as_admin_and_succeed_with_no_content" file="/app/vendor/gammamatrix/playground-test/src/Feature/Http/Controllers/Resource/Playground/DestroyJsonTrait.php" line="132" class="Tests\Feature\Playground\Matrix\Resource\Http\Controllers\Playground\RoadmapRouteTest" classname="Tests.Feature.Playground.Matrix.Resource.Http.Controllers.Playground.RoadmapRouteTest" assertions="5" time="0.493840"/>
        <testcase name="test_json_destroy_as_admin_and_succeed_and_ignore_redirect" file="/app/vendor/gammamatrix/playground-test/src/Feature/Http/Controllers/Resource/Playground/DestroyJsonTrait.php" line="167" class="Tests\Feature\Playground\Matrix\Resource\Http\Controllers\Playground\RoadmapRouteTest" classname="Tests.Feature.Playground.Matrix.Resource.Http.Controllers.Playground.RoadmapRouteTest" assertions="5" time="0.429696"/>
        <testcase name="test_json_destroy_as_user_and_get_denied_and_no_force_delete_allowed" file="/app/vendor/gammamatrix/playground-test/src/Feature/Http/Controllers/Resource/Playground/DestroyJsonTrait.php" line="209" class="Tests\Feature\Playground\Matrix\Resource\Http\Controllers\Playground\RoadmapRouteTest" classname="Tests.Feature.Playground.Matrix.Resource.Http.Controllers.Playground.RoadmapRouteTest" assertions="3" time="0.504279"/>
        <testcase name="test_guest_cannot_destroy" file="/app/vendor/gammamatrix/playground-test/src/Feature/Http/Controllers/Resource/Playground/DestroyTrait.php" line="31" class="Tests\Feature\Playground\Matrix\Resource\Http\Controllers\Playground\RoadmapRouteTest" classname="Tests.Feature.Playground.Matrix.Resource.Http.Controllers.Playground.RoadmapRouteTest" assertions="3" time="0.419932"/>
        <testcase name="test_destroy_as_admin_and_succeed" file="/app/vendor/gammamatrix/playground-test/src/Feature/Http/Controllers/Resource/Playground/DestroyTrait.php" line="61" class="Tests\Feature\Playground\Matrix\Resource\Http\Controllers\Playground\RoadmapRouteTest" classname="Tests.Feature.Playground.Matrix.Resource.Http.Controllers.Playground.RoadmapRouteTest" assertions="5" time="0.432026"/>
        <testcase name="test_destroy_as_admin_and_succeed_with_force_delete" file="/app/vendor/gammamatrix/playground-test/src/Feature/Http/Controllers/Resource/Playground/DestroyTrait.php" line="97" class="Tests\Feature\Playground\Matrix\Resource\Http\Controllers\Playground\RoadmapRouteTest" classname="Tests.Feature.Playground.Matrix.Resource.Http.Controllers.Playground.RoadmapRouteTest" assertions="4" time="0.487207"/>
        <testcase name="test_destroy_as_admin_and_succeed_with_redirect_to_index_with_trash" file="/app/vendor/gammamatrix/playground-test/src/Feature/Http/Controllers/Resource/Playground/DestroyTrait.php" line="129" class="Tests\Feature\Playground\Matrix\Resource\Http\Controllers\Playground\RoadmapRouteTest" classname="Tests.Feature.Playground.Matrix.Resource.Http.Controllers.Playground.RoadmapRouteTest" assertions="5" time="0.439041"/>
        <testcase name="test_destroy_as_user_and_get_denied_and_no_force_delete_allowed" file="/app/vendor/gammamatrix/playground-test/src/Feature/Http/Controllers/Resource/Playground/DestroyTrait.php" line="171" class="Tests\Feature\Playground\Matrix\Resource\Http\Controllers\Playground\RoadmapRouteTest" classname="Tests.Feature.Playground.Matrix.Resource.Http.Controllers.Playground.RoadmapRouteTest" assertions="3" time="0.493090"/>
        <testcase name="test_json_guest_cannot_get_edit_info" file="/app/vendor/gammamatrix/playground-test/src/Feature/Http/Controllers/Resource/Playground/EditJsonTrait.php" line="38" class="Tests\Feature\Playground\Matrix\Resource\Http\Controllers\Playground\RoadmapRouteTest" classname="Tests.Feature.Playground.Matrix.Resource.Http.Controllers.Playground.RoadmapRouteTest" assertions="1" time="0.441815"/>
        <testcase name="test_json_admin_can_get_edit_info" file="/app/vendor/gammamatrix/playground-test/src/Feature/Http/Controllers/Resource/Playground/EditJsonTrait.php" line="58" class="Tests\Feature\Playground\Matrix\Resource\Http\Controllers\Playground\RoadmapRouteTest" classname="Tests.Feature.Playground.Matrix.Resource.Http.Controllers.Playground.RoadmapRouteTest" assertions="4" time="0.495127"/>
        <testcase name="test_json_edit_as_admin_and_fail_validation_with_invalid_parameter" file="/app/vendor/gammamatrix/playground-test/src/Feature/Http/Controllers/Resource/Playground/EditJsonTrait.php" line="87" class="Tests\Feature\Playground\Matrix\Resource\Http\Controllers\Playground\RoadmapRouteTest" classname="Tests.Feature.Playground.Matrix.Resource.Http.Controllers.Playground.RoadmapRouteTest" assertions="4" time="0.453694"/>
        <testcase name="test_guest_cannot_render_edit_view" file="/app/vendor/gammamatrix/playground-test/src/Feature/Http/Controllers/Resource/Playground/EditTrait.php" line="33" class="Tests\Feature\Playground\Matrix\Resource\Http\Controllers\Playground\RoadmapRouteTest" classname="Tests.Feature.Playground.Matrix.Resource.Http.Controllers.Playground.RoadmapRouteTest" assertions="1" time="0.417757"/>
        <testcase name="test_admin_can_render_edit_view" file="/app/vendor/gammamatrix/playground-test/src/Feature/Http/Controllers/Resource/Playground/EditTrait.php" line="53" class="Tests\Feature\Playground\Matrix\Resource\Http\Controllers\Playground\RoadmapRouteTest" classname="Tests.Feature.Playground.Matrix.Resource.Http.Controllers.Playground.RoadmapRouteTest" assertions="2" time="0.511608"/>
        <testcase name="test_admin_can_render_edit_view_with_return_url" file="/app/vendor/gammamatrix/playground-test/src/Feature/Http/Controllers/Resource/Playground/EditTrait.php" line="77" class="Tests\Feature\Playground\Matrix\Resource\Http\Controllers\Playground\RoadmapRouteTest" classname="Tests.Feature.Playground.Matrix.Resource.Http.Controllers.Playground.RoadmapRouteTest" assertions="3" time="0.462659"/>
        <testcase name="test_edit_view_as_admin_with_invalid_parameter_and_fail_validation_and_redirect" file="/app/vendor/gammamatrix/playground-test/src/Feature/Http/Controllers/Resource/Playground/EditTrait.php" line="109" class="Tests\Feature\Playground\Matrix\Resource\Http\Controllers\Playground\RoadmapRouteTest" classname="Tests.Feature.Playground.Matrix.Resource.Http.Controllers.Playground.RoadmapRouteTest" assertions="4" time="0.502793"/>
        <testcase name="test_json_guest_cannot_get_index" file="/app/vendor/gammamatrix/playground-test/src/Feature/Http/Controllers/Resource/Playground/IndexJsonTrait.php" line="34" class="Tests\Feature\Playground\Matrix\Resource\Http\Controllers\Playground\RoadmapRouteTest" classname="Tests.Feature.Playground.Matrix.Resource.Http.Controllers.Playground.RoadmapRouteTest" assertions="1" time="0.499133"/>
        <testcase name="test_json_admin_can_get_index" file="/app/vendor/gammamatrix/playground-test/src/Feature/Http/Controllers/Resource/Playground/IndexJsonTrait.php" line="49" class="Tests\Feature\Playground\Matrix\Resource\Http\Controllers\Playground\RoadmapRouteTest" classname="Tests.Feature.Playground.Matrix.Resource.Http.Controllers.Playground.RoadmapRouteTest" assertions="106" time="0.508794"/>
        <testcase name="test_json_admin_can_get_index_with_filters" file="/app/vendor/gammamatrix/playground-test/src/Feature/Http/Controllers/Resource/Playground/IndexJsonTrait.php" line="85" class="Tests\Feature\Playground\Matrix\Resource\Http\Controllers\Playground\RoadmapRouteTest" classname="Tests.Feature.Playground.Matrix.Resource.Http.Controllers.Playground.RoadmapRouteTest" assertions="3" time="0.444723"/>
        <testcase name="test_guest_cannot_render_index_view" file="/app/vendor/gammamatrix/playground-test/src/Feature/Http/Controllers/Resource/Playground/IndexTrait.php" line="29" class="Tests\Feature\Playground\Matrix\Resource\Http\Controllers\Playground\RoadmapRouteTest" classname="Tests.Feature.Playground.Matrix.Resource.Http.Controllers.Playground.RoadmapRouteTest" assertions="1" time="0.499420"/>
        <testcase name="test_admin_can_render_index_view" file="/app/vendor/gammamatrix/playground-test/src/Feature/Http/Controllers/Resource/Playground/IndexTrait.php" line="44" class="Tests\Feature\Playground\Matrix\Resource\Http\Controllers\Playground\RoadmapRouteTest" classname="Tests.Feature.Playground.Matrix.Resource.Http.Controllers.Playground.RoadmapRouteTest" assertions="2" time="0.469675"/>
        <testcase name="test_admin_can_render_index_view_with_filters" file="/app/vendor/gammamatrix/playground-test/src/Feature/Http/Controllers/Resource/Playground/IndexTrait.php" line="77" class="Tests\Feature\Playground\Matrix\Resource\Http\Controllers\Playground\RoadmapRouteTest" classname="Tests.Feature.Playground.Matrix.Resource.Http.Controllers.Playground.RoadmapRouteTest" assertions="3" time="0.463273"/>
        <testcase name="test_json_guest_cannot_lock" file="/app/vendor/gammamatrix/playground-test/src/Feature/Http/Controllers/Resource/Playground/LockJsonTrait.php" line="36" class="Tests\Feature\Playground\Matrix\Resource\Http\Controllers\Playground\RoadmapRouteTest" classname="Tests.Feature.Playground.Matrix.Resource.Http.Controllers.Playground.RoadmapRouteTest" assertions="3" time="0.472472"/>
        <testcase name="test_json_lock_as_admin_and_succeed" file="/app/vendor/gammamatrix/playground-test/src/Feature/Http/Controllers/Resource/Playground/LockJsonTrait.php" line="66" class="Tests\Feature\Playground\Matrix\Resource\Http\Controllers\Playground\RoadmapRouteTest" classname="Tests.Feature.Playground.Matrix.Resource.Http.Controllers.Playground.RoadmapRouteTest" assertions="3" time="0.443054"/>
        <testcase name="test_json_lock_as_admin_and_succeed_with_no_redirect" file="/app/vendor/gammamatrix/playground-test/src/Feature/Http/Controllers/Resource/Playground/LockJsonTrait.php" line="98" class="Tests\Feature\Playground\Matrix\Resource\Http\Controllers\Playground\RoadmapRouteTest" classname="Tests.Feature.Playground.Matrix.Resource.Http.Controllers.Playground.RoadmapRouteTest" assertions="101" time="0.519586"/>
        <testcase name="test_json_lock_as_user_and_get_denied" file="/app/vendor/gammamatrix/playground-test/src/Feature/Http/Controllers/Resource/Playground/LockJsonTrait.php" line="143" class="Tests\Feature\Playground\Matrix\Resource\Http\Controllers\Playground\RoadmapRouteTest" classname="Tests.Feature.Playground.Matrix.Resource.Http.Controllers.Playground.RoadmapRouteTest" assertions="3" time="0.444171"/>
        <testcase name="test_guest_cannot_lock" file="/app/vendor/gammamatrix/playground-test/src/Feature/Http/Controllers/Resource/Playground/LockTrait.php" line="31" class="Tests\Feature\Playground\Matrix\Resource\Http\Controllers\Playground\RoadmapRouteTest" classname="Tests.Feature.Playground.Matrix.Resource.Http.Controllers.Playground.RoadmapRouteTest" assertions="3" time="0.491719"/>
        <testcase name="test_lock_as_admin_and_succeed" file="/app/vendor/gammamatrix/playground-test/src/Feature/Http/Controllers/Resource/Playground/LockTrait.php" line="61" class="Tests\Feature\Playground\Matrix\Resource\Http\Controllers\Playground\RoadmapRouteTest" classname="Tests.Feature.Playground.Matrix.Resource.Http.Controllers.Playground.RoadmapRouteTest" assertions="4" time="0.439415"/>
        <testcase name="test_lock_as_admin_and_succeed_with_redirect_to_index_with_sorted_by_locked_desc" file="/app/vendor/gammamatrix/playground-test/src/Feature/Http/Controllers/Resource/Playground/LockTrait.php" line="95" class="Tests\Feature\Playground\Matrix\Resource\Http\Controllers\Playground\RoadmapRouteTest" classname="Tests.Feature.Playground.Matrix.Resource.Http.Controllers.Playground.RoadmapRouteTest" assertions="4" time="0.439167"/>
        <testcase name="test_lock_as_user_and_get_denied" file="/app/vendor/gammamatrix/playground-test/src/Feature/Http/Controllers/Resource/Playground/LockTrait.php" line="132" class="Tests\Feature\Playground\Matrix\Resource\Http\Controllers\Playground\RoadmapRouteTest" classname="Tests.Feature.Playground.Matrix.Resource.Http.Controllers.Playground.RoadmapRouteTest" assertions="3" time="0.511001"/>
        <testcase name="test_json_guest_cannot_restore" file="/app/vendor/gammamatrix/playground-test/src/Feature/Http/Controllers/Resource/Playground/RestoreJsonTrait.php" line="32" class="Tests\Feature\Playground\Matrix\Resource\Http\Controllers\Playground\RoadmapRouteTest" classname="Tests.Feature.Playground.Matrix.Resource.Http.Controllers.Playground.RoadmapRouteTest" assertions="3" time="0.437750"/>
        <testcase name="test_json_restore_as_admin_and_succeed" file="/app/vendor/gammamatrix/playground-test/src/Feature/Http/Controllers/Resource/Playground/RestoreJsonTrait.php" line="64" class="Tests\Feature\Playground\Matrix\Resource\Http\Controllers\Playground\RoadmapRouteTest" classname="Tests.Feature.Playground.Matrix.Resource.Http.Controllers.Playground.RoadmapRouteTest" assertions="101" time="0.529045"/>
        <testcase name="test_json_restore_as_admin_and_succeed_with_no_redirect" file="/app/vendor/gammamatrix/playground-test/src/Feature/Http/Controllers/Resource/Playground/RestoreJsonTrait.php" line="100" class="Tests\Feature\Playground\Matrix\Resource\Http\Controllers\Playground\RoadmapRouteTest" classname="Tests.Feature.Playground.Matrix.Resource.Http.Controllers.Playground.RoadmapRouteTest" assertions="101" time="0.444377"/>
        <testcase name="test_json_restore_as_user_and_get_denied" file="/app/vendor/gammamatrix/playground-test/src/Feature/Http/Controllers/Resource/Playground/RestoreJsonTrait.php" line="143" class="Tests\Feature\Playground\Matrix\Resource\Http\Controllers\Playground\RoadmapRouteTest" classname="Tests.Feature.Playground.Matrix.Resource.Http.Controllers.Playground.RoadmapRouteTest" assertions="3" time="0.493106"/>
        <testcase name="test_guest_cannot_restore" file="/app/vendor/gammamatrix/playground-test/src/Feature/Http/Controllers/Resource/Playground/RestoreTrait.php" line="32" class="Tests\Feature\Playground\Matrix\Resource\Http\Controllers\Playground\RoadmapRouteTest" classname="Tests.Feature.Playground.Matrix.Resource.Http.Controllers.Playground.RoadmapRouteTest" assertions="3" time="0.423871"/>
        <testcase name="test_restore_as_admin_and_succeed" file="/app/vendor/gammamatrix/playground-test/src/Feature/Http/Controllers/Resource/Playground/RestoreTrait.php" line="64" class="Tests\Feature\Playground\Matrix\Resource\Http\Controllers\Playground\RoadmapRouteTest" classname="Tests.Feature.Playground.Matrix.Resource.Http.Controllers.Playground.RoadmapRouteTest" assertions="4" time="0.439496"/>
        <testcase name="test_restore_as_admin_and_succeed_with_redirect_to_index_with_only_trash" file="/app/vendor/gammamatrix/playground-test/src/Feature/Http/Controllers/Resource/Playground/RestoreTrait.php" line="100" class="Tests\Feature\Playground\Matrix\Resource\Http\Controllers\Playground\RoadmapRouteTest" classname="Tests.Feature.Playground.Matrix.Resource.Http.Controllers.Playground.RoadmapRouteTest" assertions="4" time="0.502222"/>
        <testcase name="test_restore_as_user_and_get_denied" file="/app/vendor/gammamatrix/playground-test/src/Feature/Http/Controllers/Resource/Playground/RestoreTrait.php" line="146" class="Tests\Feature\Playground\Matrix\Resource\Http\Controllers\Playground\RoadmapRouteTest" classname="Tests.Feature.Playground.Matrix.Resource.Http.Controllers.Playground.RoadmapRouteTest" assertions="3" time="0.445559"/>
        <testcase name="test_json_guest_cannot_see_info" file="/app/vendor/gammamatrix/playground-test/src/Feature/Http/Controllers/Resource/Playground/ShowJsonTrait.php" line="29" class="Tests\Feature\Playground\Matrix\Resource\Http\Controllers\Playground\RoadmapRouteTest" classname="Tests.Feature.Playground.Matrix.Resource.Http.Controllers.Playground.RoadmapRouteTest" assertions="1" time="0.491031"/>
        <testcase name="test_json_show_info_for_admin" file="/app/vendor/gammamatrix/playground-test/src/Feature/Http/Controllers/Resource/Playground/ShowJsonTrait.php" line="49" class="Tests\Feature\Playground\Matrix\Resource\Http\Controllers\Playground\RoadmapRouteTest" classname="Tests.Feature.Playground.Matrix.Resource.Http.Controllers.Playground.RoadmapRouteTest" assertions="100" time="0.449670"/>
        <testcase name="test_guest_cannot_render_show_view" file="/app/vendor/gammamatrix/playground-test/src/Feature/Http/Controllers/Resource/Playground/ShowTrait.php" line="29" class="Tests\Feature\Playground\Matrix\Resource\Http\Controllers\Playground\RoadmapRouteTest" classname="Tests.Feature.Playground.Matrix.Resource.Http.Controllers.Playground.RoadmapRouteTest" assertions="1" time="0.523658"/>
        <testcase name="test_show_view_rendered_by_admin" file="/app/vendor/gammamatrix/playground-test/src/Feature/Http/Controllers/Resource/Playground/ShowTrait.php" line="49" class="Tests\Feature\Playground\Matrix\Resource\Http\Controllers\Playground\RoadmapRouteTest" classname="Tests.Feature.Playground.Matrix.Resource.Http.Controllers.Playground.RoadmapRouteTest" assertions="2" time="0.456493"/>
        <testcase name="test_json_guest_cannot_store" file="/app/vendor/gammamatrix/playground-test/src/Feature/Http/Controllers/Resource/Playground/StoreJsonTrait.php" line="43" class="Tests\Feature\Playground\Matrix\Resource\Http\Controllers\Playground\RoadmapRouteTest" classname="Tests.Feature.Playground.Matrix.Resource.Http.Controllers.Playground.RoadmapRouteTest" assertions="3" time="0.527890"/>
        <testcase name="test_json_store_as_admin_without_payload_and_fail_validation" file="/app/vendor/gammamatrix/playground-test/src/Feature/Http/Controllers/Resource/Playground/StoreJsonTrait.php" line="66" class="Tests\Feature\Playground\Matrix\Resource\Http\Controllers\Playground\RoadmapRouteTest" classname="Tests.Feature.Playground.Matrix.Resource.Http.Controllers.Playground.RoadmapRouteTest" assertions="5" time="0.437224"/>
        <testcase name="test_json_store_as_admin_and_succeed" file="/app/vendor/gammamatrix/playground-test/src/Feature/Http/Controllers/Resource/Playground/StoreJsonTrait.php" line="92" class="Tests\Feature\Playground\Matrix\Resource\Http\Controllers\Playground\RoadmapRouteTest" classname="Tests.Feature.Playground.Matrix.Resource.Http.Controllers.Playground.RoadmapRouteTest" assertions="3" time="0.462034"/>
        <testcase name="test_guest_cannot_store" file="/app/vendor/gammamatrix/playground-test/src/Feature/Http/Controllers/Resource/Playground/StoreTrait.php" line="38" class="Tests\Feature\Playground\Matrix\Resource\Http\Controllers\Playground\RoadmapRouteTest" classname="Tests.Feature.Playground.Matrix.Resource.Http.Controllers.Playground.RoadmapRouteTest" assertions="3" time="0.497399"/>
        <testcase name="test_store_as_admin_without_payload_and_fail_validation" file="/app/vendor/gammamatrix/playground-test/src/Feature/Http/Controllers/Resource/Playground/StoreTrait.php" line="61" class="Tests\Feature\Playground\Matrix\Resource\Http\Controllers\Playground\RoadmapRouteTest" classname="Tests.Feature.Playground.Matrix.Resource.Http.Controllers.Playground.RoadmapRouteTest" assertions="5" time="0.430729"/>
        <testcase name="test_store_as_admin_and_succeed" file="/app/vendor/gammamatrix/playground-test/src/Feature/Http/Controllers/Resource/Playground/StoreTrait.php" line="90" class="Tests\Feature\Playground\Matrix\Resource\Http\Controllers\Playground\RoadmapRouteTest" classname="Tests.Feature.Playground.Matrix.Resource.Http.Controllers.Playground.RoadmapRouteTest" assertions="4" time="0.530114"/>
        <testcase name="test_store_as_admin_and_succeed_with_return_url" file="/app/vendor/gammamatrix/playground-test/src/Feature/Http/Controllers/Resource/Playground/StoreTrait.php" line="135" class="Tests\Feature\Playground\Matrix\Resource\Http\Controllers\Playground\RoadmapRouteTest" classname="Tests.Feature.Playground.Matrix.Resource.Http.Controllers.Playground.RoadmapRouteTest" assertions="4" time="0.470924"/>
        <testcase name="test_json_guest_cannot_unlock" file="/app/vendor/gammamatrix/playground-test/src/Feature/Http/Controllers/Resource/Playground/UnlockJsonTrait.php" line="36" class="Tests\Feature\Playground\Matrix\Resource\Http\Controllers\Playground\RoadmapRouteTest" classname="Tests.Feature.Playground.Matrix.Resource.Http.Controllers.Playground.RoadmapRouteTest" assertions="3" time="0.512401"/>
        <testcase name="test_json_unlock_as_admin_and_succeed" file="/app/vendor/gammamatrix/playground-test/src/Feature/Http/Controllers/Resource/Playground/UnlockJsonTrait.php" line="68" class="Tests\Feature\Playground\Matrix\Resource\Http\Controllers\Playground\RoadmapRouteTest" classname="Tests.Feature.Playground.Matrix.Resource.Http.Controllers.Playground.RoadmapRouteTest" assertions="101" time="0.446075"/>
        <testcase name="test_json_unlock_as_admin_and_succeed_with_no_redirect" file="/app/vendor/gammamatrix/playground-test/src/Feature/Http/Controllers/Resource/Playground/UnlockJsonTrait.php" line="104" class="Tests\Feature\Playground\Matrix\Resource\Http\Controllers\Playground\RoadmapRouteTest" classname="Tests.Feature.Playground.Matrix.Resource.Http.Controllers.Playground.RoadmapRouteTest" assertions="101" time="0.528443"/>
        <testcase name="test_json_unlock_as_user_and_get_denied" file="/app/vendor/gammamatrix/playground-test/src/Feature/Http/Controllers/Resource/Playground/UnlockJsonTrait.php" line="145" class="Tests\Feature\Playground\Matrix\Resource\Http\Controllers\Playground\RoadmapRouteTest" classname="Tests.Feature.Playground.Matrix.Resource.Http.Controllers.Playground.RoadmapRouteTest" assertions="3" time="0.436171"/>
        <testcase name="test_guest_cannot_unlock" file="/app/vendor/gammamatrix/playground-test/src/Feature/Http/Controllers/Resource/Playground/UnlockTrait.php" line="36" class="Tests\Feature\Playground\Matrix\Resource\Http\Controllers\Playground\RoadmapRouteTest" classname="Tests.Feature.Playground.Matrix.Resource.Http.Controllers.Playground.RoadmapRouteTest" assertions="3" time="0.446311"/>
        <testcase name="test_unlock_as_admin_and_succeed" file="/app/vendor/gammamatrix/playground-test/src/Feature/Http/Controllers/Resource/Playground/UnlockTrait.php" line="68" class="Tests\Feature\Playground\Matrix\Resource\Http\Controllers\Playground\RoadmapRouteTest" classname="Tests.Feature.Playground.Matrix.Resource.Http.Controllers.Playground.RoadmapRouteTest" assertions="4" time="0.519315"/>
        <testcase name="test_unlock_as_admin_and_succeed_with_redirect_to_index_with_sorted_by_unlocked_desc" file="/app/vendor/gammamatrix/playground-test/src/Feature/Http/Controllers/Resource/Playground/UnlockTrait.php" line="109" class="Tests\Feature\Playground\Matrix\Resource\Http\Controllers\Playground\RoadmapRouteTest" classname="Tests.Feature.Playground.Matrix.Resource.Http.Controllers.Playground.RoadmapRouteTest" assertions="4" time="0.448101"/>
        <testcase name="test_unlock_as_user_and_get_denied" file="/app/vendor/gammamatrix/playground-test/src/Feature/Http/Controllers/Resource/Playground/UnlockTrait.php" line="148" class="Tests\Feature\Playground\Matrix\Resource\Http\Controllers\Playground\RoadmapRouteTest" classname="Tests.Feature.Playground.Matrix.Resource.Http.Controllers.Playground.RoadmapRouteTest" assertions="3" time="0.506811"/>
        <testcase name="test_json_guest_cannot_update" file="/app/vendor/gammamatrix/playground-test/src/Feature/Http/Controllers/Resource/Playground/UpdateJsonTrait.php" line="45" class="Tests\Feature\Playground\Matrix\Resource\Http\Controllers\Playground\RoadmapRouteTest" classname="Tests.Feature.Playground.Matrix.Resource.Http.Controllers.Playground.RoadmapRouteTest" assertions="1" time="0.450681"/>
        <testcase name="test_json_update_as_admin_without_payload_and_fail_validation" file="/app/vendor/gammamatrix/playground-test/src/Feature/Http/Controllers/Resource/Playground/UpdateJsonTrait.php" line="65" class="Tests\Feature\Playground\Matrix\Resource\Http\Controllers\Playground\RoadmapRouteTest" classname="Tests.Feature.Playground.Matrix.Resource.Http.Controllers.Playground.RoadmapRouteTest" assertions="4" time="0.514369"/>
        <testcase name="test_json_admin_can_update" file="/app/vendor/gammamatrix/playground-test/src/Feature/Http/Controllers/Resource/Playground/UpdateJsonTrait.php" line="90" class="Tests\Feature\Playground\Matrix\Resource\Http\Controllers\Playground\RoadmapRouteTest" classname="Tests.Feature.Playground.Matrix.Resource.Http.Controllers.Playground.RoadmapRouteTest" assertions="103" time="0.492871"/>
        <testcase name="test_guest_cannot_update" file="/app/vendor/gammamatrix/playground-test/src/Feature/Http/Controllers/Resource/Playground/UpdateTrait.php" line="45" class="Tests\Feature\Playground\Matrix\Resource\Http\Controllers\Playground\RoadmapRouteTest" classname="Tests.Feature.Playground.Matrix.Resource.Http.Controllers.Playground.RoadmapRouteTest" assertions="1" time="0.509977"/>
        <testcase name="test_update_as_admin_without_payload_and_fail_validation" file="/app/vendor/gammamatrix/playground-test/src/Feature/Http/Controllers/Resource/Playground/UpdateTrait.php" line="65" class="Tests\Feature\Playground\Matrix\Resource\Http\Controllers\Playground\RoadmapRouteTest" classname="Tests.Feature.Playground.Matrix.Resource.Http.Controllers.Playground.RoadmapRouteTest" assertions="4" time="0.445195"/>
        <testcase name="test_admin_can_update" file="/app/vendor/gammamatrix/playground-test/src/Feature/Http/Controllers/Resource/Playground/UpdateTrait.php" line="90" class="Tests\Feature\Playground\Matrix\Resource\Http\Controllers\Playground\RoadmapRouteTest" classname="Tests.Feature.Playground.Matrix.Resource.Http.Controllers.Playground.RoadmapRouteTest" assertions="6" time="0.489646"/>
        <testcase name="test_admin_can_update_view_with_return_url" file="/app/vendor/gammamatrix/playground-test/src/Feature/Http/Controllers/Resource/Playground/UpdateTrait.php" line="133" class="Tests\Feature\Playground\Matrix\Resource\Http\Controllers\Playground\RoadmapRouteTest" classname="Tests.Feature.Playground.Matrix.Resource.Http.Controllers.Playground.RoadmapRouteTest" assertions="6" time="0.561604"/>
      </testsuite>
      <testsuite name="Tests\Feature\Playground\Matrix\Resource\Http\Controllers\Playground\SourceRouteTest" file="/app/tests/Feature/Http/Controllers/Playground/SourceRouteTest.php" tests="73" assertions="975" errors="0" failures="0" skipped="0" time="34.840705">
        <testcase name="test_json_guest_cannot_get_create_info" file="/app/vendor/gammamatrix/playground-test/src/Feature/Http/Controllers/Resource/Playground/CreateJsonTrait.php" line="38" class="Tests\Feature\Playground\Matrix\Resource\Http\Controllers\Playground\SourceRouteTest" classname="Tests.Feature.Playground.Matrix.Resource.Http.Controllers.Playground.SourceRouteTest" assertions="1" time="0.485626"/>
        <testcase name="test_json_admin_can_get_create_info" file="/app/vendor/gammamatrix/playground-test/src/Feature/Http/Controllers/Resource/Playground/CreateJsonTrait.php" line="53" class="Tests\Feature\Playground\Matrix\Resource\Http\Controllers\Playground\SourceRouteTest" classname="Tests.Feature.Playground.Matrix.Resource.Http.Controllers.Playground.SourceRouteTest" assertions="83" time="0.500713"/>
        <testcase name="test_json_get_create_info_as_admin_with_invalid_parameter_and_fail_validation" file="/app/vendor/gammamatrix/playground-test/src/Feature/Http/Controllers/Resource/Playground/CreateJsonTrait.php" line="73" class="Tests\Feature\Playground\Matrix\Resource\Http\Controllers\Playground\SourceRouteTest" classname="Tests.Feature.Playground.Matrix.Resource.Http.Controllers.Playground.SourceRouteTest" assertions="4" time="0.434065"/>
        <testcase name="test_guest_cannot_render_create_view" file="/app/vendor/gammamatrix/playground-test/src/Feature/Http/Controllers/Resource/Playground/CreateTrait.php" line="33" class="Tests\Feature\Playground\Matrix\Resource\Http\Controllers\Playground\SourceRouteTest" classname="Tests.Feature.Playground.Matrix.Resource.Http.Controllers.Playground.SourceRouteTest" assertions="1" time="0.489806"/>
        <testcase name="test_admin_can_render_create_view" file="/app/vendor/gammamatrix/playground-test/src/Feature/Http/Controllers/Resource/Playground/CreateTrait.php" line="47" class="Tests\Feature\Playground\Matrix\Resource\Http\Controllers\Playground\SourceRouteTest" classname="Tests.Feature.Playground.Matrix.Resource.Http.Controllers.Playground.SourceRouteTest" assertions="2" time="0.469796"/>
        <testcase name="test_admin_can_render_create_view_with_return_url" file="/app/vendor/gammamatrix/playground-test/src/Feature/Http/Controllers/Resource/Playground/CreateTrait.php" line="65" class="Tests\Feature\Playground\Matrix\Resource\Http\Controllers\Playground\SourceRouteTest" classname="Tests.Feature.Playground.Matrix.Resource.Http.Controllers.Playground.SourceRouteTest" assertions="3" time="0.515931"/>
        <testcase name="test_create_view_as_admin_with_invalid_parameter_and_fail_validation_and_redirect" file="/app/vendor/gammamatrix/playground-test/src/Feature/Http/Controllers/Resource/Playground/CreateTrait.php" line="92" class="Tests\Feature\Playground\Matrix\Resource\Http\Controllers\Playground\SourceRouteTest" classname="Tests.Feature.Playground.Matrix.Resource.Http.Controllers.Playground.SourceRouteTest" assertions="5" time="0.428709"/>
        <testcase name="test_json_guest_cannot_destroy" file="/app/vendor/gammamatrix/playground-test/src/Feature/Http/Controllers/Resource/Playground/DestroyJsonTrait.php" line="31" class="Tests\Feature\Playground\Matrix\Resource\Http\Controllers\Playground\SourceRouteTest" classname="Tests.Feature.Playground.Matrix.Resource.Http.Controllers.Playground.SourceRouteTest" assertions="3" time="0.429404"/>
        <testcase name="test_json_destroy_as_admin_and_succeed" file="/app/vendor/gammamatrix/playground-test/src/Feature/Http/Controllers/Resource/Playground/DestroyJsonTrait.php" line="61" class="Tests\Feature\Playground\Matrix\Resource\Http\Controllers\Playground\SourceRouteTest" classname="Tests.Feature.Playground.Matrix.Resource.Http.Controllers.Playground.SourceRouteTest" assertions="5" time="0.517284"/>
        <testcase name="test_json_destroy_as_admin_and_succeed_with_force_delete" file="/app/vendor/gammamatrix/playground-test/src/Feature/Http/Controllers/Resource/Playground/DestroyJsonTrait.php" line="100" class="Tests\Feature\Playground\Matrix\Resource\Http\Controllers\Playground\SourceRouteTest" classname="Tests.Feature.Playground.Matrix.Resource.Http.Controllers.Playground.SourceRouteTest" assertions="4" time="0.431287"/>
        <testcase name="test_json_destroy_as_admin_and_succeed_with_no_content" file="/app/vendor/gammamatrix/playground-test/src/Feature/Http/Controllers/Resource/Playground/DestroyJsonTrait.php" line="132" class="Tests\Feature\Playground\Matrix\Resource\Http\Controllers\Playground\SourceRouteTest" classname="Tests.Feature.Playground.Matrix.Resource.Http.Controllers.Playground.SourceRouteTest" assertions="5" time="0.500542"/>
        <testcase name="test_json_destroy_as_admin_and_succeed_and_ignore_redirect" file="/app/vendor/gammamatrix/playground-test/src/Feature/Http/Controllers/Resource/Playground/DestroyJsonTrait.php" line="167" class="Tests\Feature\Playground\Matrix\Resource\Http\Controllers\Playground\SourceRouteTest" classname="Tests.Feature.Playground.Matrix.Resource.Http.Controllers.Playground.SourceRouteTest" assertions="5" time="0.428292"/>
        <testcase name="test_json_destroy_as_user_and_get_denied_and_no_force_delete_allowed" file="/app/vendor/gammamatrix/playground-test/src/Feature/Http/Controllers/Resource/Playground/DestroyJsonTrait.php" line="209" class="Tests\Feature\Playground\Matrix\Resource\Http\Controllers\Playground\SourceRouteTest" classname="Tests.Feature.Playground.Matrix.Resource.Http.Controllers.Playground.SourceRouteTest" assertions="3" time="0.508087"/>
        <testcase name="test_guest_cannot_destroy" file="/app/vendor/gammamatrix/playground-test/src/Feature/Http/Controllers/Resource/Playground/DestroyTrait.php" line="31" class="Tests\Feature\Playground\Matrix\Resource\Http\Controllers\Playground\SourceRouteTest" classname="Tests.Feature.Playground.Matrix.Resource.Http.Controllers.Playground.SourceRouteTest" assertions="3" time="0.431201"/>
        <testcase name="test_destroy_as_admin_and_succeed" file="/app/vendor/gammamatrix/playground-test/src/Feature/Http/Controllers/Resource/Playground/DestroyTrait.php" line="61" class="Tests\Feature\Playground\Matrix\Resource\Http\Controllers\Playground\SourceRouteTest" classname="Tests.Feature.Playground.Matrix.Resource.Http.Controllers.Playground.SourceRouteTest" assertions="5" time="0.427055"/>
        <testcase name="test_destroy_as_admin_and_succeed_with_force_delete" file="/app/vendor/gammamatrix/playground-test/src/Feature/Http/Controllers/Resource/Playground/DestroyTrait.php" line="97" class="Tests\Feature\Playground\Matrix\Resource\Http\Controllers\Playground\SourceRouteTest" classname="Tests.Feature.Playground.Matrix.Resource.Http.Controllers.Playground.SourceRouteTest" assertions="4" time="0.493850"/>
        <testcase name="test_destroy_as_admin_and_succeed_with_redirect_to_index_with_trash" file="/app/vendor/gammamatrix/playground-test/src/Feature/Http/Controllers/Resource/Playground/DestroyTrait.php" line="129" class="Tests\Feature\Playground\Matrix\Resource\Http\Controllers\Playground\SourceRouteTest" classname="Tests.Feature.Playground.Matrix.Resource.Http.Controllers.Playground.SourceRouteTest" assertions="5" time="0.430288"/>
        <testcase name="test_destroy_as_user_and_get_denied_and_no_force_delete_allowed" file="/app/vendor/gammamatrix/playground-test/src/Feature/Http/Controllers/Resource/Playground/DestroyTrait.php" line="171" class="Tests\Feature\Playground\Matrix\Resource\Http\Controllers\Playground\SourceRouteTest" classname="Tests.Feature.Playground.Matrix.Resource.Http.Controllers.Playground.SourceRouteTest" assertions="3" time="0.521356"/>
        <testcase name="test_json_guest_cannot_get_edit_info" file="/app/vendor/gammamatrix/playground-test/src/Feature/Http/Controllers/Resource/Playground/EditJsonTrait.php" line="38" class="Tests\Feature\Playground\Matrix\Resource\Http\Controllers\Playground\SourceRouteTest" classname="Tests.Feature.Playground.Matrix.Resource.Http.Controllers.Playground.SourceRouteTest" assertions="1" time="0.443847"/>
        <testcase name="test_json_admin_can_get_edit_info" file="/app/vendor/gammamatrix/playground-test/src/Feature/Http/Controllers/Resource/Playground/EditJsonTrait.php" line="58" class="Tests\Feature\Playground\Matrix\Resource\Http\Controllers\Playground\SourceRouteTest" classname="Tests.Feature.Playground.Matrix.Resource.Http.Controllers.Playground.SourceRouteTest" assertions="4" time="0.519413"/>
        <testcase name="test_json_edit_as_admin_and_fail_validation_with_invalid_parameter" file="/app/vendor/gammamatrix/playground-test/src/Feature/Http/Controllers/Resource/Playground/EditJsonTrait.php" line="87" class="Tests\Feature\Playground\Matrix\Resource\Http\Controllers\Playground\SourceRouteTest" classname="Tests.Feature.Playground.Matrix.Resource.Http.Controllers.Playground.SourceRouteTest" assertions="4" time="0.433131"/>
        <testcase name="test_guest_cannot_render_edit_view" file="/app/vendor/gammamatrix/playground-test/src/Feature/Http/Controllers/Resource/Playground/EditTrait.php" line="33" class="Tests\Feature\Playground\Matrix\Resource\Http\Controllers\Playground\SourceRouteTest" classname="Tests.Feature.Playground.Matrix.Resource.Http.Controllers.Playground.SourceRouteTest" assertions="1" time="0.416622"/>
        <testcase name="test_admin_can_render_edit_view" file="/app/vendor/gammamatrix/playground-test/src/Feature/Http/Controllers/Resource/Playground/EditTrait.php" line="53" class="Tests\Feature\Playground\Matrix\Resource\Http\Controllers\Playground\SourceRouteTest" classname="Tests.Feature.Playground.Matrix.Resource.Http.Controllers.Playground.SourceRouteTest" assertions="2" time="0.524488"/>
        <testcase name="test_admin_can_render_edit_view_with_return_url" file="/app/vendor/gammamatrix/playground-test/src/Feature/Http/Controllers/Resource/Playground/EditTrait.php" line="77" class="Tests\Feature\Playground\Matrix\Resource\Http\Controllers\Playground\SourceRouteTest" classname="Tests.Feature.Playground.Matrix.Resource.Http.Controllers.Playground.SourceRouteTest" assertions="3" time="0.466954"/>
        <testcase name="test_edit_view_as_admin_with_invalid_parameter_and_fail_validation_and_redirect" file="/app/vendor/gammamatrix/playground-test/src/Feature/Http/Controllers/Resource/Playground/EditTrait.php" line="109" class="Tests\Feature\Playground\Matrix\Resource\Http\Controllers\Playground\SourceRouteTest" classname="Tests.Feature.Playground.Matrix.Resource.Http.Controllers.Playground.SourceRouteTest" assertions="4" time="0.505585"/>
        <testcase name="test_json_guest_cannot_get_index" file="/app/vendor/gammamatrix/playground-test/src/Feature/Http/Controllers/Resource/Playground/IndexJsonTrait.php" line="34" class="Tests\Feature\Playground\Matrix\Resource\Http\Controllers\Playground\SourceRouteTest" classname="Tests.Feature.Playground.Matrix.Resource.Http.Controllers.Playground.SourceRouteTest" assertions="1" time="0.485401"/>
        <testcase name="test_json_admin_can_get_index" file="/app/vendor/gammamatrix/playground-test/src/Feature/Http/Controllers/Resource/Playground/IndexJsonTrait.php" line="49" class="Tests\Feature\Playground\Matrix\Resource\Http\Controllers\Playground\SourceRouteTest" classname="Tests.Feature.Playground.Matrix.Resource.Http.Controllers.Playground.SourceRouteTest" assertions="90" time="0.540132"/>
        <testcase name="test_json_admin_can_get_index_with_filters" file="/app/vendor/gammamatrix/playground-test/src/Feature/Http/Controllers/Resource/Playground/IndexJsonTrait.php" line="85" class="Tests\Feature\Playground\Matrix\Resource\Http\Controllers\Playground\SourceRouteTest" classname="Tests.Feature.Playground.Matrix.Resource.Http.Controllers.Playground.SourceRouteTest" assertions="3" time="0.448538"/>
        <testcase name="test_guest_cannot_render_index_view" file="/app/vendor/gammamatrix/playground-test/src/Feature/Http/Controllers/Resource/Playground/IndexTrait.php" line="29" class="Tests\Feature\Playground\Matrix\Resource\Http\Controllers\Playground\SourceRouteTest" classname="Tests.Feature.Playground.Matrix.Resource.Http.Controllers.Playground.SourceRouteTest" assertions="1" time="0.500075"/>
        <testcase name="test_admin_can_render_index_view" file="/app/vendor/gammamatrix/playground-test/src/Feature/Http/Controllers/Resource/Playground/IndexTrait.php" line="44" class="Tests\Feature\Playground\Matrix\Resource\Http\Controllers\Playground\SourceRouteTest" classname="Tests.Feature.Playground.Matrix.Resource.Http.Controllers.Playground.SourceRouteTest" assertions="2" time="0.473303"/>
        <testcase name="test_admin_can_render_index_view_with_filters" file="/app/vendor/gammamatrix/playground-test/src/Feature/Http/Controllers/Resource/Playground/IndexTrait.php" line="77" class="Tests\Feature\Playground\Matrix\Resource\Http\Controllers\Playground\SourceRouteTest" classname="Tests.Feature.Playground.Matrix.Resource.Http.Controllers.Playground.SourceRouteTest" assertions="3" time="0.459273"/>
        <testcase name="test_json_guest_cannot_lock" file="/app/vendor/gammamatrix/playground-test/src/Feature/Http/Controllers/Resource/Playground/LockJsonTrait.php" line="36" class="Tests\Feature\Playground\Matrix\Resource\Http\Controllers\Playground\SourceRouteTest" classname="Tests.Feature.Playground.Matrix.Resource.Http.Controllers.Playground.SourceRouteTest" assertions="3" time="0.493971"/>
        <testcase name="test_json_lock_as_admin_and_succeed" file="/app/vendor/gammamatrix/playground-test/src/Feature/Http/Controllers/Resource/Playground/LockJsonTrait.php" line="66" class="Tests\Feature\Playground\Matrix\Resource\Http\Controllers\Playground\SourceRouteTest" classname="Tests.Feature.Playground.Matrix.Resource.Http.Controllers.Playground.SourceRouteTest" assertions="3" time="0.442030"/>
        <testcase name="test_json_lock_as_admin_and_succeed_with_no_redirect" file="/app/vendor/gammamatrix/playground-test/src/Feature/Http/Controllers/Resource/Playground/LockJsonTrait.php" line="98" class="Tests\Feature\Playground\Matrix\Resource\Http\Controllers\Playground\SourceRouteTest" classname="Tests.Feature.Playground.Matrix.Resource.Http.Controllers.Playground.SourceRouteTest" assertions="85" time="0.526777"/>
        <testcase name="test_json_lock_as_user_and_get_denied" file="/app/vendor/gammamatrix/playground-test/src/Feature/Http/Controllers/Resource/Playground/LockJsonTrait.php" line="143" class="Tests\Feature\Playground\Matrix\Resource\Http\Controllers\Playground\SourceRouteTest" classname="Tests.Feature.Playground.Matrix.Resource.Http.Controllers.Playground.SourceRouteTest" assertions="3" time="0.437511"/>
        <testcase name="test_guest_cannot_lock" file="/app/vendor/gammamatrix/playground-test/src/Feature/Http/Controllers/Resource/Playground/LockTrait.php" line="31" class="Tests\Feature\Playground\Matrix\Resource\Http\Controllers\Playground\SourceRouteTest" classname="Tests.Feature.Playground.Matrix.Resource.Http.Controllers.Playground.SourceRouteTest" assertions="3" time="0.511365"/>
        <testcase name="test_lock_as_admin_and_succeed" file="/app/vendor/gammamatrix/playground-test/src/Feature/Http/Controllers/Resource/Playground/LockTrait.php" line="61" class="Tests\Feature\Playground\Matrix\Resource\Http\Controllers\Playground\SourceRouteTest" classname="Tests.Feature.Playground.Matrix.Resource.Http.Controllers.Playground.SourceRouteTest" assertions="4" time="0.482755"/>
        <testcase name="test_lock_as_admin_and_succeed_with_redirect_to_index_with_sorted_by_locked_desc" file="/app/vendor/gammamatrix/playground-test/src/Feature/Http/Controllers/Resource/Playground/LockTrait.php" line="95" class="Tests\Feature\Playground\Matrix\Resource\Http\Controllers\Playground\SourceRouteTest" classname="Tests.Feature.Playground.Matrix.Resource.Http.Controllers.Playground.SourceRouteTest" assertions="4" time="0.438478"/>
        <testcase name="test_lock_as_user_and_get_denied" file="/app/vendor/gammamatrix/playground-test/src/Feature/Http/Controllers/Resource/Playground/LockTrait.php" line="132" class="Tests\Feature\Playground\Matrix\Resource\Http\Controllers\Playground\SourceRouteTest" classname="Tests.Feature.Playground.Matrix.Resource.Http.Controllers.Playground.SourceRouteTest" assertions="3" time="0.488528"/>
        <testcase name="test_json_guest_cannot_restore" file="/app/vendor/gammamatrix/playground-test/src/Feature/Http/Controllers/Resource/Playground/RestoreJsonTrait.php" line="32" class="Tests\Feature\Playground\Matrix\Resource\Http\Controllers\Playground\SourceRouteTest" classname="Tests.Feature.Playground.Matrix.Resource.Http.Controllers.Playground.SourceRouteTest" assertions="3" time="0.426780"/>
        <testcase name="test_json_restore_as_admin_and_succeed" file="/app/vendor/gammamatrix/playground-test/src/Feature/Http/Controllers/Resource/Playground/RestoreJsonTrait.php" line="64" class="Tests\Feature\Playground\Matrix\Resource\Http\Controllers\Playground\SourceRouteTest" classname="Tests.Feature.Playground.Matrix.Resource.Http.Controllers.Playground.SourceRouteTest" assertions="85" time="0.532689"/>
        <testcase name="test_json_restore_as_admin_and_succeed_with_no_redirect" file="/app/vendor/gammamatrix/playground-test/src/Feature/Http/Controllers/Resource/Playground/RestoreJsonTrait.php" line="100" class="Tests\Feature\Playground\Matrix\Resource\Http\Controllers\Playground\SourceRouteTest" classname="Tests.Feature.Playground.Matrix.Resource.Http.Controllers.Playground.SourceRouteTest" assertions="85" time="0.443619"/>
        <testcase name="test_json_restore_as_user_and_get_denied" file="/app/vendor/gammamatrix/playground-test/src/Feature/Http/Controllers/Resource/Playground/RestoreJsonTrait.php" line="143" class="Tests\Feature\Playground\Matrix\Resource\Http\Controllers\Playground\SourceRouteTest" classname="Tests.Feature.Playground.Matrix.Resource.Http.Controllers.Playground.SourceRouteTest" assertions="3" time="0.520013"/>
        <testcase name="test_guest_cannot_restore" file="/app/vendor/gammamatrix/playground-test/src/Feature/Http/Controllers/Resource/Playground/RestoreTrait.php" line="32" class="Tests\Feature\Playground\Matrix\Resource\Http\Controllers\Playground\SourceRouteTest" classname="Tests.Feature.Playground.Matrix.Resource.Http.Controllers.Playground.SourceRouteTest" assertions="3" time="0.437623"/>
        <testcase name="test_restore_as_admin_and_succeed" file="/app/vendor/gammamatrix/playground-test/src/Feature/Http/Controllers/Resource/Playground/RestoreTrait.php" line="64" class="Tests\Feature\Playground\Matrix\Resource\Http\Controllers\Playground\SourceRouteTest" classname="Tests.Feature.Playground.Matrix.Resource.Http.Controllers.Playground.SourceRouteTest" assertions="4" time="0.439362"/>
        <testcase name="test_restore_as_admin_and_succeed_with_redirect_to_index_with_only_trash" file="/app/vendor/gammamatrix/playground-test/src/Feature/Http/Controllers/Resource/Playground/RestoreTrait.php" line="100" class="Tests\Feature\Playground\Matrix\Resource\Http\Controllers\Playground\SourceRouteTest" classname="Tests.Feature.Playground.Matrix.Resource.Http.Controllers.Playground.SourceRouteTest" assertions="4" time="0.485424"/>
        <testcase name="test_restore_as_user_and_get_denied" file="/app/vendor/gammamatrix/playground-test/src/Feature/Http/Controllers/Resource/Playground/RestoreTrait.php" line="146" class="Tests\Feature\Playground\Matrix\Resource\Http\Controllers\Playground\SourceRouteTest" classname="Tests.Feature.Playground.Matrix.Resource.Http.Controllers.Playground.SourceRouteTest" assertions="3" time="0.448894"/>
        <testcase name="test_json_guest_cannot_see_info" file="/app/vendor/gammamatrix/playground-test/src/Feature/Http/Controllers/Resource/Playground/ShowJsonTrait.php" line="29" class="Tests\Feature\Playground\Matrix\Resource\Http\Controllers\Playground\SourceRouteTest" classname="Tests.Feature.Playground.Matrix.Resource.Http.Controllers.Playground.SourceRouteTest" assertions="1" time="0.521467"/>
        <testcase name="test_json_show_info_for_admin" file="/app/vendor/gammamatrix/playground-test/src/Feature/Http/Controllers/Resource/Playground/ShowJsonTrait.php" line="49" class="Tests\Feature\Playground\Matrix\Resource\Http\Controllers\Playground\SourceRouteTest" classname="Tests.Feature.Playground.Matrix.Resource.Http.Controllers.Playground.SourceRouteTest" assertions="84" time="0.443782"/>
        <testcase name="test_guest_cannot_render_show_view" file="/app/vendor/gammamatrix/playground-test/src/Feature/Http/Controllers/Resource/Playground/ShowTrait.php" line="29" class="Tests\Feature\Playground\Matrix\Resource\Http\Controllers\Playground\SourceRouteTest" classname="Tests.Feature.Playground.Matrix.Resource.Http.Controllers.Playground.SourceRouteTest" assertions="1" time="0.515224"/>
        <testcase name="test_show_view_rendered_by_admin" file="/app/vendor/gammamatrix/playground-test/src/Feature/Http/Controllers/Resource/Playground/ShowTrait.php" line="49" class="Tests\Feature\Playground\Matrix\Resource\Http\Controllers\Playground\SourceRouteTest" classname="Tests.Feature.Playground.Matrix.Resource.Http.Controllers.Playground.SourceRouteTest" assertions="2" time="0.453809"/>
        <testcase name="test_json_guest_cannot_store" file="/app/vendor/gammamatrix/playground-test/src/Feature/Http/Controllers/Resource/Playground/StoreJsonTrait.php" line="43" class="Tests\Feature\Playground\Matrix\Resource\Http\Controllers\Playground\SourceRouteTest" classname="Tests.Feature.Playground.Matrix.Resource.Http.Controllers.Playground.SourceRouteTest" assertions="3" time="0.522479"/>
        <testcase name="test_json_store_as_admin_without_payload_and_fail_validation" file="/app/vendor/gammamatrix/playground-test/src/Feature/Http/Controllers/Resource/Playground/StoreJsonTrait.php" line="66" class="Tests\Feature\Playground\Matrix\Resource\Http\Controllers\Playground\SourceRouteTest" classname="Tests.Feature.Playground.Matrix.Resource.Http.Controllers.Playground.SourceRouteTest" assertions="5" time="0.434314"/>
        <testcase name="test_json_store_as_admin_and_succeed" file="/app/vendor/gammamatrix/playground-test/src/Feature/Http/Controllers/Resource/Playground/StoreJsonTrait.php" line="92" class="Tests\Feature\Playground\Matrix\Resource\Http\Controllers\Playground\SourceRouteTest" classname="Tests.Feature.Playground.Matrix.Resource.Http.Controllers.Playground.SourceRouteTest" assertions="3" time="0.460840"/>
        <testcase name="test_guest_cannot_store" file="/app/vendor/gammamatrix/playground-test/src/Feature/Http/Controllers/Resource/Playground/StoreTrait.php" line="38" class="Tests\Feature\Playground\Matrix\Resource\Http\Controllers\Playground\SourceRouteTest" classname="Tests.Feature.Playground.Matrix.Resource.Http.Controllers.Playground.SourceRouteTest" assertions="3" time="0.501955"/>
        <testcase name="test_store_as_admin_without_payload_and_fail_validation" file="/app/vendor/gammamatrix/playground-test/src/Feature/Http/Controllers/Resource/Playground/StoreTrait.php" line="61" class="Tests\Feature\Playground\Matrix\Resource\Http\Controllers\Playground\SourceRouteTest" classname="Tests.Feature.Playground.Matrix.Resource.Http.Controllers.Playground.SourceRouteTest" assertions="5" time="0.440072"/>
        <testcase name="test_store_as_admin_and_succeed" file="/app/vendor/gammamatrix/playground-test/src/Feature/Http/Controllers/Resource/Playground/StoreTrait.php" line="90" class="Tests\Feature\Playground\Matrix\Resource\Http\Controllers\Playground\SourceRouteTest" classname="Tests.Feature.Playground.Matrix.Resource.Http.Controllers.Playground.SourceRouteTest" assertions="4" time="0.535188"/>
        <testcase name="test_store_as_admin_and_succeed_with_return_url" file="/app/vendor/gammamatrix/playground-test/src/Feature/Http/Controllers/Resource/Playground/StoreTrait.php" line="135" class="Tests\Feature\Playground\Matrix\Resource\Http\Controllers\Playground\SourceRouteTest" classname="Tests.Feature.Playground.Matrix.Resource.Http.Controllers.Playground.SourceRouteTest" assertions="4" time="0.465870"/>
        <testcase name="test_json_guest_cannot_unlock" file="/app/vendor/gammamatrix/playground-test/src/Feature/Http/Controllers/Resource/Playground/UnlockJsonTrait.php" line="36" class="Tests\Feature\Playground\Matrix\Resource\Http\Controllers\Playground\SourceRouteTest" classname="Tests.Feature.Playground.Matrix.Resource.Http.Controllers.Playground.SourceRouteTest" assertions="3" time="0.519177"/>
        <testcase name="test_json_unlock_as_admin_and_succeed" file="/app/vendor/gammamatrix/playground-test/src/Feature/Http/Controllers/Resource/Playground/UnlockJsonTrait.php" line="68" class="Tests\Feature\Playground\Matrix\Resource\Http\Controllers\Playground\SourceRouteTest" classname="Tests.Feature.Playground.Matrix.Resource.Http.Controllers.Playground.SourceRouteTest" assertions="85" time="0.444595"/>
        <testcase name="test_json_unlock_as_admin_and_succeed_with_no_redirect" file="/app/vendor/gammamatrix/playground-test/src/Feature/Http/Controllers/Resource/Playground/UnlockJsonTrait.php" line="104" class="Tests\Feature\Playground\Matrix\Resource\Http\Controllers\Playground\SourceRouteTest" classname="Tests.Feature.Playground.Matrix.Resource.Http.Controllers.Playground.SourceRouteTest" assertions="85" time="0.445890"/>
        <testcase name="test_json_unlock_as_user_and_get_denied" file="/app/vendor/gammamatrix/playground-test/src/Feature/Http/Controllers/Resource/Playground/UnlockJsonTrait.php" line="145" class="Tests\Feature\Playground\Matrix\Resource\Http\Controllers\Playground\SourceRouteTest" classname="Tests.Feature.Playground.Matrix.Resource.Http.Controllers.Playground.SourceRouteTest" assertions="3" time="0.503947"/>
        <testcase name="test_guest_cannot_unlock" file="/app/vendor/gammamatrix/playground-test/src/Feature/Http/Controllers/Resource/Playground/UnlockTrait.php" line="36" class="Tests\Feature\Playground\Matrix\Resource\Http\Controllers\Playground\SourceRouteTest" classname="Tests.Feature.Playground.Matrix.Resource.Http.Controllers.Playground.SourceRouteTest" assertions="3" time="0.439979"/>
        <testcase name="test_unlock_as_admin_and_succeed" file="/app/vendor/gammamatrix/playground-test/src/Feature/Http/Controllers/Resource/Playground/UnlockTrait.php" line="68" class="Tests\Feature\Playground\Matrix\Resource\Http\Controllers\Playground\SourceRouteTest" classname="Tests.Feature.Playground.Matrix.Resource.Http.Controllers.Playground.SourceRouteTest" assertions="4" time="0.531877"/>
        <testcase name="test_unlock_as_admin_and_succeed_with_redirect_to_index_with_sorted_by_unlocked_desc" file="/app/vendor/gammamatrix/playground-test/src/Feature/Http/Controllers/Resource/Playground/UnlockTrait.php" line="109" class="Tests\Feature\Playground\Matrix\Resource\Http\Controllers\Playground\SourceRouteTest" classname="Tests.Feature.Playground.Matrix.Resource.Http.Controllers.Playground.SourceRouteTest" assertions="4" time="0.447945"/>
        <testcase name="test_unlock_as_user_and_get_denied" file="/app/vendor/gammamatrix/playground-test/src/Feature/Http/Controllers/Resource/Playground/UnlockTrait.php" line="148" class="Tests\Feature\Playground\Matrix\Resource\Http\Controllers\Playground\SourceRouteTest" classname="Tests.Feature.Playground.Matrix.Resource.Http.Controllers.Playground.SourceRouteTest" assertions="3" time="0.526256"/>
        <testcase name="test_json_guest_cannot_update" file="/app/vendor/gammamatrix/playground-test/src/Feature/Http/Controllers/Resource/Playground/UpdateJsonTrait.php" line="45" class="Tests\Feature\Playground\Matrix\Resource\Http\Controllers\Playground\SourceRouteTest" classname="Tests.Feature.Playground.Matrix.Resource.Http.Controllers.Playground.SourceRouteTest" assertions="1" time="0.449491"/>
        <testcase name="test_json_update_as_admin_without_payload_and_fail_validation" file="/app/vendor/gammamatrix/playground-test/src/Feature/Http/Controllers/Resource/Playground/UpdateJsonTrait.php" line="65" class="Tests\Feature\Playground\Matrix\Resource\Http\Controllers\Playground\SourceRouteTest" classname="Tests.Feature.Playground.Matrix.Resource.Http.Controllers.Playground.SourceRouteTest" assertions="4" time="0.544010"/>
        <testcase name="test_json_admin_can_update" file="/app/vendor/gammamatrix/playground-test/src/Feature/Http/Controllers/Resource/Playground/UpdateJsonTrait.php" line="90" class="Tests\Feature\Playground\Matrix\Resource\Http\Controllers\Playground\SourceRouteTest" classname="Tests.Feature.Playground.Matrix.Resource.Http.Controllers.Playground.SourceRouteTest" assertions="87" time="0.482076"/>
        <testcase name="test_guest_cannot_update" file="/app/vendor/gammamatrix/playground-test/src/Feature/Http/Controllers/Resource/Playground/UpdateTrait.php" line="45" class="Tests\Feature\Playground\Matrix\Resource\Http\Controllers\Playground\SourceRouteTest" classname="Tests.Feature.Playground.Matrix.Resource.Http.Controllers.Playground.SourceRouteTest" assertions="1" time="0.432848"/>
        <testcase name="test_update_as_admin_without_payload_and_fail_validation" file="/app/vendor/gammamatrix/playground-test/src/Feature/Http/Controllers/Resource/Playground/UpdateTrait.php" line="65" class="Tests\Feature\Playground\Matrix\Resource\Http\Controllers\Playground\SourceRouteTest" classname="Tests.Feature.Playground.Matrix.Resource.Http.Controllers.Playground.SourceRouteTest" assertions="4" time="0.517399"/>
        <testcase name="test_admin_can_update" file="/app/vendor/gammamatrix/playground-test/src/Feature/Http/Controllers/Resource/Playground/UpdateTrait.php" line="90" class="Tests\Feature\Playground\Matrix\Resource\Http\Controllers\Playground\SourceRouteTest" classname="Tests.Feature.Playground.Matrix.Resource.Http.Controllers.Playground.SourceRouteTest" assertions="6" time="0.478462"/>
        <testcase name="test_admin_can_update_view_with_return_url" file="/app/vendor/gammamatrix/playground-test/src/Feature/Http/Controllers/Resource/Playground/UpdateTrait.php" line="133" class="Tests\Feature\Playground\Matrix\Resource\Http\Controllers\Playground\SourceRouteTest" classname="Tests.Feature.Playground.Matrix.Resource.Http.Controllers.Playground.SourceRouteTest" assertions="6" time="0.565884"/>
      </testsuite>
      <testsuite name="Tests\Feature\Playground\Matrix\Resource\Http\Controllers\Playground\SprintRouteTest" file="/app/tests/Feature/Http/Controllers/Playground/SprintRouteTest.php" tests="73" assertions="1173" errors="0" failures="0" skipped="0" time="35.154892">
        <testcase name="test_json_guest_cannot_get_create_info" file="/app/vendor/gammamatrix/playground-test/src/Feature/Http/Controllers/Resource/Playground/CreateJsonTrait.php" line="38" class="Tests\Feature\Playground\Matrix\Resource\Http\Controllers\Playground\SprintRouteTest" classname="Tests.Feature.Playground.Matrix.Resource.Http.Controllers.Playground.SprintRouteTest" assertions="1" time="0.486548"/>
        <testcase name="test_json_admin_can_get_create_info" file="/app/vendor/gammamatrix/playground-test/src/Feature/Http/Controllers/Resource/Playground/CreateJsonTrait.php" line="53" class="Tests\Feature\Playground\Matrix\Resource\Http\Controllers\Playground\SprintRouteTest" classname="Tests.Feature.Playground.Matrix.Resource.Http.Controllers.Playground.SprintRouteTest" assertions="105" time="0.541973"/>
        <testcase name="test_json_get_create_info_as_admin_with_invalid_parameter_and_fail_validation" file="/app/vendor/gammamatrix/playground-test/src/Feature/Http/Controllers/Resource/Playground/CreateJsonTrait.php" line="73" class="Tests\Feature\Playground\Matrix\Resource\Http\Controllers\Playground\SprintRouteTest" classname="Tests.Feature.Playground.Matrix.Resource.Http.Controllers.Playground.SprintRouteTest" assertions="4" time="0.444520"/>
        <testcase name="test_guest_cannot_render_create_view" file="/app/vendor/gammamatrix/playground-test/src/Feature/Http/Controllers/Resource/Playground/CreateTrait.php" line="33" class="Tests\Feature\Playground\Matrix\Resource\Http\Controllers\Playground\SprintRouteTest" classname="Tests.Feature.Playground.Matrix.Resource.Http.Controllers.Playground.SprintRouteTest" assertions="1" time="0.497952"/>
        <testcase name="test_admin_can_render_create_view" file="/app/vendor/gammamatrix/playground-test/src/Feature/Http/Controllers/Resource/Playground/CreateTrait.php" line="47" class="Tests\Feature\Playground\Matrix\Resource\Http\Controllers\Playground\SprintRouteTest" classname="Tests.Feature.Playground.Matrix.Resource.Http.Controllers.Playground.SprintRouteTest" assertions="2" time="0.489579"/>
        <testcase name="test_admin_can_render_create_view_with_return_url" file="/app/vendor/gammamatrix/playground-test/src/Feature/Http/Controllers/Resource/Playground/CreateTrait.php" line="65" class="Tests\Feature\Playground\Matrix\Resource\Http\Controllers\Playground\SprintRouteTest" classname="Tests.Feature.Playground.Matrix.Resource.Http.Controllers.Playground.SprintRouteTest" assertions="3" time="0.537652"/>
        <testcase name="test_create_view_as_admin_with_invalid_parameter_and_fail_validation_and_redirect" file="/app/vendor/gammamatrix/playground-test/src/Feature/Http/Controllers/Resource/Playground/CreateTrait.php" line="92" class="Tests\Feature\Playground\Matrix\Resource\Http\Controllers\Playground\SprintRouteTest" classname="Tests.Feature.Playground.Matrix.Resource.Http.Controllers.Playground.SprintRouteTest" assertions="5" time="0.427250"/>
        <testcase name="test_json_guest_cannot_destroy" file="/app/vendor/gammamatrix/playground-test/src/Feature/Http/Controllers/Resource/Playground/DestroyJsonTrait.php" line="31" class="Tests\Feature\Playground\Matrix\Resource\Http\Controllers\Playground\SprintRouteTest" classname="Tests.Feature.Playground.Matrix.Resource.Http.Controllers.Playground.SprintRouteTest" assertions="3" time="0.428539"/>
        <testcase name="test_json_destroy_as_admin_and_succeed" file="/app/vendor/gammamatrix/playground-test/src/Feature/Http/Controllers/Resource/Playground/DestroyJsonTrait.php" line="61" class="Tests\Feature\Playground\Matrix\Resource\Http\Controllers\Playground\SprintRouteTest" classname="Tests.Feature.Playground.Matrix.Resource.Http.Controllers.Playground.SprintRouteTest" assertions="5" time="0.498933"/>
        <testcase name="test_json_destroy_as_admin_and_succeed_with_force_delete" file="/app/vendor/gammamatrix/playground-test/src/Feature/Http/Controllers/Resource/Playground/DestroyJsonTrait.php" line="100" class="Tests\Feature\Playground\Matrix\Resource\Http\Controllers\Playground\SprintRouteTest" classname="Tests.Feature.Playground.Matrix.Resource.Http.Controllers.Playground.SprintRouteTest" assertions="4" time="0.429462"/>
        <testcase name="test_json_destroy_as_admin_and_succeed_with_no_content" file="/app/vendor/gammamatrix/playground-test/src/Feature/Http/Controllers/Resource/Playground/DestroyJsonTrait.php" line="132" class="Tests\Feature\Playground\Matrix\Resource\Http\Controllers\Playground\SprintRouteTest" classname="Tests.Feature.Playground.Matrix.Resource.Http.Controllers.Playground.SprintRouteTest" assertions="5" time="0.510177"/>
        <testcase name="test_json_destroy_as_admin_and_succeed_and_ignore_redirect" file="/app/vendor/gammamatrix/playground-test/src/Feature/Http/Controllers/Resource/Playground/DestroyJsonTrait.php" line="167" class="Tests\Feature\Playground\Matrix\Resource\Http\Controllers\Playground\SprintRouteTest" classname="Tests.Feature.Playground.Matrix.Resource.Http.Controllers.Playground.SprintRouteTest" assertions="5" time="0.426500"/>
        <testcase name="test_json_destroy_as_user_and_get_denied_and_no_force_delete_allowed" file="/app/vendor/gammamatrix/playground-test/src/Feature/Http/Controllers/Resource/Playground/DestroyJsonTrait.php" line="209" class="Tests\Feature\Playground\Matrix\Resource\Http\Controllers\Playground\SprintRouteTest" classname="Tests.Feature.Playground.Matrix.Resource.Http.Controllers.Playground.SprintRouteTest" assertions="3" time="0.430756"/>
        <testcase name="test_guest_cannot_destroy" file="/app/vendor/gammamatrix/playground-test/src/Feature/Http/Controllers/Resource/Playground/DestroyTrait.php" line="31" class="Tests\Feature\Playground\Matrix\Resource\Http\Controllers\Playground\SprintRouteTest" classname="Tests.Feature.Playground.Matrix.Resource.Http.Controllers.Playground.SprintRouteTest" assertions="3" time="0.513796"/>
        <testcase name="test_destroy_as_admin_and_succeed" file="/app/vendor/gammamatrix/playground-test/src/Feature/Http/Controllers/Resource/Playground/DestroyTrait.php" line="61" class="Tests\Feature\Playground\Matrix\Resource\Http\Controllers\Playground\SprintRouteTest" classname="Tests.Feature.Playground.Matrix.Resource.Http.Controllers.Playground.SprintRouteTest" assertions="5" time="0.434626"/>
        <testcase name="test_destroy_as_admin_and_succeed_with_force_delete" file="/app/vendor/gammamatrix/playground-test/src/Feature/Http/Controllers/Resource/Playground/DestroyTrait.php" line="97" class="Tests\Feature\Playground\Matrix\Resource\Http\Controllers\Playground\SprintRouteTest" classname="Tests.Feature.Playground.Matrix.Resource.Http.Controllers.Playground.SprintRouteTest" assertions="4" time="0.501156"/>
        <testcase name="test_destroy_as_admin_and_succeed_with_redirect_to_index_with_trash" file="/app/vendor/gammamatrix/playground-test/src/Feature/Http/Controllers/Resource/Playground/DestroyTrait.php" line="129" class="Tests\Feature\Playground\Matrix\Resource\Http\Controllers\Playground\SprintRouteTest" classname="Tests.Feature.Playground.Matrix.Resource.Http.Controllers.Playground.SprintRouteTest" assertions="5" time="0.431963"/>
        <testcase name="test_destroy_as_user_and_get_denied_and_no_force_delete_allowed" file="/app/vendor/gammamatrix/playground-test/src/Feature/Http/Controllers/Resource/Playground/DestroyTrait.php" line="171" class="Tests\Feature\Playground\Matrix\Resource\Http\Controllers\Playground\SprintRouteTest" classname="Tests.Feature.Playground.Matrix.Resource.Http.Controllers.Playground.SprintRouteTest" assertions="3" time="0.511099"/>
        <testcase name="test_json_guest_cannot_get_edit_info" file="/app/vendor/gammamatrix/playground-test/src/Feature/Http/Controllers/Resource/Playground/EditJsonTrait.php" line="38" class="Tests\Feature\Playground\Matrix\Resource\Http\Controllers\Playground\SprintRouteTest" classname="Tests.Feature.Playground.Matrix.Resource.Http.Controllers.Playground.SprintRouteTest" assertions="1" time="0.451559"/>
        <testcase name="test_json_admin_can_get_edit_info" file="/app/vendor/gammamatrix/playground-test/src/Feature/Http/Controllers/Resource/Playground/EditJsonTrait.php" line="58" class="Tests\Feature\Playground\Matrix\Resource\Http\Controllers\Playground\SprintRouteTest" classname="Tests.Feature.Playground.Matrix.Resource.Http.Controllers.Playground.SprintRouteTest" assertions="4" time="0.444075"/>
        <testcase name="test_json_edit_as_admin_and_fail_validation_with_invalid_parameter" file="/app/vendor/gammamatrix/playground-test/src/Feature/Http/Controllers/Resource/Playground/EditJsonTrait.php" line="87" class="Tests\Feature\Playground\Matrix\Resource\Http\Controllers\Playground\SprintRouteTest" classname="Tests.Feature.Playground.Matrix.Resource.Http.Controllers.Playground.SprintRouteTest" assertions="4" time="0.510801"/>
        <testcase name="test_guest_cannot_render_edit_view" file="/app/vendor/gammamatrix/playground-test/src/Feature/Http/Controllers/Resource/Playground/EditTrait.php" line="33" class="Tests\Feature\Playground\Matrix\Resource\Http\Controllers\Playground\SprintRouteTest" classname="Tests.Feature.Playground.Matrix.Resource.Http.Controllers.Playground.SprintRouteTest" assertions="1" time="0.421601"/>
        <testcase name="test_admin_can_render_edit_view" file="/app/vendor/gammamatrix/playground-test/src/Feature/Http/Controllers/Resource/Playground/EditTrait.php" line="53" class="Tests\Feature\Playground\Matrix\Resource\Http\Controllers\Playground\SprintRouteTest" classname="Tests.Feature.Playground.Matrix.Resource.Http.Controllers.Playground.SprintRouteTest" assertions="2" time="0.532630"/>
        <testcase name="test_admin_can_render_edit_view_with_return_url" file="/app/vendor/gammamatrix/playground-test/src/Feature/Http/Controllers/Resource/Playground/EditTrait.php" line="77" class="Tests\Feature\Playground\Matrix\Resource\Http\Controllers\Playground\SprintRouteTest" classname="Tests.Feature.Playground.Matrix.Resource.Http.Controllers.Playground.SprintRouteTest" assertions="3" time="0.472776"/>
        <testcase name="test_edit_view_as_admin_with_invalid_parameter_and_fail_validation_and_redirect" file="/app/vendor/gammamatrix/playground-test/src/Feature/Http/Controllers/Resource/Playground/EditTrait.php" line="109" class="Tests\Feature\Playground\Matrix\Resource\Http\Controllers\Playground\SprintRouteTest" classname="Tests.Feature.Playground.Matrix.Resource.Http.Controllers.Playground.SprintRouteTest" assertions="4" time="0.526442"/>
        <testcase name="test_json_guest_cannot_get_index" file="/app/vendor/gammamatrix/playground-test/src/Feature/Http/Controllers/Resource/Playground/IndexJsonTrait.php" line="34" class="Tests\Feature\Playground\Matrix\Resource\Http\Controllers\Playground\SprintRouteTest" classname="Tests.Feature.Playground.Matrix.Resource.Http.Controllers.Playground.SprintRouteTest" assertions="1" time="0.498395"/>
        <testcase name="test_json_admin_can_get_index" file="/app/vendor/gammamatrix/playground-test/src/Feature/Http/Controllers/Resource/Playground/IndexJsonTrait.php" line="49" class="Tests\Feature\Playground\Matrix\Resource\Http\Controllers\Playground\SprintRouteTest" classname="Tests.Feature.Playground.Matrix.Resource.Http.Controllers.Playground.SprintRouteTest" assertions="112" time="0.525084"/>
        <testcase name="test_json_admin_can_get_index_with_filters" file="/app/vendor/gammamatrix/playground-test/src/Feature/Http/Controllers/Resource/Playground/IndexJsonTrait.php" line="85" class="Tests\Feature\Playground\Matrix\Resource\Http\Controllers\Playground\SprintRouteTest" classname="Tests.Feature.Playground.Matrix.Resource.Http.Controllers.Playground.SprintRouteTest" assertions="3" time="0.443695"/>
        <testcase name="test_guest_cannot_render_index_view" file="/app/vendor/gammamatrix/playground-test/src/Feature/Http/Controllers/Resource/Playground/IndexTrait.php" line="29" class="Tests\Feature\Playground\Matrix\Resource\Http\Controllers\Playground\SprintRouteTest" classname="Tests.Feature.Playground.Matrix.Resource.Http.Controllers.Playground.SprintRouteTest" assertions="1" time="0.430564"/>
        <testcase name="test_admin_can_render_index_view" file="/app/vendor/gammamatrix/playground-test/src/Feature/Http/Controllers/Resource/Playground/IndexTrait.php" line="44" class="Tests\Feature\Playground\Matrix\Resource\Http\Controllers\Playground\SprintRouteTest" classname="Tests.Feature.Playground.Matrix.Resource.Http.Controllers.Playground.SprintRouteTest" assertions="2" time="0.562588"/>
        <testcase name="test_admin_can_render_index_view_with_filters" file="/app/vendor/gammamatrix/playground-test/src/Feature/Http/Controllers/Resource/Playground/IndexTrait.php" line="77" class="Tests\Feature\Playground\Matrix\Resource\Http\Controllers\Playground\SprintRouteTest" classname="Tests.Feature.Playground.Matrix.Resource.Http.Controllers.Playground.SprintRouteTest" assertions="3" time="0.465601"/>
        <testcase name="test_json_guest_cannot_lock" file="/app/vendor/gammamatrix/playground-test/src/Feature/Http/Controllers/Resource/Playground/LockJsonTrait.php" line="36" class="Tests\Feature\Playground\Matrix\Resource\Http\Controllers\Playground\SprintRouteTest" classname="Tests.Feature.Playground.Matrix.Resource.Http.Controllers.Playground.SprintRouteTest" assertions="3" time="0.498735"/>
        <testcase name="test_json_lock_as_admin_and_succeed" file="/app/vendor/gammamatrix/playground-test/src/Feature/Http/Controllers/Resource/Playground/LockJsonTrait.php" line="66" class="Tests\Feature\Playground\Matrix\Resource\Http\Controllers\Playground\SprintRouteTest" classname="Tests.Feature.Playground.Matrix.Resource.Http.Controllers.Playground.SprintRouteTest" assertions="3" time="0.442473"/>
        <testcase name="test_json_lock_as_admin_and_succeed_with_no_redirect" file="/app/vendor/gammamatrix/playground-test/src/Feature/Http/Controllers/Resource/Playground/LockJsonTrait.php" line="98" class="Tests\Feature\Playground\Matrix\Resource\Http\Controllers\Playground\SprintRouteTest" classname="Tests.Feature.Playground.Matrix.Resource.Http.Controllers.Playground.SprintRouteTest" assertions="107" time="0.535573"/>
        <testcase name="test_json_lock_as_user_and_get_denied" file="/app/vendor/gammamatrix/playground-test/src/Feature/Http/Controllers/Resource/Playground/LockJsonTrait.php" line="143" class="Tests\Feature\Playground\Matrix\Resource\Http\Controllers\Playground\SprintRouteTest" classname="Tests.Feature.Playground.Matrix.Resource.Http.Controllers.Playground.SprintRouteTest" assertions="3" time="0.431280"/>
        <testcase name="test_guest_cannot_lock" file="/app/vendor/gammamatrix/playground-test/src/Feature/Http/Controllers/Resource/Playground/LockTrait.php" line="31" class="Tests\Feature\Playground\Matrix\Resource\Http\Controllers\Playground\SprintRouteTest" classname="Tests.Feature.Playground.Matrix.Resource.Http.Controllers.Playground.SprintRouteTest" assertions="3" time="0.424293"/>
        <testcase name="test_lock_as_admin_and_succeed" file="/app/vendor/gammamatrix/playground-test/src/Feature/Http/Controllers/Resource/Playground/LockTrait.php" line="61" class="Tests\Feature\Playground\Matrix\Resource\Http\Controllers\Playground\SprintRouteTest" classname="Tests.Feature.Playground.Matrix.Resource.Http.Controllers.Playground.SprintRouteTest" assertions="4" time="0.514694"/>
        <testcase name="test_lock_as_admin_and_succeed_with_redirect_to_index_with_sorted_by_locked_desc" file="/app/vendor/gammamatrix/playground-test/src/Feature/Http/Controllers/Resource/Playground/LockTrait.php" line="95" class="Tests\Feature\Playground\Matrix\Resource\Http\Controllers\Playground\SprintRouteTest" classname="Tests.Feature.Playground.Matrix.Resource.Http.Controllers.Playground.SprintRouteTest" assertions="4" time="0.441545"/>
        <testcase name="test_lock_as_user_and_get_denied" file="/app/vendor/gammamatrix/playground-test/src/Feature/Http/Controllers/Resource/Playground/LockTrait.php" line="132" class="Tests\Feature\Playground\Matrix\Resource\Http\Controllers\Playground\SprintRouteTest" classname="Tests.Feature.Playground.Matrix.Resource.Http.Controllers.Playground.SprintRouteTest" assertions="3" time="0.511673"/>
        <testcase name="test_json_guest_cannot_restore" file="/app/vendor/gammamatrix/playground-test/src/Feature/Http/Controllers/Resource/Playground/RestoreJsonTrait.php" line="32" class="Tests\Feature\Playground\Matrix\Resource\Http\Controllers\Playground\SprintRouteTest" classname="Tests.Feature.Playground.Matrix.Resource.Http.Controllers.Playground.SprintRouteTest" assertions="3" time="0.436425"/>
        <testcase name="test_json_restore_as_admin_and_succeed" file="/app/vendor/gammamatrix/playground-test/src/Feature/Http/Controllers/Resource/Playground/RestoreJsonTrait.php" line="64" class="Tests\Feature\Playground\Matrix\Resource\Http\Controllers\Playground\SprintRouteTest" classname="Tests.Feature.Playground.Matrix.Resource.Http.Controllers.Playground.SprintRouteTest" assertions="107" time="0.544421"/>
        <testcase name="test_json_restore_as_admin_and_succeed_with_no_redirect" file="/app/vendor/gammamatrix/playground-test/src/Feature/Http/Controllers/Resource/Playground/RestoreJsonTrait.php" line="100" class="Tests\Feature\Playground\Matrix\Resource\Http\Controllers\Playground\SprintRouteTest" classname="Tests.Feature.Playground.Matrix.Resource.Http.Controllers.Playground.SprintRouteTest" assertions="107" time="0.452602"/>
        <testcase name="test_json_restore_as_user_and_get_denied" file="/app/vendor/gammamatrix/playground-test/src/Feature/Http/Controllers/Resource/Playground/RestoreJsonTrait.php" line="143" class="Tests\Feature\Playground\Matrix\Resource\Http\Controllers\Playground\SprintRouteTest" classname="Tests.Feature.Playground.Matrix.Resource.Http.Controllers.Playground.SprintRouteTest" assertions="3" time="0.482076"/>
        <testcase name="test_guest_cannot_restore" file="/app/vendor/gammamatrix/playground-test/src/Feature/Http/Controllers/Resource/Playground/RestoreTrait.php" line="32" class="Tests\Feature\Playground\Matrix\Resource\Http\Controllers\Playground\SprintRouteTest" classname="Tests.Feature.Playground.Matrix.Resource.Http.Controllers.Playground.SprintRouteTest" assertions="3" time="0.442619"/>
        <testcase name="test_restore_as_admin_and_succeed" file="/app/vendor/gammamatrix/playground-test/src/Feature/Http/Controllers/Resource/Playground/RestoreTrait.php" line="64" class="Tests\Feature\Playground\Matrix\Resource\Http\Controllers\Playground\SprintRouteTest" classname="Tests.Feature.Playground.Matrix.Resource.Http.Controllers.Playground.SprintRouteTest" assertions="4" time="0.449553"/>
        <testcase name="test_restore_as_admin_and_succeed_with_redirect_to_index_with_only_trash" file="/app/vendor/gammamatrix/playground-test/src/Feature/Http/Controllers/Resource/Playground/RestoreTrait.php" line="100" class="Tests\Feature\Playground\Matrix\Resource\Http\Controllers\Playground\SprintRouteTest" classname="Tests.Feature.Playground.Matrix.Resource.Http.Controllers.Playground.SprintRouteTest" assertions="4" time="0.521173"/>
        <testcase name="test_restore_as_user_and_get_denied" file="/app/vendor/gammamatrix/playground-test/src/Feature/Http/Controllers/Resource/Playground/RestoreTrait.php" line="146" class="Tests\Feature\Playground\Matrix\Resource\Http\Controllers\Playground\SprintRouteTest" classname="Tests.Feature.Playground.Matrix.Resource.Http.Controllers.Playground.SprintRouteTest" assertions="3" time="0.434038"/>
        <testcase name="test_json_guest_cannot_see_info" file="/app/vendor/gammamatrix/playground-test/src/Feature/Http/Controllers/Resource/Playground/ShowJsonTrait.php" line="29" class="Tests\Feature\Playground\Matrix\Resource\Http\Controllers\Playground\SprintRouteTest" classname="Tests.Feature.Playground.Matrix.Resource.Http.Controllers.Playground.SprintRouteTest" assertions="1" time="0.504569"/>
        <testcase name="test_json_show_info_for_admin" file="/app/vendor/gammamatrix/playground-test/src/Feature/Http/Controllers/Resource/Playground/ShowJsonTrait.php" line="49" class="Tests\Feature\Playground\Matrix\Resource\Http\Controllers\Playground\SprintRouteTest" classname="Tests.Feature.Playground.Matrix.Resource.Http.Controllers.Playground.SprintRouteTest" assertions="106" time="0.443865"/>
        <testcase name="test_guest_cannot_render_show_view" file="/app/vendor/gammamatrix/playground-test/src/Feature/Http/Controllers/Resource/Playground/ShowTrait.php" line="29" class="Tests\Feature\Playground\Matrix\Resource\Http\Controllers\Playground\SprintRouteTest" classname="Tests.Feature.Playground.Matrix.Resource.Http.Controllers.Playground.SprintRouteTest" assertions="1" time="0.427797"/>
        <testcase name="test_show_view_rendered_by_admin" file="/app/vendor/gammamatrix/playground-test/src/Feature/Http/Controllers/Resource/Playground/ShowTrait.php" line="49" class="Tests\Feature\Playground\Matrix\Resource\Http\Controllers\Playground\SprintRouteTest" classname="Tests.Feature.Playground.Matrix.Resource.Http.Controllers.Playground.SprintRouteTest" assertions="2" time="0.519449"/>
        <testcase name="test_json_guest_cannot_store" file="/app/vendor/gammamatrix/playground-test/src/Feature/Http/Controllers/Resource/Playground/StoreJsonTrait.php" line="43" class="Tests\Feature\Playground\Matrix\Resource\Http\Controllers\Playground\SprintRouteTest" classname="Tests.Feature.Playground.Matrix.Resource.Http.Controllers.Playground.SprintRouteTest" assertions="3" time="0.448094"/>
        <testcase name="test_json_store_as_admin_without_payload_and_fail_validation" file="/app/vendor/gammamatrix/playground-test/src/Feature/Http/Controllers/Resource/Playground/StoreJsonTrait.php" line="66" class="Tests\Feature\Playground\Matrix\Resource\Http\Controllers\Playground\SprintRouteTest" classname="Tests.Feature.Playground.Matrix.Resource.Http.Controllers.Playground.SprintRouteTest" assertions="5" time="0.516315"/>
        <testcase name="test_json_store_as_admin_and_succeed" file="/app/vendor/gammamatrix/playground-test/src/Feature/Http/Controllers/Resource/Playground/StoreJsonTrait.php" line="92" class="Tests\Feature\Playground\Matrix\Resource\Http\Controllers\Playground\SprintRouteTest" classname="Tests.Feature.Playground.Matrix.Resource.Http.Controllers.Playground.SprintRouteTest" assertions="3" time="0.468644"/>
        <testcase name="test_guest_cannot_store" file="/app/vendor/gammamatrix/playground-test/src/Feature/Http/Controllers/Resource/Playground/StoreTrait.php" line="38" class="Tests\Feature\Playground\Matrix\Resource\Http\Controllers\Playground\SprintRouteTest" classname="Tests.Feature.Playground.Matrix.Resource.Http.Controllers.Playground.SprintRouteTest" assertions="3" time="0.528201"/>
        <testcase name="test_store_as_admin_without_payload_and_fail_validation" file="/app/vendor/gammamatrix/playground-test/src/Feature/Http/Controllers/Resource/Playground/StoreTrait.php" line="61" class="Tests\Feature\Playground\Matrix\Resource\Http\Controllers\Playground\SprintRouteTest" classname="Tests.Feature.Playground.Matrix.Resource.Http.Controllers.Playground.SprintRouteTest" assertions="5" time="0.435755"/>
        <testcase name="test_store_as_admin_and_succeed" file="/app/vendor/gammamatrix/playground-test/src/Feature/Http/Controllers/Resource/Playground/StoreTrait.php" line="90" class="Tests\Feature\Playground\Matrix\Resource\Http\Controllers\Playground\SprintRouteTest" classname="Tests.Feature.Playground.Matrix.Resource.Http.Controllers.Playground.SprintRouteTest" assertions="4" time="0.556401"/>
        <testcase name="test_store_as_admin_and_succeed_with_return_url" file="/app/vendor/gammamatrix/playground-test/src/Feature/Http/Controllers/Resource/Playground/StoreTrait.php" line="135" class="Tests\Feature\Playground\Matrix\Resource\Http\Controllers\Playground\SprintRouteTest" classname="Tests.Feature.Playground.Matrix.Resource.Http.Controllers.Playground.SprintRouteTest" assertions="4" time="0.463353"/>
        <testcase name="test_json_guest_cannot_unlock" file="/app/vendor/gammamatrix/playground-test/src/Feature/Http/Controllers/Resource/Playground/UnlockJsonTrait.php" line="36" class="Tests\Feature\Playground\Matrix\Resource\Http\Controllers\Playground\SprintRouteTest" classname="Tests.Feature.Playground.Matrix.Resource.Http.Controllers.Playground.SprintRouteTest" assertions="3" time="0.434298"/>
        <testcase name="test_json_unlock_as_admin_and_succeed" file="/app/vendor/gammamatrix/playground-test/src/Feature/Http/Controllers/Resource/Playground/UnlockJsonTrait.php" line="68" class="Tests\Feature\Playground\Matrix\Resource\Http\Controllers\Playground\SprintRouteTest" classname="Tests.Feature.Playground.Matrix.Resource.Http.Controllers.Playground.SprintRouteTest" assertions="107" time="0.522595"/>
        <testcase name="test_json_unlock_as_admin_and_succeed_with_no_redirect" file="/app/vendor/gammamatrix/playground-test/src/Feature/Http/Controllers/Resource/Playground/UnlockJsonTrait.php" line="104" class="Tests\Feature\Playground\Matrix\Resource\Http\Controllers\Playground\SprintRouteTest" classname="Tests.Feature.Playground.Matrix.Resource.Http.Controllers.Playground.SprintRouteTest" assertions="107" time="0.472850"/>
        <testcase name="test_json_unlock_as_user_and_get_denied" file="/app/vendor/gammamatrix/playground-test/src/Feature/Http/Controllers/Resource/Playground/UnlockJsonTrait.php" line="145" class="Tests\Feature\Playground\Matrix\Resource\Http\Controllers\Playground\SprintRouteTest" classname="Tests.Feature.Playground.Matrix.Resource.Http.Controllers.Playground.SprintRouteTest" assertions="3" time="0.513898"/>
        <testcase name="test_guest_cannot_unlock" file="/app/vendor/gammamatrix/playground-test/src/Feature/Http/Controllers/Resource/Playground/UnlockTrait.php" line="36" class="Tests\Feature\Playground\Matrix\Resource\Http\Controllers\Playground\SprintRouteTest" classname="Tests.Feature.Playground.Matrix.Resource.Http.Controllers.Playground.SprintRouteTest" assertions="3" time="0.432357"/>
        <testcase name="test_unlock_as_admin_and_succeed" file="/app/vendor/gammamatrix/playground-test/src/Feature/Http/Controllers/Resource/Playground/UnlockTrait.php" line="68" class="Tests\Feature\Playground\Matrix\Resource\Http\Controllers\Playground\SprintRouteTest" classname="Tests.Feature.Playground.Matrix.Resource.Http.Controllers.Playground.SprintRouteTest" assertions="4" time="0.545547"/>
        <testcase name="test_unlock_as_admin_and_succeed_with_redirect_to_index_with_sorted_by_unlocked_desc" file="/app/vendor/gammamatrix/playground-test/src/Feature/Http/Controllers/Resource/Playground/UnlockTrait.php" line="109" class="Tests\Feature\Playground\Matrix\Resource\Http\Controllers\Playground\SprintRouteTest" classname="Tests.Feature.Playground.Matrix.Resource.Http.Controllers.Playground.SprintRouteTest" assertions="4" time="0.445437"/>
        <testcase name="test_unlock_as_user_and_get_denied" file="/app/vendor/gammamatrix/playground-test/src/Feature/Http/Controllers/Resource/Playground/UnlockTrait.php" line="148" class="Tests\Feature\Playground\Matrix\Resource\Http\Controllers\Playground\SprintRouteTest" classname="Tests.Feature.Playground.Matrix.Resource.Http.Controllers.Playground.SprintRouteTest" assertions="3" time="0.540723"/>
        <testcase name="test_json_guest_cannot_update" file="/app/vendor/gammamatrix/playground-test/src/Feature/Http/Controllers/Resource/Playground/UpdateJsonTrait.php" line="45" class="Tests\Feature\Playground\Matrix\Resource\Http\Controllers\Playground\SprintRouteTest" classname="Tests.Feature.Playground.Matrix.Resource.Http.Controllers.Playground.SprintRouteTest" assertions="1" time="0.459716"/>
        <testcase name="test_json_update_as_admin_without_payload_and_fail_validation" file="/app/vendor/gammamatrix/playground-test/src/Feature/Http/Controllers/Resource/Playground/UpdateJsonTrait.php" line="65" class="Tests\Feature\Playground\Matrix\Resource\Http\Controllers\Playground\SprintRouteTest" classname="Tests.Feature.Playground.Matrix.Resource.Http.Controllers.Playground.SprintRouteTest" assertions="4" time="0.451950"/>
        <testcase name="test_json_admin_can_update" file="/app/vendor/gammamatrix/playground-test/src/Feature/Http/Controllers/Resource/Playground/UpdateJsonTrait.php" line="90" class="Tests\Feature\Playground\Matrix\Resource\Http\Controllers\Playground\SprintRouteTest" classname="Tests.Feature.Playground.Matrix.Resource.Http.Controllers.Playground.SprintRouteTest" assertions="109" time="0.584287"/>
        <testcase name="test_guest_cannot_update" file="/app/vendor/gammamatrix/playground-test/src/Feature/Http/Controllers/Resource/Playground/UpdateTrait.php" line="45" class="Tests\Feature\Playground\Matrix\Resource\Http\Controllers\Playground\SprintRouteTest" classname="Tests.Feature.Playground.Matrix.Resource.Http.Controllers.Playground.SprintRouteTest" assertions="1" time="0.430327"/>
        <testcase name="test_update_as_admin_without_payload_and_fail_validation" file="/app/vendor/gammamatrix/playground-test/src/Feature/Http/Controllers/Resource/Playground/UpdateTrait.php" line="65" class="Tests\Feature\Playground\Matrix\Resource\Http\Controllers\Playground\SprintRouteTest" classname="Tests.Feature.Playground.Matrix.Resource.Http.Controllers.Playground.SprintRouteTest" assertions="4" time="0.536740"/>
        <testcase name="test_admin_can_update" file="/app/vendor/gammamatrix/playground-test/src/Feature/Http/Controllers/Resource/Playground/UpdateTrait.php" line="90" class="Tests\Feature\Playground\Matrix\Resource\Http\Controllers\Playground\SprintRouteTest" classname="Tests.Feature.Playground.Matrix.Resource.Http.Controllers.Playground.SprintRouteTest" assertions="6" time="0.512353"/>
        <testcase name="test_admin_can_update_view_with_return_url" file="/app/vendor/gammamatrix/playground-test/src/Feature/Http/Controllers/Resource/Playground/UpdateTrait.php" line="133" class="Tests\Feature\Playground\Matrix\Resource\Http\Controllers\Playground\SprintRouteTest" classname="Tests.Feature.Playground.Matrix.Resource.Http.Controllers.Playground.SprintRouteTest" assertions="6" time="0.567905"/>
      </testsuite>
      <testsuite name="Tests\Feature\Playground\Matrix\Resource\Http\Controllers\Playground\TagRouteTest" file="/app/tests/Feature/Http/Controllers/Playground/TagRouteTest.php" tests="73" assertions="768" errors="0" failures="0" skipped="0" time="34.942872">
        <testcase name="test_json_guest_cannot_get_create_info" file="/app/vendor/gammamatrix/playground-test/src/Feature/Http/Controllers/Resource/Playground/CreateJsonTrait.php" line="38" class="Tests\Feature\Playground\Matrix\Resource\Http\Controllers\Playground\TagRouteTest" classname="Tests.Feature.Playground.Matrix.Resource.Http.Controllers.Playground.TagRouteTest" assertions="1" time="0.483327"/>
        <testcase name="test_json_admin_can_get_create_info" file="/app/vendor/gammamatrix/playground-test/src/Feature/Http/Controllers/Resource/Playground/CreateJsonTrait.php" line="53" class="Tests\Feature\Playground\Matrix\Resource\Http\Controllers\Playground\TagRouteTest" classname="Tests.Feature.Playground.Matrix.Resource.Http.Controllers.Playground.TagRouteTest" assertions="60" time="0.508966"/>
        <testcase name="test_json_get_create_info_as_admin_with_invalid_parameter_and_fail_validation" file="/app/vendor/gammamatrix/playground-test/src/Feature/Http/Controllers/Resource/Playground/CreateJsonTrait.php" line="73" class="Tests\Feature\Playground\Matrix\Resource\Http\Controllers\Playground\TagRouteTest" classname="Tests.Feature.Playground.Matrix.Resource.Http.Controllers.Playground.TagRouteTest" assertions="4" time="0.423292"/>
        <testcase name="test_guest_cannot_render_create_view" file="/app/vendor/gammamatrix/playground-test/src/Feature/Http/Controllers/Resource/Playground/CreateTrait.php" line="33" class="Tests\Feature\Playground\Matrix\Resource\Http\Controllers\Playground\TagRouteTest" classname="Tests.Feature.Playground.Matrix.Resource.Http.Controllers.Playground.TagRouteTest" assertions="1" time="0.409833"/>
        <testcase name="test_admin_can_render_create_view" file="/app/vendor/gammamatrix/playground-test/src/Feature/Http/Controllers/Resource/Playground/CreateTrait.php" line="47" class="Tests\Feature\Playground\Matrix\Resource\Http\Controllers\Playground\TagRouteTest" classname="Tests.Feature.Playground.Matrix.Resource.Http.Controllers.Playground.TagRouteTest" assertions="2" time="0.543787"/>
        <testcase name="test_admin_can_render_create_view_with_return_url" file="/app/vendor/gammamatrix/playground-test/src/Feature/Http/Controllers/Resource/Playground/CreateTrait.php" line="65" class="Tests\Feature\Playground\Matrix\Resource\Http\Controllers\Playground\TagRouteTest" classname="Tests.Feature.Playground.Matrix.Resource.Http.Controllers.Playground.TagRouteTest" assertions="3" time="0.439400"/>
        <testcase name="test_create_view_as_admin_with_invalid_parameter_and_fail_validation_and_redirect" file="/app/vendor/gammamatrix/playground-test/src/Feature/Http/Controllers/Resource/Playground/CreateTrait.php" line="92" class="Tests\Feature\Playground\Matrix\Resource\Http\Controllers\Playground\TagRouteTest" classname="Tests.Feature.Playground.Matrix.Resource.Http.Controllers.Playground.TagRouteTest" assertions="5" time="0.509468"/>
        <testcase name="test_json_guest_cannot_destroy" file="/app/vendor/gammamatrix/playground-test/src/Feature/Http/Controllers/Resource/Playground/DestroyJsonTrait.php" line="31" class="Tests\Feature\Playground\Matrix\Resource\Http\Controllers\Playground\TagRouteTest" classname="Tests.Feature.Playground.Matrix.Resource.Http.Controllers.Playground.TagRouteTest" assertions="3" time="0.422926"/>
        <testcase name="test_json_destroy_as_admin_and_succeed" file="/app/vendor/gammamatrix/playground-test/src/Feature/Http/Controllers/Resource/Playground/DestroyJsonTrait.php" line="61" class="Tests\Feature\Playground\Matrix\Resource\Http\Controllers\Playground\TagRouteTest" classname="Tests.Feature.Playground.Matrix.Resource.Http.Controllers.Playground.TagRouteTest" assertions="5" time="0.515589"/>
        <testcase name="test_json_destroy_as_admin_and_succeed_with_force_delete" file="/app/vendor/gammamatrix/playground-test/src/Feature/Http/Controllers/Resource/Playground/DestroyJsonTrait.php" line="100" class="Tests\Feature\Playground\Matrix\Resource\Http\Controllers\Playground\TagRouteTest" classname="Tests.Feature.Playground.Matrix.Resource.Http.Controllers.Playground.TagRouteTest" assertions="4" time="0.433379"/>
        <testcase name="test_json_destroy_as_admin_and_succeed_with_no_content" file="/app/vendor/gammamatrix/playground-test/src/Feature/Http/Controllers/Resource/Playground/DestroyJsonTrait.php" line="132" class="Tests\Feature\Playground\Matrix\Resource\Http\Controllers\Playground\TagRouteTest" classname="Tests.Feature.Playground.Matrix.Resource.Http.Controllers.Playground.TagRouteTest" assertions="5" time="0.445874"/>
        <testcase name="test_json_destroy_as_admin_and_succeed_and_ignore_redirect" file="/app/vendor/gammamatrix/playground-test/src/Feature/Http/Controllers/Resource/Playground/DestroyJsonTrait.php" line="167" class="Tests\Feature\Playground\Matrix\Resource\Http\Controllers\Playground\TagRouteTest" classname="Tests.Feature.Playground.Matrix.Resource.Http.Controllers.Playground.TagRouteTest" assertions="5" time="0.500216"/>
        <testcase name="test_json_destroy_as_user_and_get_denied_and_no_force_delete_allowed" file="/app/vendor/gammamatrix/playground-test/src/Feature/Http/Controllers/Resource/Playground/DestroyJsonTrait.php" line="209" class="Tests\Feature\Playground\Matrix\Resource\Http\Controllers\Playground\TagRouteTest" classname="Tests.Feature.Playground.Matrix.Resource.Http.Controllers.Playground.TagRouteTest" assertions="3" time="0.425275"/>
        <testcase name="test_guest_cannot_destroy" file="/app/vendor/gammamatrix/playground-test/src/Feature/Http/Controllers/Resource/Playground/DestroyTrait.php" line="31" class="Tests\Feature\Playground\Matrix\Resource\Http\Controllers\Playground\TagRouteTest" classname="Tests.Feature.Playground.Matrix.Resource.Http.Controllers.Playground.TagRouteTest" assertions="3" time="0.511021"/>
        <testcase name="test_destroy_as_admin_and_succeed" file="/app/vendor/gammamatrix/playground-test/src/Feature/Http/Controllers/Resource/Playground/DestroyTrait.php" line="61" class="Tests\Feature\Playground\Matrix\Resource\Http\Controllers\Playground\TagRouteTest" classname="Tests.Feature.Playground.Matrix.Resource.Http.Controllers.Playground.TagRouteTest" assertions="5" time="0.427842"/>
        <testcase name="test_destroy_as_admin_and_succeed_with_force_delete" file="/app/vendor/gammamatrix/playground-test/src/Feature/Http/Controllers/Resource/Playground/DestroyTrait.php" line="97" class="Tests\Feature\Playground\Matrix\Resource\Http\Controllers\Playground\TagRouteTest" classname="Tests.Feature.Playground.Matrix.Resource.Http.Controllers.Playground.TagRouteTest" assertions="4" time="0.531041"/>
        <testcase name="test_destroy_as_admin_and_succeed_with_redirect_to_index_with_trash" file="/app/vendor/gammamatrix/playground-test/src/Feature/Http/Controllers/Resource/Playground/DestroyTrait.php" line="129" class="Tests\Feature\Playground\Matrix\Resource\Http\Controllers\Playground\TagRouteTest" classname="Tests.Feature.Playground.Matrix.Resource.Http.Controllers.Playground.TagRouteTest" assertions="5" time="0.423030"/>
        <testcase name="test_destroy_as_user_and_get_denied_and_no_force_delete_allowed" file="/app/vendor/gammamatrix/playground-test/src/Feature/Http/Controllers/Resource/Playground/DestroyTrait.php" line="171" class="Tests\Feature\Playground\Matrix\Resource\Http\Controllers\Playground\TagRouteTest" classname="Tests.Feature.Playground.Matrix.Resource.Http.Controllers.Playground.TagRouteTest" assertions="3" time="0.427377"/>
        <testcase name="test_json_guest_cannot_get_edit_info" file="/app/vendor/gammamatrix/playground-test/src/Feature/Http/Controllers/Resource/Playground/EditJsonTrait.php" line="38" class="Tests\Feature\Playground\Matrix\Resource\Http\Controllers\Playground\TagRouteTest" classname="Tests.Feature.Playground.Matrix.Resource.Http.Controllers.Playground.TagRouteTest" assertions="1" time="0.535530"/>
        <testcase name="test_json_admin_can_get_edit_info" file="/app/vendor/gammamatrix/playground-test/src/Feature/Http/Controllers/Resource/Playground/EditJsonTrait.php" line="58" class="Tests\Feature\Playground\Matrix\Resource\Http\Controllers\Playground\TagRouteTest" classname="Tests.Feature.Playground.Matrix.Resource.Http.Controllers.Playground.TagRouteTest" assertions="4" time="0.446721"/>
        <testcase name="test_json_edit_as_admin_and_fail_validation_with_invalid_parameter" file="/app/vendor/gammamatrix/playground-test/src/Feature/Http/Controllers/Resource/Playground/EditJsonTrait.php" line="87" class="Tests\Feature\Playground\Matrix\Resource\Http\Controllers\Playground\TagRouteTest" classname="Tests.Feature.Playground.Matrix.Resource.Http.Controllers.Playground.TagRouteTest" assertions="4" time="0.523002"/>
        <testcase name="test_guest_cannot_render_edit_view" file="/app/vendor/gammamatrix/playground-test/src/Feature/Http/Controllers/Resource/Playground/EditTrait.php" line="33" class="Tests\Feature\Playground\Matrix\Resource\Http\Controllers\Playground\TagRouteTest" classname="Tests.Feature.Playground.Matrix.Resource.Http.Controllers.Playground.TagRouteTest" assertions="1" time="0.423057"/>
        <testcase name="test_admin_can_render_edit_view" file="/app/vendor/gammamatrix/playground-test/src/Feature/Http/Controllers/Resource/Playground/EditTrait.php" line="53" class="Tests\Feature\Playground\Matrix\Resource\Http\Controllers\Playground\TagRouteTest" classname="Tests.Feature.Playground.Matrix.Resource.Http.Controllers.Playground.TagRouteTest" assertions="2" time="0.540022"/>
        <testcase name="test_admin_can_render_edit_view_with_return_url" file="/app/vendor/gammamatrix/playground-test/src/Feature/Http/Controllers/Resource/Playground/EditTrait.php" line="77" class="Tests\Feature\Playground\Matrix\Resource\Http\Controllers\Playground\TagRouteTest" classname="Tests.Feature.Playground.Matrix.Resource.Http.Controllers.Playground.TagRouteTest" assertions="3" time="0.473523"/>
        <testcase name="test_edit_view_as_admin_with_invalid_parameter_and_fail_validation_and_redirect" file="/app/vendor/gammamatrix/playground-test/src/Feature/Http/Controllers/Resource/Playground/EditTrait.php" line="109" class="Tests\Feature\Playground\Matrix\Resource\Http\Controllers\Playground\TagRouteTest" classname="Tests.Feature.Playground.Matrix.Resource.Http.Controllers.Playground.TagRouteTest" assertions="4" time="0.430698"/>
        <testcase name="test_json_guest_cannot_get_index" file="/app/vendor/gammamatrix/playground-test/src/Feature/Http/Controllers/Resource/Playground/IndexJsonTrait.php" line="34" class="Tests\Feature\Playground\Matrix\Resource\Http\Controllers\Playground\TagRouteTest" classname="Tests.Feature.Playground.Matrix.Resource.Http.Controllers.Playground.TagRouteTest" assertions="1" time="0.549328"/>
        <testcase name="test_json_admin_can_get_index" file="/app/vendor/gammamatrix/playground-test/src/Feature/Http/Controllers/Resource/Playground/IndexJsonTrait.php" line="49" class="Tests\Feature\Playground\Matrix\Resource\Http\Controllers\Playground\TagRouteTest" classname="Tests.Feature.Playground.Matrix.Resource.Http.Controllers.Playground.TagRouteTest" assertions="67" time="0.440132"/>
        <testcase name="test_json_admin_can_get_index_with_filters" file="/app/vendor/gammamatrix/playground-test/src/Feature/Http/Controllers/Resource/Playground/IndexJsonTrait.php" line="85" class="Tests\Feature\Playground\Matrix\Resource\Http\Controllers\Playground\TagRouteTest" classname="Tests.Feature.Playground.Matrix.Resource.Http.Controllers.Playground.TagRouteTest" assertions="3" time="0.543889"/>
        <testcase name="test_guest_cannot_render_index_view" file="/app/vendor/gammamatrix/playground-test/src/Feature/Http/Controllers/Resource/Playground/IndexTrait.php" line="29" class="Tests\Feature\Playground\Matrix\Resource\Http\Controllers\Playground\TagRouteTest" classname="Tests.Feature.Playground.Matrix.Resource.Http.Controllers.Playground.TagRouteTest" assertions="1" time="0.415230"/>
        <testcase name="test_admin_can_render_index_view" file="/app/vendor/gammamatrix/playground-test/src/Feature/Http/Controllers/Resource/Playground/IndexTrait.php" line="44" class="Tests\Feature\Playground\Matrix\Resource\Http\Controllers\Playground\TagRouteTest" classname="Tests.Feature.Playground.Matrix.Resource.Http.Controllers.Playground.TagRouteTest" assertions="2" time="0.549589"/>
        <testcase name="test_admin_can_render_index_view_with_filters" file="/app/vendor/gammamatrix/playground-test/src/Feature/Http/Controllers/Resource/Playground/IndexTrait.php" line="77" class="Tests\Feature\Playground\Matrix\Resource\Http\Controllers\Playground\TagRouteTest" classname="Tests.Feature.Playground.Matrix.Resource.Http.Controllers.Playground.TagRouteTest" assertions="3" time="0.464112"/>
        <testcase name="test_json_guest_cannot_lock" file="/app/vendor/gammamatrix/playground-test/src/Feature/Http/Controllers/Resource/Playground/LockJsonTrait.php" line="36" class="Tests\Feature\Playground\Matrix\Resource\Http\Controllers\Playground\TagRouteTest" classname="Tests.Feature.Playground.Matrix.Resource.Http.Controllers.Playground.TagRouteTest" assertions="3" time="0.512960"/>
        <testcase name="test_json_lock_as_admin_and_succeed" file="/app/vendor/gammamatrix/playground-test/src/Feature/Http/Controllers/Resource/Playground/LockJsonTrait.php" line="66" class="Tests\Feature\Playground\Matrix\Resource\Http\Controllers\Playground\TagRouteTest" classname="Tests.Feature.Playground.Matrix.Resource.Http.Controllers.Playground.TagRouteTest" assertions="3" time="0.435999"/>
        <testcase name="test_json_lock_as_admin_and_succeed_with_no_redirect" file="/app/vendor/gammamatrix/playground-test/src/Feature/Http/Controllers/Resource/Playground/LockJsonTrait.php" line="98" class="Tests\Feature\Playground\Matrix\Resource\Http\Controllers\Playground\TagRouteTest" classname="Tests.Feature.Playground.Matrix.Resource.Http.Controllers.Playground.TagRouteTest" assertions="62" time="0.441805"/>
        <testcase name="test_json_lock_as_user_and_get_denied" file="/app/vendor/gammamatrix/playground-test/src/Feature/Http/Controllers/Resource/Playground/LockJsonTrait.php" line="143" class="Tests\Feature\Playground\Matrix\Resource\Http\Controllers\Playground\TagRouteTest" classname="Tests.Feature.Playground.Matrix.Resource.Http.Controllers.Playground.TagRouteTest" assertions="3" time="0.522346"/>
        <testcase name="test_guest_cannot_lock" file="/app/vendor/gammamatrix/playground-test/src/Feature/Http/Controllers/Resource/Playground/LockTrait.php" line="31" class="Tests\Feature\Playground\Matrix\Resource\Http\Controllers\Playground\TagRouteTest" classname="Tests.Feature.Playground.Matrix.Resource.Http.Controllers.Playground.TagRouteTest" assertions="3" time="0.422510"/>
        <testcase name="test_lock_as_admin_and_succeed" file="/app/vendor/gammamatrix/playground-test/src/Feature/Http/Controllers/Resource/Playground/LockTrait.php" line="61" class="Tests\Feature\Playground\Matrix\Resource\Http\Controllers\Playground\TagRouteTest" classname="Tests.Feature.Playground.Matrix.Resource.Http.Controllers.Playground.TagRouteTest" assertions="4" time="0.529542"/>
        <testcase name="test_lock_as_admin_and_succeed_with_redirect_to_index_with_sorted_by_locked_desc" file="/app/vendor/gammamatrix/playground-test/src/Feature/Http/Controllers/Resource/Playground/LockTrait.php" line="95" class="Tests\Feature\Playground\Matrix\Resource\Http\Controllers\Playground\TagRouteTest" classname="Tests.Feature.Playground.Matrix.Resource.Http.Controllers.Playground.TagRouteTest" assertions="4" time="0.435650"/>
        <testcase name="test_lock_as_user_and_get_denied" file="/app/vendor/gammamatrix/playground-test/src/Feature/Http/Controllers/Resource/Playground/LockTrait.php" line="132" class="Tests\Feature\Playground\Matrix\Resource\Http\Controllers\Playground\TagRouteTest" classname="Tests.Feature.Playground.Matrix.Resource.Http.Controllers.Playground.TagRouteTest" assertions="3" time="0.528997"/>
        <testcase name="test_json_guest_cannot_restore" file="/app/vendor/gammamatrix/playground-test/src/Feature/Http/Controllers/Resource/Playground/RestoreJsonTrait.php" line="32" class="Tests\Feature\Playground\Matrix\Resource\Http\Controllers\Playground\TagRouteTest" classname="Tests.Feature.Playground.Matrix.Resource.Http.Controllers.Playground.TagRouteTest" assertions="3" time="0.423877"/>
        <testcase name="test_json_restore_as_admin_and_succeed" file="/app/vendor/gammamatrix/playground-test/src/Feature/Http/Controllers/Resource/Playground/RestoreJsonTrait.php" line="64" class="Tests\Feature\Playground\Matrix\Resource\Http\Controllers\Playground\TagRouteTest" classname="Tests.Feature.Playground.Matrix.Resource.Http.Controllers.Playground.TagRouteTest" assertions="62" time="0.449819"/>
        <testcase name="test_json_restore_as_admin_and_succeed_with_no_redirect" file="/app/vendor/gammamatrix/playground-test/src/Feature/Http/Controllers/Resource/Playground/RestoreJsonTrait.php" line="100" class="Tests\Feature\Playground\Matrix\Resource\Http\Controllers\Playground\TagRouteTest" classname="Tests.Feature.Playground.Matrix.Resource.Http.Controllers.Playground.TagRouteTest" assertions="62" time="0.527553"/>
        <testcase name="test_json_restore_as_user_and_get_denied" file="/app/vendor/gammamatrix/playground-test/src/Feature/Http/Controllers/Resource/Playground/RestoreJsonTrait.php" line="143" class="Tests\Feature\Playground\Matrix\Resource\Http\Controllers\Playground\TagRouteTest" classname="Tests.Feature.Playground.Matrix.Resource.Http.Controllers.Playground.TagRouteTest" assertions="3" time="0.439115"/>
        <testcase name="test_guest_cannot_restore" file="/app/vendor/gammamatrix/playground-test/src/Feature/Http/Controllers/Resource/Playground/RestoreTrait.php" line="32" class="Tests\Feature\Playground\Matrix\Resource\Http\Controllers\Playground\TagRouteTest" classname="Tests.Feature.Playground.Matrix.Resource.Http.Controllers.Playground.TagRouteTest" assertions="3" time="0.504709"/>
        <testcase name="test_restore_as_admin_and_succeed" file="/app/vendor/gammamatrix/playground-test/src/Feature/Http/Controllers/Resource/Playground/RestoreTrait.php" line="64" class="Tests\Feature\Playground\Matrix\Resource\Http\Controllers\Playground\TagRouteTest" classname="Tests.Feature.Playground.Matrix.Resource.Http.Controllers.Playground.TagRouteTest" assertions="4" time="0.438473"/>
        <testcase name="test_restore_as_admin_and_succeed_with_redirect_to_index_with_only_trash" file="/app/vendor/gammamatrix/playground-test/src/Feature/Http/Controllers/Resource/Playground/RestoreTrait.php" line="100" class="Tests\Feature\Playground\Matrix\Resource\Http\Controllers\Playground\TagRouteTest" classname="Tests.Feature.Playground.Matrix.Resource.Http.Controllers.Playground.TagRouteTest" assertions="4" time="0.549791"/>
        <testcase name="test_restore_as_user_and_get_denied" file="/app/vendor/gammamatrix/playground-test/src/Feature/Http/Controllers/Resource/Playground/RestoreTrait.php" line="146" class="Tests\Feature\Playground\Matrix\Resource\Http\Controllers\Playground\TagRouteTest" classname="Tests.Feature.Playground.Matrix.Resource.Http.Controllers.Playground.TagRouteTest" assertions="3" time="0.431033"/>
        <testcase name="test_json_guest_cannot_see_info" file="/app/vendor/gammamatrix/playground-test/src/Feature/Http/Controllers/Resource/Playground/ShowJsonTrait.php" line="29" class="Tests\Feature\Playground\Matrix\Resource\Http\Controllers\Playground\TagRouteTest" classname="Tests.Feature.Playground.Matrix.Resource.Http.Controllers.Playground.TagRouteTest" assertions="1" time="0.425438"/>
        <testcase name="test_json_show_info_for_admin" file="/app/vendor/gammamatrix/playground-test/src/Feature/Http/Controllers/Resource/Playground/ShowJsonTrait.php" line="49" class="Tests\Feature\Playground\Matrix\Resource\Http\Controllers\Playground\TagRouteTest" classname="Tests.Feature.Playground.Matrix.Resource.Http.Controllers.Playground.TagRouteTest" assertions="61" time="0.523245"/>
        <testcase name="test_guest_cannot_render_show_view" file="/app/vendor/gammamatrix/playground-test/src/Feature/Http/Controllers/Resource/Playground/ShowTrait.php" line="29" class="Tests\Feature\Playground\Matrix\Resource\Http\Controllers\Playground\TagRouteTest" classname="Tests.Feature.Playground.Matrix.Resource.Http.Controllers.Playground.TagRouteTest" assertions="1" time="0.484588"/>
        <testcase name="test_show_view_rendered_by_admin" file="/app/vendor/gammamatrix/playground-test/src/Feature/Http/Controllers/Resource/Playground/ShowTrait.php" line="49" class="Tests\Feature\Playground\Matrix\Resource\Http\Controllers\Playground\TagRouteTest" classname="Tests.Feature.Playground.Matrix.Resource.Http.Controllers.Playground.TagRouteTest" assertions="2" time="0.542356"/>
        <testcase name="test_json_guest_cannot_store" file="/app/vendor/gammamatrix/playground-test/src/Feature/Http/Controllers/Resource/Playground/StoreJsonTrait.php" line="43" class="Tests\Feature\Playground\Matrix\Resource\Http\Controllers\Playground\TagRouteTest" classname="Tests.Feature.Playground.Matrix.Resource.Http.Controllers.Playground.TagRouteTest" assertions="3" time="0.431102"/>
        <testcase name="test_json_store_as_admin_without_payload_and_fail_validation" file="/app/vendor/gammamatrix/playground-test/src/Feature/Http/Controllers/Resource/Playground/StoreJsonTrait.php" line="66" class="Tests\Feature\Playground\Matrix\Resource\Http\Controllers\Playground\TagRouteTest" classname="Tests.Feature.Playground.Matrix.Resource.Http.Controllers.Playground.TagRouteTest" assertions="5" time="0.540159"/>
        <testcase name="test_json_store_as_admin_and_succeed" file="/app/vendor/gammamatrix/playground-test/src/Feature/Http/Controllers/Resource/Playground/StoreJsonTrait.php" line="92" class="Tests\Feature\Playground\Matrix\Resource\Http\Controllers\Playground\TagRouteTest" classname="Tests.Feature.Playground.Matrix.Resource.Http.Controllers.Playground.TagRouteTest" assertions="3" time="0.466454"/>
        <testcase name="test_guest_cannot_store" file="/app/vendor/gammamatrix/playground-test/src/Feature/Http/Controllers/Resource/Playground/StoreTrait.php" line="38" class="Tests\Feature\Playground\Matrix\Resource\Http\Controllers\Playground\TagRouteTest" classname="Tests.Feature.Playground.Matrix.Resource.Http.Controllers.Playground.TagRouteTest" assertions="3" time="0.421122"/>
        <testcase name="test_store_as_admin_without_payload_and_fail_validation" file="/app/vendor/gammamatrix/playground-test/src/Feature/Http/Controllers/Resource/Playground/StoreTrait.php" line="61" class="Tests\Feature\Playground\Matrix\Resource\Http\Controllers\Playground\TagRouteTest" classname="Tests.Feature.Playground.Matrix.Resource.Http.Controllers.Playground.TagRouteTest" assertions="5" time="0.518467"/>
        <testcase name="test_store_as_admin_and_succeed" file="/app/vendor/gammamatrix/playground-test/src/Feature/Http/Controllers/Resource/Playground/StoreTrait.php" line="90" class="Tests\Feature\Playground\Matrix\Resource\Http\Controllers\Playground\TagRouteTest" classname="Tests.Feature.Playground.Matrix.Resource.Http.Controllers.Playground.TagRouteTest" assertions="4" time="0.460935"/>
        <testcase name="test_store_as_admin_and_succeed_with_return_url" file="/app/vendor/gammamatrix/playground-test/src/Feature/Http/Controllers/Resource/Playground/StoreTrait.php" line="135" class="Tests\Feature\Playground\Matrix\Resource\Http\Controllers\Playground\TagRouteTest" classname="Tests.Feature.Playground.Matrix.Resource.Http.Controllers.Playground.TagRouteTest" assertions="4" time="0.546527"/>
        <testcase name="test_json_guest_cannot_unlock" file="/app/vendor/gammamatrix/playground-test/src/Feature/Http/Controllers/Resource/Playground/UnlockJsonTrait.php" line="36" class="Tests\Feature\Playground\Matrix\Resource\Http\Controllers\Playground\TagRouteTest" classname="Tests.Feature.Playground.Matrix.Resource.Http.Controllers.Playground.TagRouteTest" assertions="3" time="0.429040"/>
        <testcase name="test_json_unlock_as_admin_and_succeed" file="/app/vendor/gammamatrix/playground-test/src/Feature/Http/Controllers/Resource/Playground/UnlockJsonTrait.php" line="68" class="Tests\Feature\Playground\Matrix\Resource\Http\Controllers\Playground\TagRouteTest" classname="Tests.Feature.Playground.Matrix.Resource.Http.Controllers.Playground.TagRouteTest" assertions="62" time="0.541813"/>
        <testcase name="test_json_unlock_as_admin_and_succeed_with_no_redirect" file="/app/vendor/gammamatrix/playground-test/src/Feature/Http/Controllers/Resource/Playground/UnlockJsonTrait.php" line="104" class="Tests\Feature\Playground\Matrix\Resource\Http\Controllers\Playground\TagRouteTest" classname="Tests.Feature.Playground.Matrix.Resource.Http.Controllers.Playground.TagRouteTest" assertions="62" time="0.444570"/>
        <testcase name="test_json_unlock_as_user_and_get_denied" file="/app/vendor/gammamatrix/playground-test/src/Feature/Http/Controllers/Resource/Playground/UnlockJsonTrait.php" line="145" class="Tests\Feature\Playground\Matrix\Resource\Http\Controllers\Playground\TagRouteTest" classname="Tests.Feature.Playground.Matrix.Resource.Http.Controllers.Playground.TagRouteTest" assertions="3" time="0.442541"/>
        <testcase name="test_guest_cannot_unlock" file="/app/vendor/gammamatrix/playground-test/src/Feature/Http/Controllers/Resource/Playground/UnlockTrait.php" line="36" class="Tests\Feature\Playground\Matrix\Resource\Http\Controllers\Playground\TagRouteTest" classname="Tests.Feature.Playground.Matrix.Resource.Http.Controllers.Playground.TagRouteTest" assertions="3" time="0.493301"/>
        <testcase name="test_unlock_as_admin_and_succeed" file="/app/vendor/gammamatrix/playground-test/src/Feature/Http/Controllers/Resource/Playground/UnlockTrait.php" line="68" class="Tests\Feature\Playground\Matrix\Resource\Http\Controllers\Playground\TagRouteTest" classname="Tests.Feature.Playground.Matrix.Resource.Http.Controllers.Playground.TagRouteTest" assertions="4" time="0.442362"/>
        <testcase name="test_unlock_as_admin_and_succeed_with_redirect_to_index_with_sorted_by_unlocked_desc" file="/app/vendor/gammamatrix/playground-test/src/Feature/Http/Controllers/Resource/Playground/UnlockTrait.php" line="109" class="Tests\Feature\Playground\Matrix\Resource\Http\Controllers\Playground\TagRouteTest" classname="Tests.Feature.Playground.Matrix.Resource.Http.Controllers.Playground.TagRouteTest" assertions="4" time="0.527654"/>
        <testcase name="test_unlock_as_user_and_get_denied" file="/app/vendor/gammamatrix/playground-test/src/Feature/Http/Controllers/Resource/Playground/UnlockTrait.php" line="148" class="Tests\Feature\Playground\Matrix\Resource\Http\Controllers\Playground\TagRouteTest" classname="Tests.Feature.Playground.Matrix.Resource.Http.Controllers.Playground.TagRouteTest" assertions="3" time="0.443087"/>
        <testcase name="test_json_guest_cannot_update" file="/app/vendor/gammamatrix/playground-test/src/Feature/Http/Controllers/Resource/Playground/UpdateJsonTrait.php" line="45" class="Tests\Feature\Playground\Matrix\Resource\Http\Controllers\Playground\TagRouteTest" classname="Tests.Feature.Playground.Matrix.Resource.Http.Controllers.Playground.TagRouteTest" assertions="1" time="0.543697"/>
        <testcase name="test_json_update_as_admin_without_payload_and_fail_validation" file="/app/vendor/gammamatrix/playground-test/src/Feature/Http/Controllers/Resource/Playground/UpdateJsonTrait.php" line="65" class="Tests\Feature\Playground\Matrix\Resource\Http\Controllers\Playground\TagRouteTest" classname="Tests.Feature.Playground.Matrix.Resource.Http.Controllers.Playground.TagRouteTest" assertions="4" time="0.442624"/>
        <testcase name="test_json_admin_can_update" file="/app/vendor/gammamatrix/playground-test/src/Feature/Http/Controllers/Resource/Playground/UpdateJsonTrait.php" line="90" class="Tests\Feature\Playground\Matrix\Resource\Http\Controllers\Playground\TagRouteTest" classname="Tests.Feature.Playground.Matrix.Resource.Http.Controllers.Playground.TagRouteTest" assertions="64" time="0.598182"/>
        <testcase name="test_guest_cannot_update" file="/app/vendor/gammamatrix/playground-test/src/Feature/Http/Controllers/Resource/Playground/UpdateTrait.php" line="45" class="Tests\Feature\Playground\Matrix\Resource\Http\Controllers\Playground\TagRouteTest" classname="Tests.Feature.Playground.Matrix.Resource.Http.Controllers.Playground.TagRouteTest" assertions="1" time="0.427738"/>
        <testcase name="test_update_as_admin_without_payload_and_fail_validation" file="/app/vendor/gammamatrix/playground-test/src/Feature/Http/Controllers/Resource/Playground/UpdateTrait.php" line="65" class="Tests\Feature\Playground\Matrix\Resource\Http\Controllers\Playground\TagRouteTest" classname="Tests.Feature.Playground.Matrix.Resource.Http.Controllers.Playground.TagRouteTest" assertions="4" time="0.443451"/>
        <testcase name="test_admin_can_update" file="/app/vendor/gammamatrix/playground-test/src/Feature/Http/Controllers/Resource/Playground/UpdateTrait.php" line="90" class="Tests\Feature\Playground\Matrix\Resource\Http\Controllers\Playground\TagRouteTest" classname="Tests.Feature.Playground.Matrix.Resource.Http.Controllers.Playground.TagRouteTest" assertions="6" time="0.555798"/>
        <testcase name="test_admin_can_update_view_with_return_url" file="/app/vendor/gammamatrix/playground-test/src/Feature/Http/Controllers/Resource/Playground/UpdateTrait.php" line="133" class="Tests\Feature\Playground\Matrix\Resource\Http\Controllers\Playground\TagRouteTest" classname="Tests.Feature.Playground.Matrix.Resource.Http.Controllers.Playground.TagRouteTest" assertions="6" time="0.495966"/>
      </testsuite>
      <testsuite name="Tests\Feature\Playground\Matrix\Resource\Http\Controllers\Playground\TeamRouteTest" file="/app/tests/Feature/Http/Controllers/Playground/TeamRouteTest.php" tests="73" assertions="1092" errors="0" failures="0" skipped="0" time="36.051654">
        <testcase name="test_json_guest_cannot_get_create_info" file="/app/vendor/gammamatrix/playground-test/src/Feature/Http/Controllers/Resource/Playground/CreateJsonTrait.php" line="38" class="Tests\Feature\Playground\Matrix\Resource\Http\Controllers\Playground\TeamRouteTest" classname="Tests.Feature.Playground.Matrix.Resource.Http.Controllers.Playground.TeamRouteTest" assertions="1" time="0.582084"/>
        <testcase name="test_json_admin_can_get_create_info" file="/app/vendor/gammamatrix/playground-test/src/Feature/Http/Controllers/Resource/Playground/CreateJsonTrait.php" line="53" class="Tests\Feature\Playground\Matrix\Resource\Http\Controllers\Playground\TeamRouteTest" classname="Tests.Feature.Playground.Matrix.Resource.Http.Controllers.Playground.TeamRouteTest" assertions="96" time="0.430962"/>
        <testcase name="test_json_get_create_info_as_admin_with_invalid_parameter_and_fail_validation" file="/app/vendor/gammamatrix/playground-test/src/Feature/Http/Controllers/Resource/Playground/CreateJsonTrait.php" line="73" class="Tests\Feature\Playground\Matrix\Resource\Http\Controllers\Playground\TeamRouteTest" classname="Tests.Feature.Playground.Matrix.Resource.Http.Controllers.Playground.TeamRouteTest" assertions="4" time="0.511819"/>
        <testcase name="test_guest_cannot_render_create_view" file="/app/vendor/gammamatrix/playground-test/src/Feature/Http/Controllers/Resource/Playground/CreateTrait.php" line="33" class="Tests\Feature\Playground\Matrix\Resource\Http\Controllers\Playground\TeamRouteTest" classname="Tests.Feature.Playground.Matrix.Resource.Http.Controllers.Playground.TeamRouteTest" assertions="1" time="0.410786"/>
        <testcase name="test_admin_can_render_create_view" file="/app/vendor/gammamatrix/playground-test/src/Feature/Http/Controllers/Resource/Playground/CreateTrait.php" line="47" class="Tests\Feature\Playground\Matrix\Resource\Http\Controllers\Playground\TeamRouteTest" classname="Tests.Feature.Playground.Matrix.Resource.Http.Controllers.Playground.TeamRouteTest" assertions="2" time="0.576960"/>
        <testcase name="test_admin_can_render_create_view_with_return_url" file="/app/vendor/gammamatrix/playground-test/src/Feature/Http/Controllers/Resource/Playground/CreateTrait.php" line="65" class="Tests\Feature\Playground\Matrix\Resource\Http\Controllers\Playground\TeamRouteTest" classname="Tests.Feature.Playground.Matrix.Resource.Http.Controllers.Playground.TeamRouteTest" assertions="3" time="0.457772"/>
        <testcase name="test_create_view_as_admin_with_invalid_parameter_and_fail_validation_and_redirect" file="/app/vendor/gammamatrix/playground-test/src/Feature/Http/Controllers/Resource/Playground/CreateTrait.php" line="92" class="Tests\Feature\Playground\Matrix\Resource\Http\Controllers\Playground\TeamRouteTest" classname="Tests.Feature.Playground.Matrix.Resource.Http.Controllers.Playground.TeamRouteTest" assertions="5" time="0.427286"/>
        <testcase name="test_json_guest_cannot_destroy" file="/app/vendor/gammamatrix/playground-test/src/Feature/Http/Controllers/Resource/Playground/DestroyJsonTrait.php" line="31" class="Tests\Feature\Playground\Matrix\Resource\Http\Controllers\Playground\TeamRouteTest" classname="Tests.Feature.Playground.Matrix.Resource.Http.Controllers.Playground.TeamRouteTest" assertions="3" time="0.513733"/>
        <testcase name="test_json_destroy_as_admin_and_succeed" file="/app/vendor/gammamatrix/playground-test/src/Feature/Http/Controllers/Resource/Playground/DestroyJsonTrait.php" line="61" class="Tests\Feature\Playground\Matrix\Resource\Http\Controllers\Playground\TeamRouteTest" classname="Tests.Feature.Playground.Matrix.Resource.Http.Controllers.Playground.TeamRouteTest" assertions="5" time="0.429668"/>
        <testcase name="test_json_destroy_as_admin_and_succeed_with_force_delete" file="/app/vendor/gammamatrix/playground-test/src/Feature/Http/Controllers/Resource/Playground/DestroyJsonTrait.php" line="100" class="Tests\Feature\Playground\Matrix\Resource\Http\Controllers\Playground\TeamRouteTest" classname="Tests.Feature.Playground.Matrix.Resource.Http.Controllers.Playground.TeamRouteTest" assertions="4" time="0.528534"/>
        <testcase name="test_json_destroy_as_admin_and_succeed_with_no_content" file="/app/vendor/gammamatrix/playground-test/src/Feature/Http/Controllers/Resource/Playground/DestroyJsonTrait.php" line="132" class="Tests\Feature\Playground\Matrix\Resource\Http\Controllers\Playground\TeamRouteTest" classname="Tests.Feature.Playground.Matrix.Resource.Http.Controllers.Playground.TeamRouteTest" assertions="5" time="0.434801"/>
        <testcase name="test_json_destroy_as_admin_and_succeed_and_ignore_redirect" file="/app/vendor/gammamatrix/playground-test/src/Feature/Http/Controllers/Resource/Playground/DestroyJsonTrait.php" line="167" class="Tests\Feature\Playground\Matrix\Resource\Http\Controllers\Playground\TeamRouteTest" classname="Tests.Feature.Playground.Matrix.Resource.Http.Controllers.Playground.TeamRouteTest" assertions="5" time="0.537319"/>
        <testcase name="test_json_destroy_as_user_and_get_denied_and_no_force_delete_allowed" file="/app/vendor/gammamatrix/playground-test/src/Feature/Http/Controllers/Resource/Playground/DestroyJsonTrait.php" line="209" class="Tests\Feature\Playground\Matrix\Resource\Http\Controllers\Playground\TeamRouteTest" classname="Tests.Feature.Playground.Matrix.Resource.Http.Controllers.Playground.TeamRouteTest" assertions="3" time="0.440893"/>
        <testcase name="test_guest_cannot_destroy" file="/app/vendor/gammamatrix/playground-test/src/Feature/Http/Controllers/Resource/Playground/DestroyTrait.php" line="31" class="Tests\Feature\Playground\Matrix\Resource\Http\Controllers\Playground\TeamRouteTest" classname="Tests.Feature.Playground.Matrix.Resource.Http.Controllers.Playground.TeamRouteTest" assertions="3" time="0.422387"/>
        <testcase name="test_destroy_as_admin_and_succeed" file="/app/vendor/gammamatrix/playground-test/src/Feature/Http/Controllers/Resource/Playground/DestroyTrait.php" line="61" class="Tests\Feature\Playground\Matrix\Resource\Http\Controllers\Playground\TeamRouteTest" classname="Tests.Feature.Playground.Matrix.Resource.Http.Controllers.Playground.TeamRouteTest" assertions="5" time="0.534288"/>
        <testcase name="test_destroy_as_admin_and_succeed_with_force_delete" file="/app/vendor/gammamatrix/playground-test/src/Feature/Http/Controllers/Resource/Playground/DestroyTrait.php" line="97" class="Tests\Feature\Playground\Matrix\Resource\Http\Controllers\Playground\TeamRouteTest" classname="Tests.Feature.Playground.Matrix.Resource.Http.Controllers.Playground.TeamRouteTest" assertions="4" time="0.433818"/>
        <testcase name="test_destroy_as_admin_and_succeed_with_redirect_to_index_with_trash" file="/app/vendor/gammamatrix/playground-test/src/Feature/Http/Controllers/Resource/Playground/DestroyTrait.php" line="129" class="Tests\Feature\Playground\Matrix\Resource\Http\Controllers\Playground\TeamRouteTest" classname="Tests.Feature.Playground.Matrix.Resource.Http.Controllers.Playground.TeamRouteTest" assertions="5" time="0.533643"/>
        <testcase name="test_destroy_as_user_and_get_denied_and_no_force_delete_allowed" file="/app/vendor/gammamatrix/playground-test/src/Feature/Http/Controllers/Resource/Playground/DestroyTrait.php" line="171" class="Tests\Feature\Playground\Matrix\Resource\Http\Controllers\Playground\TeamRouteTest" classname="Tests.Feature.Playground.Matrix.Resource.Http.Controllers.Playground.TeamRouteTest" assertions="3" time="0.432274"/>
        <testcase name="test_json_guest_cannot_get_edit_info" file="/app/vendor/gammamatrix/playground-test/src/Feature/Http/Controllers/Resource/Playground/EditJsonTrait.php" line="38" class="Tests\Feature\Playground\Matrix\Resource\Http\Controllers\Playground\TeamRouteTest" classname="Tests.Feature.Playground.Matrix.Resource.Http.Controllers.Playground.TeamRouteTest" assertions="1" time="0.551096"/>
        <testcase name="test_json_admin_can_get_edit_info" file="/app/vendor/gammamatrix/playground-test/src/Feature/Http/Controllers/Resource/Playground/EditJsonTrait.php" line="58" class="Tests\Feature\Playground\Matrix\Resource\Http\Controllers\Playground\TeamRouteTest" classname="Tests.Feature.Playground.Matrix.Resource.Http.Controllers.Playground.TeamRouteTest" assertions="4" time="0.455396"/>
        <testcase name="test_json_edit_as_admin_and_fail_validation_with_invalid_parameter" file="/app/vendor/gammamatrix/playground-test/src/Feature/Http/Controllers/Resource/Playground/EditJsonTrait.php" line="87" class="Tests\Feature\Playground\Matrix\Resource\Http\Controllers\Playground\TeamRouteTest" classname="Tests.Feature.Playground.Matrix.Resource.Http.Controllers.Playground.TeamRouteTest" assertions="4" time="0.454743"/>
        <testcase name="test_guest_cannot_render_edit_view" file="/app/vendor/gammamatrix/playground-test/src/Feature/Http/Controllers/Resource/Playground/EditTrait.php" line="33" class="Tests\Feature\Playground\Matrix\Resource\Http\Controllers\Playground\TeamRouteTest" classname="Tests.Feature.Playground.Matrix.Resource.Http.Controllers.Playground.TeamRouteTest" assertions="1" time="0.503510"/>
        <testcase name="test_admin_can_render_edit_view" file="/app/vendor/gammamatrix/playground-test/src/Feature/Http/Controllers/Resource/Playground/EditTrait.php" line="53" class="Tests\Feature\Playground\Matrix\Resource\Http\Controllers\Playground\TeamRouteTest" classname="Tests.Feature.Playground.Matrix.Resource.Http.Controllers.Playground.TeamRouteTest" assertions="2" time="0.470655"/>
        <testcase name="test_admin_can_render_edit_view_with_return_url" file="/app/vendor/gammamatrix/playground-test/src/Feature/Http/Controllers/Resource/Playground/EditTrait.php" line="77" class="Tests\Feature\Playground\Matrix\Resource\Http\Controllers\Playground\TeamRouteTest" classname="Tests.Feature.Playground.Matrix.Resource.Http.Controllers.Playground.TeamRouteTest" assertions="3" time="0.561201"/>
        <testcase name="test_edit_view_as_admin_with_invalid_parameter_and_fail_validation_and_redirect" file="/app/vendor/gammamatrix/playground-test/src/Feature/Http/Controllers/Resource/Playground/EditTrait.php" line="109" class="Tests\Feature\Playground\Matrix\Resource\Http\Controllers\Playground\TeamRouteTest" classname="Tests.Feature.Playground.Matrix.Resource.Http.Controllers.Playground.TeamRouteTest" assertions="4" time="0.465259"/>
        <testcase name="test_json_guest_cannot_get_index" file="/app/vendor/gammamatrix/playground-test/src/Feature/Http/Controllers/Resource/Playground/IndexJsonTrait.php" line="34" class="Tests\Feature\Playground\Matrix\Resource\Http\Controllers\Playground\TeamRouteTest" classname="Tests.Feature.Playground.Matrix.Resource.Http.Controllers.Playground.TeamRouteTest" assertions="1" time="0.588132"/>
        <testcase name="test_json_admin_can_get_index" file="/app/vendor/gammamatrix/playground-test/src/Feature/Http/Controllers/Resource/Playground/IndexJsonTrait.php" line="49" class="Tests\Feature\Playground\Matrix\Resource\Http\Controllers\Playground\TeamRouteTest" classname="Tests.Feature.Playground.Matrix.Resource.Http.Controllers.Playground.TeamRouteTest" assertions="103" time="0.454506"/>
        <testcase name="test_json_admin_can_get_index_with_filters" file="/app/vendor/gammamatrix/playground-test/src/Feature/Http/Controllers/Resource/Playground/IndexJsonTrait.php" line="85" class="Tests\Feature\Playground\Matrix\Resource\Http\Controllers\Playground\TeamRouteTest" classname="Tests.Feature.Playground.Matrix.Resource.Http.Controllers.Playground.TeamRouteTest" assertions="3" time="0.554698"/>
        <testcase name="test_guest_cannot_render_index_view" file="/app/vendor/gammamatrix/playground-test/src/Feature/Http/Controllers/Resource/Playground/IndexTrait.php" line="29" class="Tests\Feature\Playground\Matrix\Resource\Http\Controllers\Playground\TeamRouteTest" classname="Tests.Feature.Playground.Matrix.Resource.Http.Controllers.Playground.TeamRouteTest" assertions="1" time="0.425912"/>
        <testcase name="test_admin_can_render_index_view" file="/app/vendor/gammamatrix/playground-test/src/Feature/Http/Controllers/Resource/Playground/IndexTrait.php" line="44" class="Tests\Feature\Playground\Matrix\Resource\Http\Controllers\Playground\TeamRouteTest" classname="Tests.Feature.Playground.Matrix.Resource.Http.Controllers.Playground.TeamRouteTest" assertions="2" time="0.567589"/>
        <testcase name="test_admin_can_render_index_view_with_filters" file="/app/vendor/gammamatrix/playground-test/src/Feature/Http/Controllers/Resource/Playground/IndexTrait.php" line="77" class="Tests\Feature\Playground\Matrix\Resource\Http\Controllers\Playground\TeamRouteTest" classname="Tests.Feature.Playground.Matrix.Resource.Http.Controllers.Playground.TeamRouteTest" assertions="3" time="0.472312"/>
        <testcase name="test_json_guest_cannot_lock" file="/app/vendor/gammamatrix/playground-test/src/Feature/Http/Controllers/Resource/Playground/LockJsonTrait.php" line="36" class="Tests\Feature\Playground\Matrix\Resource\Http\Controllers\Playground\TeamRouteTest" classname="Tests.Feature.Playground.Matrix.Resource.Http.Controllers.Playground.TeamRouteTest" assertions="3" time="0.430381"/>
        <testcase name="test_json_lock_as_admin_and_succeed" file="/app/vendor/gammamatrix/playground-test/src/Feature/Http/Controllers/Resource/Playground/LockJsonTrait.php" line="66" class="Tests\Feature\Playground\Matrix\Resource\Http\Controllers\Playground\TeamRouteTest" classname="Tests.Feature.Playground.Matrix.Resource.Http.Controllers.Playground.TeamRouteTest" assertions="3" time="0.539616"/>
        <testcase name="test_json_lock_as_admin_and_succeed_with_no_redirect" file="/app/vendor/gammamatrix/playground-test/src/Feature/Http/Controllers/Resource/Playground/LockJsonTrait.php" line="98" class="Tests\Feature\Playground\Matrix\Resource\Http\Controllers\Playground\TeamRouteTest" classname="Tests.Feature.Playground.Matrix.Resource.Http.Controllers.Playground.TeamRouteTest" assertions="98" time="0.447011"/>
        <testcase name="test_json_lock_as_user_and_get_denied" file="/app/vendor/gammamatrix/playground-test/src/Feature/Http/Controllers/Resource/Playground/LockJsonTrait.php" line="143" class="Tests\Feature\Playground\Matrix\Resource\Http\Controllers\Playground\TeamRouteTest" classname="Tests.Feature.Playground.Matrix.Resource.Http.Controllers.Playground.TeamRouteTest" assertions="3" time="0.551632"/>
        <testcase name="test_guest_cannot_lock" file="/app/vendor/gammamatrix/playground-test/src/Feature/Http/Controllers/Resource/Playground/LockTrait.php" line="31" class="Tests\Feature\Playground\Matrix\Resource\Http\Controllers\Playground\TeamRouteTest" classname="Tests.Feature.Playground.Matrix.Resource.Http.Controllers.Playground.TeamRouteTest" assertions="3" time="0.429591"/>
        <testcase name="test_lock_as_admin_and_succeed" file="/app/vendor/gammamatrix/playground-test/src/Feature/Http/Controllers/Resource/Playground/LockTrait.php" line="61" class="Tests\Feature\Playground\Matrix\Resource\Http\Controllers\Playground\TeamRouteTest" classname="Tests.Feature.Playground.Matrix.Resource.Http.Controllers.Playground.TeamRouteTest" assertions="4" time="0.541281"/>
        <testcase name="test_lock_as_admin_and_succeed_with_redirect_to_index_with_sorted_by_locked_desc" file="/app/vendor/gammamatrix/playground-test/src/Feature/Http/Controllers/Resource/Playground/LockTrait.php" line="95" class="Tests\Feature\Playground\Matrix\Resource\Http\Controllers\Playground\TeamRouteTest" classname="Tests.Feature.Playground.Matrix.Resource.Http.Controllers.Playground.TeamRouteTest" assertions="4" time="0.444944"/>
        <testcase name="test_lock_as_user_and_get_denied" file="/app/vendor/gammamatrix/playground-test/src/Feature/Http/Controllers/Resource/Playground/LockTrait.php" line="132" class="Tests\Feature\Playground\Matrix\Resource\Http\Controllers\Playground\TeamRouteTest" classname="Tests.Feature.Playground.Matrix.Resource.Http.Controllers.Playground.TeamRouteTest" assertions="3" time="0.441172"/>
        <testcase name="test_json_guest_cannot_restore" file="/app/vendor/gammamatrix/playground-test/src/Feature/Http/Controllers/Resource/Playground/RestoreJsonTrait.php" line="32" class="Tests\Feature\Playground\Matrix\Resource\Http\Controllers\Playground\TeamRouteTest" classname="Tests.Feature.Playground.Matrix.Resource.Http.Controllers.Playground.TeamRouteTest" assertions="3" time="0.557077"/>
        <testcase name="test_json_restore_as_admin_and_succeed" file="/app/vendor/gammamatrix/playground-test/src/Feature/Http/Controllers/Resource/Playground/RestoreJsonTrait.php" line="64" class="Tests\Feature\Playground\Matrix\Resource\Http\Controllers\Playground\TeamRouteTest" classname="Tests.Feature.Playground.Matrix.Resource.Http.Controllers.Playground.TeamRouteTest" assertions="98" time="0.447880"/>
        <testcase name="test_json_restore_as_admin_and_succeed_with_no_redirect" file="/app/vendor/gammamatrix/playground-test/src/Feature/Http/Controllers/Resource/Playground/RestoreJsonTrait.php" line="100" class="Tests\Feature\Playground\Matrix\Resource\Http\Controllers\Playground\TeamRouteTest" classname="Tests.Feature.Playground.Matrix.Resource.Http.Controllers.Playground.TeamRouteTest" assertions="98" time="0.545759"/>
        <testcase name="test_json_restore_as_user_and_get_denied" file="/app/vendor/gammamatrix/playground-test/src/Feature/Http/Controllers/Resource/Playground/RestoreJsonTrait.php" line="143" class="Tests\Feature\Playground\Matrix\Resource\Http\Controllers\Playground\TeamRouteTest" classname="Tests.Feature.Playground.Matrix.Resource.Http.Controllers.Playground.TeamRouteTest" assertions="3" time="0.445102"/>
        <testcase name="test_guest_cannot_restore" file="/app/vendor/gammamatrix/playground-test/src/Feature/Http/Controllers/Resource/Playground/RestoreTrait.php" line="32" class="Tests\Feature\Playground\Matrix\Resource\Http\Controllers\Playground\TeamRouteTest" classname="Tests.Feature.Playground.Matrix.Resource.Http.Controllers.Playground.TeamRouteTest" assertions="3" time="0.550975"/>
        <testcase name="test_restore_as_admin_and_succeed" file="/app/vendor/gammamatrix/playground-test/src/Feature/Http/Controllers/Resource/Playground/RestoreTrait.php" line="64" class="Tests\Feature\Playground\Matrix\Resource\Http\Controllers\Playground\TeamRouteTest" classname="Tests.Feature.Playground.Matrix.Resource.Http.Controllers.Playground.TeamRouteTest" assertions="4" time="0.448912"/>
        <testcase name="test_restore_as_admin_and_succeed_with_redirect_to_index_with_only_trash" file="/app/vendor/gammamatrix/playground-test/src/Feature/Http/Controllers/Resource/Playground/RestoreTrait.php" line="100" class="Tests\Feature\Playground\Matrix\Resource\Http\Controllers\Playground\TeamRouteTest" classname="Tests.Feature.Playground.Matrix.Resource.Http.Controllers.Playground.TeamRouteTest" assertions="4" time="0.564761"/>
        <testcase name="test_restore_as_user_and_get_denied" file="/app/vendor/gammamatrix/playground-test/src/Feature/Http/Controllers/Resource/Playground/RestoreTrait.php" line="146" class="Tests\Feature\Playground\Matrix\Resource\Http\Controllers\Playground\TeamRouteTest" classname="Tests.Feature.Playground.Matrix.Resource.Http.Controllers.Playground.TeamRouteTest" assertions="3" time="0.447975"/>
        <testcase name="test_json_guest_cannot_see_info" file="/app/vendor/gammamatrix/playground-test/src/Feature/Http/Controllers/Resource/Playground/ShowJsonTrait.php" line="29" class="Tests\Feature\Playground\Matrix\Resource\Http\Controllers\Playground\TeamRouteTest" classname="Tests.Feature.Playground.Matrix.Resource.Http.Controllers.Playground.TeamRouteTest" assertions="1" time="0.439689"/>
        <testcase name="test_json_show_info_for_admin" file="/app/vendor/gammamatrix/playground-test/src/Feature/Http/Controllers/Resource/Playground/ShowJsonTrait.php" line="49" class="Tests\Feature\Playground\Matrix\Resource\Http\Controllers\Playground\TeamRouteTest" classname="Tests.Feature.Playground.Matrix.Resource.Http.Controllers.Playground.TeamRouteTest" assertions="97" time="0.545384"/>
        <testcase name="test_guest_cannot_render_show_view" file="/app/vendor/gammamatrix/playground-test/src/Feature/Http/Controllers/Resource/Playground/ShowTrait.php" line="29" class="Tests\Feature\Playground\Matrix\Resource\Http\Controllers\Playground\TeamRouteTest" classname="Tests.Feature.Playground.Matrix.Resource.Http.Controllers.Playground.TeamRouteTest" assertions="1" time="0.442574"/>
        <testcase name="test_show_view_rendered_by_admin" file="/app/vendor/gammamatrix/playground-test/src/Feature/Http/Controllers/Resource/Playground/ShowTrait.php" line="49" class="Tests\Feature\Playground\Matrix\Resource\Http\Controllers\Playground\TeamRouteTest" classname="Tests.Feature.Playground.Matrix.Resource.Http.Controllers.Playground.TeamRouteTest" assertions="2" time="0.564882"/>
        <testcase name="test_json_guest_cannot_store" file="/app/vendor/gammamatrix/playground-test/src/Feature/Http/Controllers/Resource/Playground/StoreJsonTrait.php" line="43" class="Tests\Feature\Playground\Matrix\Resource\Http\Controllers\Playground\TeamRouteTest" classname="Tests.Feature.Playground.Matrix.Resource.Http.Controllers.Playground.TeamRouteTest" assertions="3" time="0.450536"/>
        <testcase name="test_json_store_as_admin_without_payload_and_fail_validation" file="/app/vendor/gammamatrix/playground-test/src/Feature/Http/Controllers/Resource/Playground/StoreJsonTrait.php" line="66" class="Tests\Feature\Playground\Matrix\Resource\Http\Controllers\Playground\TeamRouteTest" classname="Tests.Feature.Playground.Matrix.Resource.Http.Controllers.Playground.TeamRouteTest" assertions="5" time="0.556592"/>
        <testcase name="test_json_store_as_admin_and_succeed" file="/app/vendor/gammamatrix/playground-test/src/Feature/Http/Controllers/Resource/Playground/StoreJsonTrait.php" line="92" class="Tests\Feature\Playground\Matrix\Resource\Http\Controllers\Playground\TeamRouteTest" classname="Tests.Feature.Playground.Matrix.Resource.Http.Controllers.Playground.TeamRouteTest" assertions="3" time="0.472817"/>
        <testcase name="test_guest_cannot_store" file="/app/vendor/gammamatrix/playground-test/src/Feature/Http/Controllers/Resource/Playground/StoreTrait.php" line="38" class="Tests\Feature\Playground\Matrix\Resource\Http\Controllers\Playground\TeamRouteTest" classname="Tests.Feature.Playground.Matrix.Resource.Http.Controllers.Playground.TeamRouteTest" assertions="3" time="0.541798"/>
        <testcase name="test_store_as_admin_without_payload_and_fail_validation" file="/app/vendor/gammamatrix/playground-test/src/Feature/Http/Controllers/Resource/Playground/StoreTrait.php" line="61" class="Tests\Feature\Playground\Matrix\Resource\Http\Controllers\Playground\TeamRouteTest" classname="Tests.Feature.Playground.Matrix.Resource.Http.Controllers.Playground.TeamRouteTest" assertions="5" time="0.447575"/>
        <testcase name="test_store_as_admin_and_succeed" file="/app/vendor/gammamatrix/playground-test/src/Feature/Http/Controllers/Resource/Playground/StoreTrait.php" line="90" class="Tests\Feature\Playground\Matrix\Resource\Http\Controllers\Playground\TeamRouteTest" classname="Tests.Feature.Playground.Matrix.Resource.Http.Controllers.Playground.TeamRouteTest" assertions="4" time="0.467735"/>
        <testcase name="test_store_as_admin_and_succeed_with_return_url" file="/app/vendor/gammamatrix/playground-test/src/Feature/Http/Controllers/Resource/Playground/StoreTrait.php" line="135" class="Tests\Feature\Playground\Matrix\Resource\Http\Controllers\Playground\TeamRouteTest" classname="Tests.Feature.Playground.Matrix.Resource.Http.Controllers.Playground.TeamRouteTest" assertions="4" time="0.565320"/>
        <testcase name="test_json_guest_cannot_unlock" file="/app/vendor/gammamatrix/playground-test/src/Feature/Http/Controllers/Resource/Playground/UnlockJsonTrait.php" line="36" class="Tests\Feature\Playground\Matrix\Resource\Http\Controllers\Playground\TeamRouteTest" classname="Tests.Feature.Playground.Matrix.Resource.Http.Controllers.Playground.TeamRouteTest" assertions="3" time="0.447979"/>
        <testcase name="test_json_unlock_as_admin_and_succeed" file="/app/vendor/gammamatrix/playground-test/src/Feature/Http/Controllers/Resource/Playground/UnlockJsonTrait.php" line="68" class="Tests\Feature\Playground\Matrix\Resource\Http\Controllers\Playground\TeamRouteTest" classname="Tests.Feature.Playground.Matrix.Resource.Http.Controllers.Playground.TeamRouteTest" assertions="98" time="0.553646"/>
        <testcase name="test_json_unlock_as_admin_and_succeed_with_no_redirect" file="/app/vendor/gammamatrix/playground-test/src/Feature/Http/Controllers/Resource/Playground/UnlockJsonTrait.php" line="104" class="Tests\Feature\Playground\Matrix\Resource\Http\Controllers\Playground\TeamRouteTest" classname="Tests.Feature.Playground.Matrix.Resource.Http.Controllers.Playground.TeamRouteTest" assertions="98" time="0.467169"/>
        <testcase name="test_json_unlock_as_user_and_get_denied" file="/app/vendor/gammamatrix/playground-test/src/Feature/Http/Controllers/Resource/Playground/UnlockJsonTrait.php" line="145" class="Tests\Feature\Playground\Matrix\Resource\Http\Controllers\Playground\TeamRouteTest" classname="Tests.Feature.Playground.Matrix.Resource.Http.Controllers.Playground.TeamRouteTest" assertions="3" time="0.535074"/>
        <testcase name="test_guest_cannot_unlock" file="/app/vendor/gammamatrix/playground-test/src/Feature/Http/Controllers/Resource/Playground/UnlockTrait.php" line="36" class="Tests\Feature\Playground\Matrix\Resource\Http\Controllers\Playground\TeamRouteTest" classname="Tests.Feature.Playground.Matrix.Resource.Http.Controllers.Playground.TeamRouteTest" assertions="3" time="0.434627"/>
        <testcase name="test_unlock_as_admin_and_succeed" file="/app/vendor/gammamatrix/playground-test/src/Feature/Http/Controllers/Resource/Playground/UnlockTrait.php" line="68" class="Tests\Feature\Playground\Matrix\Resource\Http\Controllers\Playground\TeamRouteTest" classname="Tests.Feature.Playground.Matrix.Resource.Http.Controllers.Playground.TeamRouteTest" assertions="4" time="0.552276"/>
        <testcase name="test_unlock_as_admin_and_succeed_with_redirect_to_index_with_sorted_by_unlocked_desc" file="/app/vendor/gammamatrix/playground-test/src/Feature/Http/Controllers/Resource/Playground/UnlockTrait.php" line="109" class="Tests\Feature\Playground\Matrix\Resource\Http\Controllers\Playground\TeamRouteTest" classname="Tests.Feature.Playground.Matrix.Resource.Http.Controllers.Playground.TeamRouteTest" assertions="4" time="0.452672"/>
        <testcase name="test_unlock_as_user_and_get_denied" file="/app/vendor/gammamatrix/playground-test/src/Feature/Http/Controllers/Resource/Playground/UnlockTrait.php" line="148" class="Tests\Feature\Playground\Matrix\Resource\Http\Controllers\Playground\TeamRouteTest" classname="Tests.Feature.Playground.Matrix.Resource.Http.Controllers.Playground.TeamRouteTest" assertions="3" time="0.448502"/>
        <testcase name="test_json_guest_cannot_update" file="/app/vendor/gammamatrix/playground-test/src/Feature/Http/Controllers/Resource/Playground/UpdateJsonTrait.php" line="45" class="Tests\Feature\Playground\Matrix\Resource\Http\Controllers\Playground\TeamRouteTest" classname="Tests.Feature.Playground.Matrix.Resource.Http.Controllers.Playground.TeamRouteTest" assertions="1" time="0.554922"/>
        <testcase name="test_json_update_as_admin_without_payload_and_fail_validation" file="/app/vendor/gammamatrix/playground-test/src/Feature/Http/Controllers/Resource/Playground/UpdateJsonTrait.php" line="65" class="Tests\Feature\Playground\Matrix\Resource\Http\Controllers\Playground\TeamRouteTest" classname="Tests.Feature.Playground.Matrix.Resource.Http.Controllers.Playground.TeamRouteTest" assertions="4" time="0.453512"/>
        <testcase name="test_json_admin_can_update" file="/app/vendor/gammamatrix/playground-test/src/Feature/Http/Controllers/Resource/Playground/UpdateJsonTrait.php" line="90" class="Tests\Feature\Playground\Matrix\Resource\Http\Controllers\Playground\TeamRouteTest" classname="Tests.Feature.Playground.Matrix.Resource.Http.Controllers.Playground.TeamRouteTest" assertions="100" time="0.592818"/>
        <testcase name="test_guest_cannot_update" file="/app/vendor/gammamatrix/playground-test/src/Feature/Http/Controllers/Resource/Playground/UpdateTrait.php" line="45" class="Tests\Feature\Playground\Matrix\Resource\Http\Controllers\Playground\TeamRouteTest" classname="Tests.Feature.Playground.Matrix.Resource.Http.Controllers.Playground.TeamRouteTest" assertions="1" time="0.443708"/>
        <testcase name="test_update_as_admin_without_payload_and_fail_validation" file="/app/vendor/gammamatrix/playground-test/src/Feature/Http/Controllers/Resource/Playground/UpdateTrait.php" line="65" class="Tests\Feature\Playground\Matrix\Resource\Http\Controllers\Playground\TeamRouteTest" classname="Tests.Feature.Playground.Matrix.Resource.Http.Controllers.Playground.TeamRouteTest" assertions="4" time="0.544789"/>
        <testcase name="test_admin_can_update" file="/app/vendor/gammamatrix/playground-test/src/Feature/Http/Controllers/Resource/Playground/UpdateTrait.php" line="90" class="Tests\Feature\Playground\Matrix\Resource\Http\Controllers\Playground\TeamRouteTest" classname="Tests.Feature.Playground.Matrix.Resource.Http.Controllers.Playground.TeamRouteTest" assertions="6" time="0.498051"/>
        <testcase name="test_admin_can_update_view_with_return_url" file="/app/vendor/gammamatrix/playground-test/src/Feature/Http/Controllers/Resource/Playground/UpdateTrait.php" line="133" class="Tests\Feature\Playground\Matrix\Resource\Http\Controllers\Playground\TeamRouteTest" classname="Tests.Feature.Playground.Matrix.Resource.Http.Controllers.Playground.TeamRouteTest" assertions="6" time="0.578905"/>
      </testsuite>
      <testsuite name="Tests\Feature\Playground\Matrix\Resource\Http\Controllers\Playground\TicketRouteTest" file="/app/tests/Feature/Http/Controllers/Playground/TicketRouteTest.php" tests="75" assertions="1422" errors="0" failures="0" skipped="0" time="37.844749">
        <testcase name="test_json_guest_cannot_get_create_info" file="/app/vendor/gammamatrix/playground-test/src/Feature/Http/Controllers/Resource/Playground/CreateJsonTrait.php" line="38" class="Tests\Feature\Playground\Matrix\Resource\Http\Controllers\Playground\TicketRouteTest" classname="Tests.Feature.Playground.Matrix.Resource.Http.Controllers.Playground.TicketRouteTest" assertions="1" time="0.502301"/>
        <testcase name="test_json_admin_can_get_create_info" file="/app/vendor/gammamatrix/playground-test/src/Feature/Http/Controllers/Resource/Playground/CreateJsonTrait.php" line="53" class="Tests\Feature\Playground\Matrix\Resource\Http\Controllers\Playground\TicketRouteTest" classname="Tests.Feature.Playground.Matrix.Resource.Http.Controllers.Playground.TicketRouteTest" assertions="129" time="0.541505"/>
        <testcase name="test_json_get_create_info_as_admin_with_invalid_parameter_and_fail_validation" file="/app/vendor/gammamatrix/playground-test/src/Feature/Http/Controllers/Resource/Playground/CreateJsonTrait.php" line="73" class="Tests\Feature\Playground\Matrix\Resource\Http\Controllers\Playground\TicketRouteTest" classname="Tests.Feature.Playground.Matrix.Resource.Http.Controllers.Playground.TicketRouteTest" assertions="4" time="0.433362"/>
        <testcase name="test_guest_cannot_render_create_view" file="/app/vendor/gammamatrix/playground-test/src/Feature/Http/Controllers/Resource/Playground/CreateTrait.php" line="33" class="Tests\Feature\Playground\Matrix\Resource\Http\Controllers\Playground\TicketRouteTest" classname="Tests.Feature.Playground.Matrix.Resource.Http.Controllers.Playground.TicketRouteTest" assertions="1" time="0.422720"/>
        <testcase name="test_admin_can_render_create_view" file="/app/vendor/gammamatrix/playground-test/src/Feature/Http/Controllers/Resource/Playground/CreateTrait.php" line="47" class="Tests\Feature\Playground\Matrix\Resource\Http\Controllers\Playground\TicketRouteTest" classname="Tests.Feature.Playground.Matrix.Resource.Http.Controllers.Playground.TicketRouteTest" assertions="2" time="0.577314"/>
        <testcase name="test_admin_can_render_create_view_with_return_url" file="/app/vendor/gammamatrix/playground-test/src/Feature/Http/Controllers/Resource/Playground/CreateTrait.php" line="65" class="Tests\Feature\Playground\Matrix\Resource\Http\Controllers\Playground\TicketRouteTest" classname="Tests.Feature.Playground.Matrix.Resource.Http.Controllers.Playground.TicketRouteTest" assertions="3" time="0.453939"/>
        <testcase name="test_create_view_as_admin_with_invalid_parameter_and_fail_validation_and_redirect" file="/app/vendor/gammamatrix/playground-test/src/Feature/Http/Controllers/Resource/Playground/CreateTrait.php" line="92" class="Tests\Feature\Playground\Matrix\Resource\Http\Controllers\Playground\TicketRouteTest" classname="Tests.Feature.Playground.Matrix.Resource.Http.Controllers.Playground.TicketRouteTest" assertions="5" time="0.535298"/>
        <testcase name="test_json_guest_cannot_destroy" file="/app/vendor/gammamatrix/playground-test/src/Feature/Http/Controllers/Resource/Playground/DestroyJsonTrait.php" line="31" class="Tests\Feature\Playground\Matrix\Resource\Http\Controllers\Playground\TicketRouteTest" classname="Tests.Feature.Playground.Matrix.Resource.Http.Controllers.Playground.TicketRouteTest" assertions="3" time="0.425685"/>
        <testcase name="test_json_destroy_as_admin_and_succeed" file="/app/vendor/gammamatrix/playground-test/src/Feature/Http/Controllers/Resource/Playground/DestroyJsonTrait.php" line="61" class="Tests\Feature\Playground\Matrix\Resource\Http\Controllers\Playground\TicketRouteTest" classname="Tests.Feature.Playground.Matrix.Resource.Http.Controllers.Playground.TicketRouteTest" assertions="5" time="0.574328"/>
        <testcase name="test_json_destroy_as_admin_and_succeed_with_force_delete" file="/app/vendor/gammamatrix/playground-test/src/Feature/Http/Controllers/Resource/Playground/DestroyJsonTrait.php" line="100" class="Tests\Feature\Playground\Matrix\Resource\Http\Controllers\Playground\TicketRouteTest" classname="Tests.Feature.Playground.Matrix.Resource.Http.Controllers.Playground.TicketRouteTest" assertions="4" time="0.429626"/>
        <testcase name="test_json_destroy_as_admin_and_succeed_with_no_content" file="/app/vendor/gammamatrix/playground-test/src/Feature/Http/Controllers/Resource/Playground/DestroyJsonTrait.php" line="132" class="Tests\Feature\Playground\Matrix\Resource\Http\Controllers\Playground\TicketRouteTest" classname="Tests.Feature.Playground.Matrix.Resource.Http.Controllers.Playground.TicketRouteTest" assertions="5" time="0.442036"/>
        <testcase name="test_json_destroy_as_admin_and_succeed_and_ignore_redirect" file="/app/vendor/gammamatrix/playground-test/src/Feature/Http/Controllers/Resource/Playground/DestroyJsonTrait.php" line="167" class="Tests\Feature\Playground\Matrix\Resource\Http\Controllers\Playground\TicketRouteTest" classname="Tests.Feature.Playground.Matrix.Resource.Http.Controllers.Playground.TicketRouteTest" assertions="5" time="0.511325"/>
        <testcase name="test_json_destroy_as_user_and_get_denied_and_no_force_delete_allowed" file="/app/vendor/gammamatrix/playground-test/src/Feature/Http/Controllers/Resource/Playground/DestroyJsonTrait.php" line="209" class="Tests\Feature\Playground\Matrix\Resource\Http\Controllers\Playground\TicketRouteTest" classname="Tests.Feature.Playground.Matrix.Resource.Http.Controllers.Playground.TicketRouteTest" assertions="3" time="0.432031"/>
        <testcase name="test_guest_cannot_destroy" file="/app/vendor/gammamatrix/playground-test/src/Feature/Http/Controllers/Resource/Playground/DestroyTrait.php" line="31" class="Tests\Feature\Playground\Matrix\Resource\Http\Controllers\Playground\TicketRouteTest" classname="Tests.Feature.Playground.Matrix.Resource.Http.Controllers.Playground.TicketRouteTest" assertions="3" time="0.552023"/>
        <testcase name="test_destroy_as_admin_and_succeed" file="/app/vendor/gammamatrix/playground-test/src/Feature/Http/Controllers/Resource/Playground/DestroyTrait.php" line="61" class="Tests\Feature\Playground\Matrix\Resource\Http\Controllers\Playground\TicketRouteTest" classname="Tests.Feature.Playground.Matrix.Resource.Http.Controllers.Playground.TicketRouteTest" assertions="5" time="0.433262"/>
        <testcase name="test_destroy_as_admin_and_succeed_with_force_delete" file="/app/vendor/gammamatrix/playground-test/src/Feature/Http/Controllers/Resource/Playground/DestroyTrait.php" line="97" class="Tests\Feature\Playground\Matrix\Resource\Http\Controllers\Playground\TicketRouteTest" classname="Tests.Feature.Playground.Matrix.Resource.Http.Controllers.Playground.TicketRouteTest" assertions="4" time="0.527256"/>
        <testcase name="test_destroy_as_admin_and_succeed_with_redirect_to_index_with_trash" file="/app/vendor/gammamatrix/playground-test/src/Feature/Http/Controllers/Resource/Playground/DestroyTrait.php" line="129" class="Tests\Feature\Playground\Matrix\Resource\Http\Controllers\Playground\TicketRouteTest" classname="Tests.Feature.Playground.Matrix.Resource.Http.Controllers.Playground.TicketRouteTest" assertions="5" time="0.435256"/>
        <testcase name="test_destroy_as_user_and_get_denied_and_no_force_delete_allowed" file="/app/vendor/gammamatrix/playground-test/src/Feature/Http/Controllers/Resource/Playground/DestroyTrait.php" line="171" class="Tests\Feature\Playground\Matrix\Resource\Http\Controllers\Playground\TicketRouteTest" classname="Tests.Feature.Playground.Matrix.Resource.Http.Controllers.Playground.TicketRouteTest" assertions="3" time="0.432487"/>
        <testcase name="test_json_guest_cannot_get_edit_info" file="/app/vendor/gammamatrix/playground-test/src/Feature/Http/Controllers/Resource/Playground/EditJsonTrait.php" line="38" class="Tests\Feature\Playground\Matrix\Resource\Http\Controllers\Playground\TicketRouteTest" classname="Tests.Feature.Playground.Matrix.Resource.Http.Controllers.Playground.TicketRouteTest" assertions="1" time="0.581118"/>
        <testcase name="test_json_admin_can_get_edit_info" file="/app/vendor/gammamatrix/playground-test/src/Feature/Http/Controllers/Resource/Playground/EditJsonTrait.php" line="58" class="Tests\Feature\Playground\Matrix\Resource\Http\Controllers\Playground\TicketRouteTest" classname="Tests.Feature.Playground.Matrix.Resource.Http.Controllers.Playground.TicketRouteTest" assertions="4" time="0.458766"/>
        <testcase name="test_json_edit_as_admin_and_fail_validation_with_invalid_parameter" file="/app/vendor/gammamatrix/playground-test/src/Feature/Http/Controllers/Resource/Playground/EditJsonTrait.php" line="87" class="Tests\Feature\Playground\Matrix\Resource\Http\Controllers\Playground\TicketRouteTest" classname="Tests.Feature.Playground.Matrix.Resource.Http.Controllers.Playground.TicketRouteTest" assertions="4" time="0.561472"/>
        <testcase name="test_guest_cannot_render_edit_view" file="/app/vendor/gammamatrix/playground-test/src/Feature/Http/Controllers/Resource/Playground/EditTrait.php" line="33" class="Tests\Feature\Playground\Matrix\Resource\Http\Controllers\Playground\TicketRouteTest" classname="Tests.Feature.Playground.Matrix.Resource.Http.Controllers.Playground.TicketRouteTest" assertions="1" time="0.442873"/>
        <testcase name="test_admin_can_render_edit_view" file="/app/vendor/gammamatrix/playground-test/src/Feature/Http/Controllers/Resource/Playground/EditTrait.php" line="53" class="Tests\Feature\Playground\Matrix\Resource\Http\Controllers\Playground\TicketRouteTest" classname="Tests.Feature.Playground.Matrix.Resource.Http.Controllers.Playground.TicketRouteTest" assertions="2" time="0.560709"/>
        <testcase name="test_admin_can_render_edit_view_with_return_url" file="/app/vendor/gammamatrix/playground-test/src/Feature/Http/Controllers/Resource/Playground/EditTrait.php" line="77" class="Tests\Feature\Playground\Matrix\Resource\Http\Controllers\Playground\TicketRouteTest" classname="Tests.Feature.Playground.Matrix.Resource.Http.Controllers.Playground.TicketRouteTest" assertions="3" time="0.478743"/>
        <testcase name="test_edit_view_as_admin_with_invalid_parameter_and_fail_validation_and_redirect" file="/app/vendor/gammamatrix/playground-test/src/Feature/Http/Controllers/Resource/Playground/EditTrait.php" line="109" class="Tests\Feature\Playground\Matrix\Resource\Http\Controllers\Playground\TicketRouteTest" classname="Tests.Feature.Playground.Matrix.Resource.Http.Controllers.Playground.TicketRouteTest" assertions="4" time="0.543550"/>
        <testcase name="test_json_guest_cannot_get_index" file="/app/vendor/gammamatrix/playground-test/src/Feature/Http/Controllers/Resource/Playground/IndexJsonTrait.php" line="34" class="Tests\Feature\Playground\Matrix\Resource\Http\Controllers\Playground\TicketRouteTest" classname="Tests.Feature.Playground.Matrix.Resource.Http.Controllers.Playground.TicketRouteTest" assertions="1" time="0.541673"/>
        <testcase name="test_json_admin_can_get_index" file="/app/vendor/gammamatrix/playground-test/src/Feature/Http/Controllers/Resource/Playground/IndexJsonTrait.php" line="49" class="Tests\Feature\Playground\Matrix\Resource\Http\Controllers\Playground\TicketRouteTest" classname="Tests.Feature.Playground.Matrix.Resource.Http.Controllers.Playground.TicketRouteTest" assertions="136" time="0.585824"/>
        <testcase name="test_json_admin_can_get_index_with_filters" file="/app/vendor/gammamatrix/playground-test/src/Feature/Http/Controllers/Resource/Playground/IndexJsonTrait.php" line="85" class="Tests\Feature\Playground\Matrix\Resource\Http\Controllers\Playground\TicketRouteTest" classname="Tests.Feature.Playground.Matrix.Resource.Http.Controllers.Playground.TicketRouteTest" assertions="3" time="0.452454"/>
        <testcase name="test_guest_cannot_render_index_view" file="/app/vendor/gammamatrix/playground-test/src/Feature/Http/Controllers/Resource/Playground/IndexTrait.php" line="29" class="Tests\Feature\Playground\Matrix\Resource\Http\Controllers\Playground\TicketRouteTest" classname="Tests.Feature.Playground.Matrix.Resource.Http.Controllers.Playground.TicketRouteTest" assertions="1" time="0.425518"/>
        <testcase name="test_admin_can_render_index_view" file="/app/vendor/gammamatrix/playground-test/src/Feature/Http/Controllers/Resource/Playground/IndexTrait.php" line="44" class="Tests\Feature\Playground\Matrix\Resource\Http\Controllers\Playground\TicketRouteTest" classname="Tests.Feature.Playground.Matrix.Resource.Http.Controllers.Playground.TicketRouteTest" assertions="2" time="0.589757"/>
        <testcase name="test_admin_can_render_index_view_with_filters" file="/app/vendor/gammamatrix/playground-test/src/Feature/Http/Controllers/Resource/Playground/IndexTrait.php" line="77" class="Tests\Feature\Playground\Matrix\Resource\Http\Controllers\Playground\TicketRouteTest" classname="Tests.Feature.Playground.Matrix.Resource.Http.Controllers.Playground.TicketRouteTest" assertions="3" time="0.481272"/>
        <testcase name="test_json_guest_cannot_lock" file="/app/vendor/gammamatrix/playground-test/src/Feature/Http/Controllers/Resource/Playground/LockJsonTrait.php" line="36" class="Tests\Feature\Playground\Matrix\Resource\Http\Controllers\Playground\TicketRouteTest" classname="Tests.Feature.Playground.Matrix.Resource.Http.Controllers.Playground.TicketRouteTest" assertions="3" time="0.552816"/>
        <testcase name="test_json_lock_as_admin_and_succeed" file="/app/vendor/gammamatrix/playground-test/src/Feature/Http/Controllers/Resource/Playground/LockJsonTrait.php" line="66" class="Tests\Feature\Playground\Matrix\Resource\Http\Controllers\Playground\TicketRouteTest" classname="Tests.Feature.Playground.Matrix.Resource.Http.Controllers.Playground.TicketRouteTest" assertions="3" time="0.446268"/>
        <testcase name="test_json_lock_as_admin_and_succeed_with_no_redirect" file="/app/vendor/gammamatrix/playground-test/src/Feature/Http/Controllers/Resource/Playground/LockJsonTrait.php" line="98" class="Tests\Feature\Playground\Matrix\Resource\Http\Controllers\Playground\TicketRouteTest" classname="Tests.Feature.Playground.Matrix.Resource.Http.Controllers.Playground.TicketRouteTest" assertions="131" time="0.548886"/>
        <testcase name="test_json_lock_as_user_and_get_denied" file="/app/vendor/gammamatrix/playground-test/src/Feature/Http/Controllers/Resource/Playground/LockJsonTrait.php" line="143" class="Tests\Feature\Playground\Matrix\Resource\Http\Controllers\Playground\TicketRouteTest" classname="Tests.Feature.Playground.Matrix.Resource.Http.Controllers.Playground.TicketRouteTest" assertions="3" time="0.446974"/>
        <testcase name="test_guest_cannot_lock" file="/app/vendor/gammamatrix/playground-test/src/Feature/Http/Controllers/Resource/Playground/LockTrait.php" line="31" class="Tests\Feature\Playground\Matrix\Resource\Http\Controllers\Playground\TicketRouteTest" classname="Tests.Feature.Playground.Matrix.Resource.Http.Controllers.Playground.TicketRouteTest" assertions="3" time="0.537203"/>
        <testcase name="test_lock_as_admin_and_succeed" file="/app/vendor/gammamatrix/playground-test/src/Feature/Http/Controllers/Resource/Playground/LockTrait.php" line="61" class="Tests\Feature\Playground\Matrix\Resource\Http\Controllers\Playground\TicketRouteTest" classname="Tests.Feature.Playground.Matrix.Resource.Http.Controllers.Playground.TicketRouteTest" assertions="4" time="0.440184"/>
        <testcase name="test_lock_as_admin_and_succeed_with_redirect_to_index_with_sorted_by_locked_desc" file="/app/vendor/gammamatrix/playground-test/src/Feature/Http/Controllers/Resource/Playground/LockTrait.php" line="95" class="Tests\Feature\Playground\Matrix\Resource\Http\Controllers\Playground\TicketRouteTest" classname="Tests.Feature.Playground.Matrix.Resource.Http.Controllers.Playground.TicketRouteTest" assertions="4" time="0.450541"/>
        <testcase name="test_lock_as_user_and_get_denied" file="/app/vendor/gammamatrix/playground-test/src/Feature/Http/Controllers/Resource/Playground/LockTrait.php" line="132" class="Tests\Feature\Playground\Matrix\Resource\Http\Controllers\Playground\TicketRouteTest" classname="Tests.Feature.Playground.Matrix.Resource.Http.Controllers.Playground.TicketRouteTest" assertions="3" time="0.558458"/>
        <testcase name="test_json_guest_cannot_restore" file="/app/vendor/gammamatrix/playground-test/src/Feature/Http/Controllers/Resource/Playground/RestoreJsonTrait.php" line="32" class="Tests\Feature\Playground\Matrix\Resource\Http\Controllers\Playground\TicketRouteTest" classname="Tests.Feature.Playground.Matrix.Resource.Http.Controllers.Playground.TicketRouteTest" assertions="3" time="0.442598"/>
        <testcase name="test_json_restore_as_admin_and_succeed" file="/app/vendor/gammamatrix/playground-test/src/Feature/Http/Controllers/Resource/Playground/RestoreJsonTrait.php" line="64" class="Tests\Feature\Playground\Matrix\Resource\Http\Controllers\Playground\TicketRouteTest" classname="Tests.Feature.Playground.Matrix.Resource.Http.Controllers.Playground.TicketRouteTest" assertions="131" time="0.597027"/>
        <testcase name="test_json_restore_as_admin_and_succeed_with_no_redirect" file="/app/vendor/gammamatrix/playground-test/src/Feature/Http/Controllers/Resource/Playground/RestoreJsonTrait.php" line="100" class="Tests\Feature\Playground\Matrix\Resource\Http\Controllers\Playground\TicketRouteTest" classname="Tests.Feature.Playground.Matrix.Resource.Http.Controllers.Playground.TicketRouteTest" assertions="131" time="0.454267"/>
        <testcase name="test_json_restore_as_user_and_get_denied" file="/app/vendor/gammamatrix/playground-test/src/Feature/Http/Controllers/Resource/Playground/RestoreJsonTrait.php" line="143" class="Tests\Feature\Playground\Matrix\Resource\Http\Controllers\Playground\TicketRouteTest" classname="Tests.Feature.Playground.Matrix.Resource.Http.Controllers.Playground.TicketRouteTest" assertions="3" time="0.566990"/>
        <testcase name="test_guest_cannot_restore" file="/app/vendor/gammamatrix/playground-test/src/Feature/Http/Controllers/Resource/Playground/RestoreTrait.php" line="32" class="Tests\Feature\Playground\Matrix\Resource\Http\Controllers\Playground\TicketRouteTest" classname="Tests.Feature.Playground.Matrix.Resource.Http.Controllers.Playground.TicketRouteTest" assertions="3" time="0.430954"/>
        <testcase name="test_restore_as_admin_and_succeed" file="/app/vendor/gammamatrix/playground-test/src/Feature/Http/Controllers/Resource/Playground/RestoreTrait.php" line="64" class="Tests\Feature\Playground\Matrix\Resource\Http\Controllers\Playground\TicketRouteTest" classname="Tests.Feature.Playground.Matrix.Resource.Http.Controllers.Playground.TicketRouteTest" assertions="4" time="0.583833"/>
        <testcase name="test_restore_as_admin_and_succeed_with_redirect_to_index_with_only_trash" file="/app/vendor/gammamatrix/playground-test/src/Feature/Http/Controllers/Resource/Playground/RestoreTrait.php" line="100" class="Tests\Feature\Playground\Matrix\Resource\Http\Controllers\Playground\TicketRouteTest" classname="Tests.Feature.Playground.Matrix.Resource.Http.Controllers.Playground.TicketRouteTest" assertions="4" time="0.458332"/>
        <testcase name="test_restore_as_user_and_get_denied" file="/app/vendor/gammamatrix/playground-test/src/Feature/Http/Controllers/Resource/Playground/RestoreTrait.php" line="146" class="Tests\Feature\Playground\Matrix\Resource\Http\Controllers\Playground\TicketRouteTest" classname="Tests.Feature.Playground.Matrix.Resource.Http.Controllers.Playground.TicketRouteTest" assertions="3" time="0.444051"/>
        <testcase name="test_json_guest_cannot_see_info" file="/app/vendor/gammamatrix/playground-test/src/Feature/Http/Controllers/Resource/Playground/ShowJsonTrait.php" line="29" class="Tests\Feature\Playground\Matrix\Resource\Http\Controllers\Playground\TicketRouteTest" classname="Tests.Feature.Playground.Matrix.Resource.Http.Controllers.Playground.TicketRouteTest" assertions="1" time="0.546351"/>
        <testcase name="test_json_show_info_for_admin" file="/app/vendor/gammamatrix/playground-test/src/Feature/Http/Controllers/Resource/Playground/ShowJsonTrait.php" line="49" class="Tests\Feature\Playground\Matrix\Resource\Http\Controllers\Playground\TicketRouteTest" classname="Tests.Feature.Playground.Matrix.Resource.Http.Controllers.Playground.TicketRouteTest" assertions="130" time="0.474238"/>
        <testcase name="test_guest_cannot_render_show_view" file="/app/vendor/gammamatrix/playground-test/src/Feature/Http/Controllers/Resource/Playground/ShowTrait.php" line="29" class="Tests\Feature\Playground\Matrix\Resource\Http\Controllers\Playground\TicketRouteTest" classname="Tests.Feature.Playground.Matrix.Resource.Http.Controllers.Playground.TicketRouteTest" assertions="1" time="0.537064"/>
        <testcase name="test_show_view_rendered_by_admin" file="/app/vendor/gammamatrix/playground-test/src/Feature/Http/Controllers/Resource/Playground/ShowTrait.php" line="49" class="Tests\Feature\Playground\Matrix\Resource\Http\Controllers\Playground\TicketRouteTest" classname="Tests.Feature.Playground.Matrix.Resource.Http.Controllers.Playground.TicketRouteTest" assertions="2" time="0.468628"/>
        <testcase name="test_json_guest_cannot_store" file="/app/vendor/gammamatrix/playground-test/src/Feature/Http/Controllers/Resource/Playground/StoreJsonTrait.php" line="43" class="Tests\Feature\Playground\Matrix\Resource\Http\Controllers\Playground\TicketRouteTest" classname="Tests.Feature.Playground.Matrix.Resource.Http.Controllers.Playground.TicketRouteTest" assertions="3" time="0.564925"/>
        <testcase name="test_json_store_as_admin_without_payload_and_fail_validation" file="/app/vendor/gammamatrix/playground-test/src/Feature/Http/Controllers/Resource/Playground/StoreJsonTrait.php" line="66" class="Tests\Feature\Playground\Matrix\Resource\Http\Controllers\Playground\TicketRouteTest" classname="Tests.Feature.Playground.Matrix.Resource.Http.Controllers.Playground.TicketRouteTest" assertions="5" time="0.454041"/>
        <testcase name="test_json_store_as_admin_and_succeed" file="/app/vendor/gammamatrix/playground-test/src/Feature/Http/Controllers/Resource/Playground/StoreJsonTrait.php" line="92" class="Tests\Feature\Playground\Matrix\Resource\Http\Controllers\Playground\TicketRouteTest" classname="Tests.Feature.Playground.Matrix.Resource.Http.Controllers.Playground.TicketRouteTest" assertions="3" time="0.599214"/>
        <testcase name="test_guest_cannot_store" file="/app/vendor/gammamatrix/playground-test/src/Feature/Http/Controllers/Resource/Playground/StoreTrait.php" line="38" class="Tests\Feature\Playground\Matrix\Resource\Http\Controllers\Playground\TicketRouteTest" classname="Tests.Feature.Playground.Matrix.Resource.Http.Controllers.Playground.TicketRouteTest" assertions="3" time="0.440391"/>
        <testcase name="test_store_as_admin_without_payload_and_fail_validation" file="/app/vendor/gammamatrix/playground-test/src/Feature/Http/Controllers/Resource/Playground/StoreTrait.php" line="61" class="Tests\Feature\Playground\Matrix\Resource\Http\Controllers\Playground\TicketRouteTest" classname="Tests.Feature.Playground.Matrix.Resource.Http.Controllers.Playground.TicketRouteTest" assertions="5" time="0.440783"/>
        <testcase name="test_store_as_admin_and_succeed" file="/app/vendor/gammamatrix/playground-test/src/Feature/Http/Controllers/Resource/Playground/StoreTrait.php" line="90" class="Tests\Feature\Playground\Matrix\Resource\Http\Controllers\Playground\TicketRouteTest" classname="Tests.Feature.Playground.Matrix.Resource.Http.Controllers.Playground.TicketRouteTest" assertions="4" time="0.583496"/>
        <testcase name="test_store_as_admin_and_succeed_with_return_url" file="/app/vendor/gammamatrix/playground-test/src/Feature/Http/Controllers/Resource/Playground/StoreTrait.php" line="135" class="Tests\Feature\Playground\Matrix\Resource\Http\Controllers\Playground\TicketRouteTest" classname="Tests.Feature.Playground.Matrix.Resource.Http.Controllers.Playground.TicketRouteTest" assertions="4" time="0.474311"/>
        <testcase name="test_json_guest_cannot_unlock" file="/app/vendor/gammamatrix/playground-test/src/Feature/Http/Controllers/Resource/Playground/UnlockJsonTrait.php" line="36" class="Tests\Feature\Playground\Matrix\Resource\Http\Controllers\Playground\TicketRouteTest" classname="Tests.Feature.Playground.Matrix.Resource.Http.Controllers.Playground.TicketRouteTest" assertions="3" time="0.539405"/>
        <testcase name="test_json_unlock_as_admin_and_succeed" file="/app/vendor/gammamatrix/playground-test/src/Feature/Http/Controllers/Resource/Playground/UnlockJsonTrait.php" line="68" class="Tests\Feature\Playground\Matrix\Resource\Http\Controllers\Playground\TicketRouteTest" classname="Tests.Feature.Playground.Matrix.Resource.Http.Controllers.Playground.TicketRouteTest" assertions="131" time="0.487618"/>
        <testcase name="test_json_unlock_as_admin_and_succeed_with_no_redirect" file="/app/vendor/gammamatrix/playground-test/src/Feature/Http/Controllers/Resource/Playground/UnlockJsonTrait.php" line="104" class="Tests\Feature\Playground\Matrix\Resource\Http\Controllers\Playground\TicketRouteTest" classname="Tests.Feature.Playground.Matrix.Resource.Http.Controllers.Playground.TicketRouteTest" assertions="131" time="0.553883"/>
        <testcase name="test_json_unlock_as_user_and_get_denied" file="/app/vendor/gammamatrix/playground-test/src/Feature/Http/Controllers/Resource/Playground/UnlockJsonTrait.php" line="145" class="Tests\Feature\Playground\Matrix\Resource\Http\Controllers\Playground\TicketRouteTest" classname="Tests.Feature.Playground.Matrix.Resource.Http.Controllers.Playground.TicketRouteTest" assertions="3" time="0.445017"/>
        <testcase name="test_guest_cannot_unlock" file="/app/vendor/gammamatrix/playground-test/src/Feature/Http/Controllers/Resource/Playground/UnlockTrait.php" line="36" class="Tests\Feature\Playground\Matrix\Resource\Http\Controllers\Playground\TicketRouteTest" classname="Tests.Feature.Playground.Matrix.Resource.Http.Controllers.Playground.TicketRouteTest" assertions="3" time="0.554317"/>
        <testcase name="test_unlock_as_admin_and_succeed" file="/app/vendor/gammamatrix/playground-test/src/Feature/Http/Controllers/Resource/Playground/UnlockTrait.php" line="68" class="Tests\Feature\Playground\Matrix\Resource\Http\Controllers\Playground\TicketRouteTest" classname="Tests.Feature.Playground.Matrix.Resource.Http.Controllers.Playground.TicketRouteTest" assertions="4" time="0.450891"/>
        <testcase name="test_unlock_as_admin_and_succeed_with_redirect_to_index_with_sorted_by_unlocked_desc" file="/app/vendor/gammamatrix/playground-test/src/Feature/Http/Controllers/Resource/Playground/UnlockTrait.php" line="109" class="Tests\Feature\Playground\Matrix\Resource\Http\Controllers\Playground\TicketRouteTest" classname="Tests.Feature.Playground.Matrix.Resource.Http.Controllers.Playground.TicketRouteTest" assertions="4" time="0.454238"/>
        <testcase name="test_unlock_as_user_and_get_denied" file="/app/vendor/gammamatrix/playground-test/src/Feature/Http/Controllers/Resource/Playground/UnlockTrait.php" line="148" class="Tests\Feature\Playground\Matrix\Resource\Http\Controllers\Playground\TicketRouteTest" classname="Tests.Feature.Playground.Matrix.Resource.Http.Controllers.Playground.TicketRouteTest" assertions="3" time="0.541925"/>
        <testcase name="test_json_guest_cannot_update" file="/app/vendor/gammamatrix/playground-test/src/Feature/Http/Controllers/Resource/Playground/UpdateJsonTrait.php" line="45" class="Tests\Feature\Playground\Matrix\Resource\Http\Controllers\Playground\TicketRouteTest" classname="Tests.Feature.Playground.Matrix.Resource.Http.Controllers.Playground.TicketRouteTest" assertions="1" time="0.471297"/>
        <testcase name="test_json_update_as_admin_without_payload_and_fail_validation" file="/app/vendor/gammamatrix/playground-test/src/Feature/Http/Controllers/Resource/Playground/UpdateJsonTrait.php" line="65" class="Tests\Feature\Playground\Matrix\Resource\Http\Controllers\Playground\TicketRouteTest" classname="Tests.Feature.Playground.Matrix.Resource.Http.Controllers.Playground.TicketRouteTest" assertions="4" time="0.587367"/>
        <testcase name="test_json_admin_can_update" file="/app/vendor/gammamatrix/playground-test/src/Feature/Http/Controllers/Resource/Playground/UpdateJsonTrait.php" line="90" class="Tests\Feature\Playground\Matrix\Resource\Http\Controllers\Playground\TicketRouteTest" classname="Tests.Feature.Playground.Matrix.Resource.Http.Controllers.Playground.TicketRouteTest" assertions="133" time="0.517321"/>
        <testcase name="test_guest_cannot_update" file="/app/vendor/gammamatrix/playground-test/src/Feature/Http/Controllers/Resource/Playground/UpdateTrait.php" line="45" class="Tests\Feature\Playground\Matrix\Resource\Http\Controllers\Playground\TicketRouteTest" classname="Tests.Feature.Playground.Matrix.Resource.Http.Controllers.Playground.TicketRouteTest" assertions="1" time="0.566389"/>
        <testcase name="test_update_as_admin_without_payload_and_fail_validation" file="/app/vendor/gammamatrix/playground-test/src/Feature/Http/Controllers/Resource/Playground/UpdateTrait.php" line="65" class="Tests\Feature\Playground\Matrix\Resource\Http\Controllers\Playground\TicketRouteTest" classname="Tests.Feature.Playground.Matrix.Resource.Http.Controllers.Playground.TicketRouteTest" assertions="4" time="0.472455"/>
        <testcase name="test_admin_can_update" file="/app/vendor/gammamatrix/playground-test/src/Feature/Http/Controllers/Resource/Playground/UpdateTrait.php" line="90" class="Tests\Feature\Playground\Matrix\Resource\Http\Controllers\Playground\TicketRouteTest" classname="Tests.Feature.Playground.Matrix.Resource.Http.Controllers.Playground.TicketRouteTest" assertions="6" time="0.608668"/>
        <testcase name="test_admin_can_update_view_with_return_url" file="/app/vendor/gammamatrix/playground-test/src/Feature/Http/Controllers/Resource/Playground/UpdateTrait.php" line="133" class="Tests\Feature\Playground\Matrix\Resource\Http\Controllers\Playground\TicketRouteTest" classname="Tests.Feature.Playground.Matrix.Resource.Http.Controllers.Playground.TicketRouteTest" assertions="6" time="0.504758"/>
        <testcase name="test_admin_can_create_ticket_with_project" file="/app/tests/Feature/Http/Controllers/Playground/TicketRouteTest.php" line="25" class="Tests\Feature\Playground\Matrix\Resource\Http\Controllers\Playground\TicketRouteTest" classname="Tests.Feature.Playground.Matrix.Resource.Http.Controllers.Playground.TicketRouteTest" assertions="16" time="0.610972"/>
        <testcase name="test_admin_can_update_ticket_with_project" file="/app/tests/Feature/Http/Controllers/Playground/TicketRouteTest.php" line="93" class="Tests\Feature\Playground\Matrix\Resource\Http\Controllers\Playground\TicketRouteTest" classname="Tests.Feature.Playground.Matrix.Resource.Http.Controllers.Playground.TicketRouteTest" assertions="17" time="0.569923"/>
      </testsuite>
      <testsuite name="Tests\Feature\Playground\Matrix\Resource\Http\Controllers\Playground\VersionRouteTest" file="/app/tests/Feature/Http/Controllers/Playground/VersionRouteTest.php" tests="73" assertions="768" errors="0" failures="0" skipped="0" time="36.300836">
        <testcase name="test_json_guest_cannot_get_create_info" file="/app/vendor/gammamatrix/playground-test/src/Feature/Http/Controllers/Resource/Playground/CreateJsonTrait.php" line="38" class="Tests\Feature\Playground\Matrix\Resource\Http\Controllers\Playground\VersionRouteTest" classname="Tests.Feature.Playground.Matrix.Resource.Http.Controllers.Playground.VersionRouteTest" assertions="1" time="0.599444"/>
        <testcase name="test_json_admin_can_get_create_info" file="/app/vendor/gammamatrix/playground-test/src/Feature/Http/Controllers/Resource/Playground/CreateJsonTrait.php" line="53" class="Tests\Feature\Playground\Matrix\Resource\Http\Controllers\Playground\VersionRouteTest" classname="Tests.Feature.Playground.Matrix.Resource.Http.Controllers.Playground.VersionRouteTest" assertions="60" time="0.447098"/>
        <testcase name="test_json_get_create_info_as_admin_with_invalid_parameter_and_fail_validation" file="/app/vendor/gammamatrix/playground-test/src/Feature/Http/Controllers/Resource/Playground/CreateJsonTrait.php" line="73" class="Tests\Feature\Playground\Matrix\Resource\Http\Controllers\Playground\VersionRouteTest" classname="Tests.Feature.Playground.Matrix.Resource.Http.Controllers.Playground.VersionRouteTest" assertions="4" time="0.525594"/>
        <testcase name="test_guest_cannot_render_create_view" file="/app/vendor/gammamatrix/playground-test/src/Feature/Http/Controllers/Resource/Playground/CreateTrait.php" line="33" class="Tests\Feature\Playground\Matrix\Resource\Http\Controllers\Playground\VersionRouteTest" classname="Tests.Feature.Playground.Matrix.Resource.Http.Controllers.Playground.VersionRouteTest" assertions="1" time="0.413487"/>
        <testcase name="test_admin_can_render_create_view" file="/app/vendor/gammamatrix/playground-test/src/Feature/Http/Controllers/Resource/Playground/CreateTrait.php" line="47" class="Tests\Feature\Playground\Matrix\Resource\Http\Controllers\Playground\VersionRouteTest" classname="Tests.Feature.Playground.Matrix.Resource.Http.Controllers.Playground.VersionRouteTest" assertions="2" time="0.609068"/>
        <testcase name="test_admin_can_render_create_view_with_return_url" file="/app/vendor/gammamatrix/playground-test/src/Feature/Http/Controllers/Resource/Playground/CreateTrait.php" line="65" class="Tests\Feature\Playground\Matrix\Resource\Http\Controllers\Playground\VersionRouteTest" classname="Tests.Feature.Playground.Matrix.Resource.Http.Controllers.Playground.VersionRouteTest" assertions="3" time="0.450380"/>
        <testcase name="test_create_view_as_admin_with_invalid_parameter_and_fail_validation_and_redirect" file="/app/vendor/gammamatrix/playground-test/src/Feature/Http/Controllers/Resource/Playground/CreateTrait.php" line="92" class="Tests\Feature\Playground\Matrix\Resource\Http\Controllers\Playground\VersionRouteTest" classname="Tests.Feature.Playground.Matrix.Resource.Http.Controllers.Playground.VersionRouteTest" assertions="5" time="0.429891"/>
        <testcase name="test_json_guest_cannot_destroy" file="/app/vendor/gammamatrix/playground-test/src/Feature/Http/Controllers/Resource/Playground/DestroyJsonTrait.php" line="31" class="Tests\Feature\Playground\Matrix\Resource\Http\Controllers\Playground\VersionRouteTest" classname="Tests.Feature.Playground.Matrix.Resource.Http.Controllers.Playground.VersionRouteTest" assertions="3" time="0.526090"/>
        <testcase name="test_json_destroy_as_admin_and_succeed" file="/app/vendor/gammamatrix/playground-test/src/Feature/Http/Controllers/Resource/Playground/DestroyJsonTrait.php" line="61" class="Tests\Feature\Playground\Matrix\Resource\Http\Controllers\Playground\VersionRouteTest" classname="Tests.Feature.Playground.Matrix.Resource.Http.Controllers.Playground.VersionRouteTest" assertions="5" time="0.426808"/>
        <testcase name="test_json_destroy_as_admin_and_succeed_with_force_delete" file="/app/vendor/gammamatrix/playground-test/src/Feature/Http/Controllers/Resource/Playground/DestroyJsonTrait.php" line="100" class="Tests\Feature\Playground\Matrix\Resource\Http\Controllers\Playground\VersionRouteTest" classname="Tests.Feature.Playground.Matrix.Resource.Http.Controllers.Playground.VersionRouteTest" assertions="4" time="0.555887"/>
        <testcase name="test_json_destroy_as_admin_and_succeed_with_no_content" file="/app/vendor/gammamatrix/playground-test/src/Feature/Http/Controllers/Resource/Playground/DestroyJsonTrait.php" line="132" class="Tests\Feature\Playground\Matrix\Resource\Http\Controllers\Playground\VersionRouteTest" classname="Tests.Feature.Playground.Matrix.Resource.Http.Controllers.Playground.VersionRouteTest" assertions="5" time="0.430291"/>
        <testcase name="test_json_destroy_as_admin_and_succeed_and_ignore_redirect" file="/app/vendor/gammamatrix/playground-test/src/Feature/Http/Controllers/Resource/Playground/DestroyJsonTrait.php" line="167" class="Tests\Feature\Playground\Matrix\Resource\Http\Controllers\Playground\VersionRouteTest" classname="Tests.Feature.Playground.Matrix.Resource.Http.Controllers.Playground.VersionRouteTest" assertions="5" time="0.572023"/>
        <testcase name="test_json_destroy_as_user_and_get_denied_and_no_force_delete_allowed" file="/app/vendor/gammamatrix/playground-test/src/Feature/Http/Controllers/Resource/Playground/DestroyJsonTrait.php" line="209" class="Tests\Feature\Playground\Matrix\Resource\Http\Controllers\Playground\VersionRouteTest" classname="Tests.Feature.Playground.Matrix.Resource.Http.Controllers.Playground.VersionRouteTest" assertions="3" time="0.441373"/>
        <testcase name="test_guest_cannot_destroy" file="/app/vendor/gammamatrix/playground-test/src/Feature/Http/Controllers/Resource/Playground/DestroyTrait.php" line="31" class="Tests\Feature\Playground\Matrix\Resource\Http\Controllers\Playground\VersionRouteTest" classname="Tests.Feature.Playground.Matrix.Resource.Http.Controllers.Playground.VersionRouteTest" assertions="3" time="0.425946"/>
        <testcase name="test_destroy_as_admin_and_succeed" file="/app/vendor/gammamatrix/playground-test/src/Feature/Http/Controllers/Resource/Playground/DestroyTrait.php" line="61" class="Tests\Feature\Playground\Matrix\Resource\Http\Controllers\Playground\VersionRouteTest" classname="Tests.Feature.Playground.Matrix.Resource.Http.Controllers.Playground.VersionRouteTest" assertions="5" time="0.539062"/>
        <testcase name="test_destroy_as_admin_and_succeed_with_force_delete" file="/app/vendor/gammamatrix/playground-test/src/Feature/Http/Controllers/Resource/Playground/DestroyTrait.php" line="97" class="Tests\Feature\Playground\Matrix\Resource\Http\Controllers\Playground\VersionRouteTest" classname="Tests.Feature.Playground.Matrix.Resource.Http.Controllers.Playground.VersionRouteTest" assertions="4" time="0.443981"/>
        <testcase name="test_destroy_as_admin_and_succeed_with_redirect_to_index_with_trash" file="/app/vendor/gammamatrix/playground-test/src/Feature/Http/Controllers/Resource/Playground/DestroyTrait.php" line="129" class="Tests\Feature\Playground\Matrix\Resource\Http\Controllers\Playground\VersionRouteTest" classname="Tests.Feature.Playground.Matrix.Resource.Http.Controllers.Playground.VersionRouteTest" assertions="5" time="0.571768"/>
        <testcase name="test_destroy_as_user_and_get_denied_and_no_force_delete_allowed" file="/app/vendor/gammamatrix/playground-test/src/Feature/Http/Controllers/Resource/Playground/DestroyTrait.php" line="171" class="Tests\Feature\Playground\Matrix\Resource\Http\Controllers\Playground\VersionRouteTest" classname="Tests.Feature.Playground.Matrix.Resource.Http.Controllers.Playground.VersionRouteTest" assertions="3" time="0.429583"/>
        <testcase name="test_json_guest_cannot_get_edit_info" file="/app/vendor/gammamatrix/playground-test/src/Feature/Http/Controllers/Resource/Playground/EditJsonTrait.php" line="38" class="Tests\Feature\Playground\Matrix\Resource\Http\Controllers\Playground\VersionRouteTest" classname="Tests.Feature.Playground.Matrix.Resource.Http.Controllers.Playground.VersionRouteTest" assertions="1" time="0.547450"/>
        <testcase name="test_json_admin_can_get_edit_info" file="/app/vendor/gammamatrix/playground-test/src/Feature/Http/Controllers/Resource/Playground/EditJsonTrait.php" line="58" class="Tests\Feature\Playground\Matrix\Resource\Http\Controllers\Playground\VersionRouteTest" classname="Tests.Feature.Playground.Matrix.Resource.Http.Controllers.Playground.VersionRouteTest" assertions="4" time="0.445558"/>
        <testcase name="test_json_edit_as_admin_and_fail_validation_with_invalid_parameter" file="/app/vendor/gammamatrix/playground-test/src/Feature/Http/Controllers/Resource/Playground/EditJsonTrait.php" line="87" class="Tests\Feature\Playground\Matrix\Resource\Http\Controllers\Playground\VersionRouteTest" classname="Tests.Feature.Playground.Matrix.Resource.Http.Controllers.Playground.VersionRouteTest" assertions="4" time="0.457333"/>
        <testcase name="test_guest_cannot_render_edit_view" file="/app/vendor/gammamatrix/playground-test/src/Feature/Http/Controllers/Resource/Playground/EditTrait.php" line="33" class="Tests\Feature\Playground\Matrix\Resource\Http\Controllers\Playground\VersionRouteTest" classname="Tests.Feature.Playground.Matrix.Resource.Http.Controllers.Playground.VersionRouteTest" assertions="1" time="0.548571"/>
        <testcase name="test_admin_can_render_edit_view" file="/app/vendor/gammamatrix/playground-test/src/Feature/Http/Controllers/Resource/Playground/EditTrait.php" line="53" class="Tests\Feature\Playground\Matrix\Resource\Http\Controllers\Playground\VersionRouteTest" classname="Tests.Feature.Playground.Matrix.Resource.Http.Controllers.Playground.VersionRouteTest" assertions="2" time="0.458097"/>
        <testcase name="test_admin_can_render_edit_view_with_return_url" file="/app/vendor/gammamatrix/playground-test/src/Feature/Http/Controllers/Resource/Playground/EditTrait.php" line="77" class="Tests\Feature\Playground\Matrix\Resource\Http\Controllers\Playground\VersionRouteTest" classname="Tests.Feature.Playground.Matrix.Resource.Http.Controllers.Playground.VersionRouteTest" assertions="3" time="0.563956"/>
        <testcase name="test_edit_view_as_admin_with_invalid_parameter_and_fail_validation_and_redirect" file="/app/vendor/gammamatrix/playground-test/src/Feature/Http/Controllers/Resource/Playground/EditTrait.php" line="109" class="Tests\Feature\Playground\Matrix\Resource\Http\Controllers\Playground\VersionRouteTest" classname="Tests.Feature.Playground.Matrix.Resource.Http.Controllers.Playground.VersionRouteTest" assertions="4" time="0.449202"/>
        <testcase name="test_json_guest_cannot_get_index" file="/app/vendor/gammamatrix/playground-test/src/Feature/Http/Controllers/Resource/Playground/IndexJsonTrait.php" line="34" class="Tests\Feature\Playground\Matrix\Resource\Http\Controllers\Playground\VersionRouteTest" classname="Tests.Feature.Playground.Matrix.Resource.Http.Controllers.Playground.VersionRouteTest" assertions="1" time="0.591945"/>
        <testcase name="test_json_admin_can_get_index" file="/app/vendor/gammamatrix/playground-test/src/Feature/Http/Controllers/Resource/Playground/IndexJsonTrait.php" line="49" class="Tests\Feature\Playground\Matrix\Resource\Http\Controllers\Playground\VersionRouteTest" classname="Tests.Feature.Playground.Matrix.Resource.Http.Controllers.Playground.VersionRouteTest" assertions="67" time="0.449812"/>
        <testcase name="test_json_admin_can_get_index_with_filters" file="/app/vendor/gammamatrix/playground-test/src/Feature/Http/Controllers/Resource/Playground/IndexJsonTrait.php" line="85" class="Tests\Feature\Playground\Matrix\Resource\Http\Controllers\Playground\VersionRouteTest" classname="Tests.Feature.Playground.Matrix.Resource.Http.Controllers.Playground.VersionRouteTest" assertions="3" time="0.442179"/>
        <testcase name="test_guest_cannot_render_index_view" file="/app/vendor/gammamatrix/playground-test/src/Feature/Http/Controllers/Resource/Playground/IndexTrait.php" line="29" class="Tests\Feature\Playground\Matrix\Resource\Http\Controllers\Playground\VersionRouteTest" classname="Tests.Feature.Playground.Matrix.Resource.Http.Controllers.Playground.VersionRouteTest" assertions="1" time="0.523200"/>
        <testcase name="test_admin_can_render_index_view" file="/app/vendor/gammamatrix/playground-test/src/Feature/Http/Controllers/Resource/Playground/IndexTrait.php" line="44" class="Tests\Feature\Playground\Matrix\Resource\Http\Controllers\Playground\VersionRouteTest" classname="Tests.Feature.Playground.Matrix.Resource.Http.Controllers.Playground.VersionRouteTest" assertions="2" time="0.462870"/>
        <testcase name="test_admin_can_render_index_view_with_filters" file="/app/vendor/gammamatrix/playground-test/src/Feature/Http/Controllers/Resource/Playground/IndexTrait.php" line="77" class="Tests\Feature\Playground\Matrix\Resource\Http\Controllers\Playground\VersionRouteTest" classname="Tests.Feature.Playground.Matrix.Resource.Http.Controllers.Playground.VersionRouteTest" assertions="3" time="0.577520"/>
        <testcase name="test_json_guest_cannot_lock" file="/app/vendor/gammamatrix/playground-test/src/Feature/Http/Controllers/Resource/Playground/LockJsonTrait.php" line="36" class="Tests\Feature\Playground\Matrix\Resource\Http\Controllers\Playground\VersionRouteTest" classname="Tests.Feature.Playground.Matrix.Resource.Http.Controllers.Playground.VersionRouteTest" assertions="3" time="0.428979"/>
        <testcase name="test_json_lock_as_admin_and_succeed" file="/app/vendor/gammamatrix/playground-test/src/Feature/Http/Controllers/Resource/Playground/LockJsonTrait.php" line="66" class="Tests\Feature\Playground\Matrix\Resource\Http\Controllers\Playground\VersionRouteTest" classname="Tests.Feature.Playground.Matrix.Resource.Http.Controllers.Playground.VersionRouteTest" assertions="3" time="0.551543"/>
        <testcase name="test_json_lock_as_admin_and_succeed_with_no_redirect" file="/app/vendor/gammamatrix/playground-test/src/Feature/Http/Controllers/Resource/Playground/LockJsonTrait.php" line="98" class="Tests\Feature\Playground\Matrix\Resource\Http\Controllers\Playground\VersionRouteTest" classname="Tests.Feature.Playground.Matrix.Resource.Http.Controllers.Playground.VersionRouteTest" assertions="62" time="0.443438"/>
        <testcase name="test_json_lock_as_user_and_get_denied" file="/app/vendor/gammamatrix/playground-test/src/Feature/Http/Controllers/Resource/Playground/LockJsonTrait.php" line="143" class="Tests\Feature\Playground\Matrix\Resource\Http\Controllers\Playground\VersionRouteTest" classname="Tests.Feature.Playground.Matrix.Resource.Http.Controllers.Playground.VersionRouteTest" assertions="3" time="0.559939"/>
        <testcase name="test_guest_cannot_lock" file="/app/vendor/gammamatrix/playground-test/src/Feature/Http/Controllers/Resource/Playground/LockTrait.php" line="31" class="Tests\Feature\Playground\Matrix\Resource\Http\Controllers\Playground\VersionRouteTest" classname="Tests.Feature.Playground.Matrix.Resource.Http.Controllers.Playground.VersionRouteTest" assertions="3" time="0.425332"/>
        <testcase name="test_lock_as_admin_and_succeed" file="/app/vendor/gammamatrix/playground-test/src/Feature/Http/Controllers/Resource/Playground/LockTrait.php" line="61" class="Tests\Feature\Playground\Matrix\Resource\Http\Controllers\Playground\VersionRouteTest" classname="Tests.Feature.Playground.Matrix.Resource.Http.Controllers.Playground.VersionRouteTest" assertions="4" time="0.447238"/>
        <testcase name="test_lock_as_admin_and_succeed_with_redirect_to_index_with_sorted_by_locked_desc" file="/app/vendor/gammamatrix/playground-test/src/Feature/Http/Controllers/Resource/Playground/LockTrait.php" line="95" class="Tests\Feature\Playground\Matrix\Resource\Http\Controllers\Playground\VersionRouteTest" classname="Tests.Feature.Playground.Matrix.Resource.Http.Controllers.Playground.VersionRouteTest" assertions="4" time="0.556328"/>
        <testcase name="test_lock_as_user_and_get_denied" file="/app/vendor/gammamatrix/playground-test/src/Feature/Http/Controllers/Resource/Playground/LockTrait.php" line="132" class="Tests\Feature\Playground\Matrix\Resource\Http\Controllers\Playground\VersionRouteTest" classname="Tests.Feature.Playground.Matrix.Resource.Http.Controllers.Playground.VersionRouteTest" assertions="3" time="0.438629"/>
        <testcase name="test_json_guest_cannot_restore" file="/app/vendor/gammamatrix/playground-test/src/Feature/Http/Controllers/Resource/Playground/RestoreJsonTrait.php" line="32" class="Tests\Feature\Playground\Matrix\Resource\Http\Controllers\Playground\VersionRouteTest" classname="Tests.Feature.Playground.Matrix.Resource.Http.Controllers.Playground.VersionRouteTest" assertions="3" time="0.549151"/>
        <testcase name="test_json_restore_as_admin_and_succeed" file="/app/vendor/gammamatrix/playground-test/src/Feature/Http/Controllers/Resource/Playground/RestoreJsonTrait.php" line="64" class="Tests\Feature\Playground\Matrix\Resource\Http\Controllers\Playground\VersionRouteTest" classname="Tests.Feature.Playground.Matrix.Resource.Http.Controllers.Playground.VersionRouteTest" assertions="62" time="0.450984"/>
        <testcase name="test_json_restore_as_admin_and_succeed_with_no_redirect" file="/app/vendor/gammamatrix/playground-test/src/Feature/Http/Controllers/Resource/Playground/RestoreJsonTrait.php" line="100" class="Tests\Feature\Playground\Matrix\Resource\Http\Controllers\Playground\VersionRouteTest" classname="Tests.Feature.Playground.Matrix.Resource.Http.Controllers.Playground.VersionRouteTest" assertions="62" time="0.553831"/>
        <testcase name="test_json_restore_as_user_and_get_denied" file="/app/vendor/gammamatrix/playground-test/src/Feature/Http/Controllers/Resource/Playground/RestoreJsonTrait.php" line="143" class="Tests\Feature\Playground\Matrix\Resource\Http\Controllers\Playground\VersionRouteTest" classname="Tests.Feature.Playground.Matrix.Resource.Http.Controllers.Playground.VersionRouteTest" assertions="3" time="0.441885"/>
        <testcase name="test_guest_cannot_restore" file="/app/vendor/gammamatrix/playground-test/src/Feature/Http/Controllers/Resource/Playground/RestoreTrait.php" line="32" class="Tests\Feature\Playground\Matrix\Resource\Http\Controllers\Playground\VersionRouteTest" classname="Tests.Feature.Playground.Matrix.Resource.Http.Controllers.Playground.VersionRouteTest" assertions="3" time="0.436430"/>
        <testcase name="test_restore_as_admin_and_succeed" file="/app/vendor/gammamatrix/playground-test/src/Feature/Http/Controllers/Resource/Playground/RestoreTrait.php" line="64" class="Tests\Feature\Playground\Matrix\Resource\Http\Controllers\Playground\VersionRouteTest" classname="Tests.Feature.Playground.Matrix.Resource.Http.Controllers.Playground.VersionRouteTest" assertions="4" time="0.594920"/>
        <testcase name="test_restore_as_admin_and_succeed_with_redirect_to_index_with_only_trash" file="/app/vendor/gammamatrix/playground-test/src/Feature/Http/Controllers/Resource/Playground/RestoreTrait.php" line="100" class="Tests\Feature\Playground\Matrix\Resource\Http\Controllers\Playground\VersionRouteTest" classname="Tests.Feature.Playground.Matrix.Resource.Http.Controllers.Playground.VersionRouteTest" assertions="4" time="0.451152"/>
        <testcase name="test_restore_as_user_and_get_denied" file="/app/vendor/gammamatrix/playground-test/src/Feature/Http/Controllers/Resource/Playground/RestoreTrait.php" line="146" class="Tests\Feature\Playground\Matrix\Resource\Http\Controllers\Playground\VersionRouteTest" classname="Tests.Feature.Playground.Matrix.Resource.Http.Controllers.Playground.VersionRouteTest" assertions="3" time="0.584251"/>
        <testcase name="test_json_guest_cannot_see_info" file="/app/vendor/gammamatrix/playground-test/src/Feature/Http/Controllers/Resource/Playground/ShowJsonTrait.php" line="29" class="Tests\Feature\Playground\Matrix\Resource\Http\Controllers\Playground\VersionRouteTest" classname="Tests.Feature.Playground.Matrix.Resource.Http.Controllers.Playground.VersionRouteTest" assertions="1" time="0.437637"/>
        <testcase name="test_json_show_info_for_admin" file="/app/vendor/gammamatrix/playground-test/src/Feature/Http/Controllers/Resource/Playground/ShowJsonTrait.php" line="49" class="Tests\Feature\Playground\Matrix\Resource\Http\Controllers\Playground\VersionRouteTest" classname="Tests.Feature.Playground.Matrix.Resource.Http.Controllers.Playground.VersionRouteTest" assertions="61" time="0.552387"/>
        <testcase name="test_guest_cannot_render_show_view" file="/app/vendor/gammamatrix/playground-test/src/Feature/Http/Controllers/Resource/Playground/ShowTrait.php" line="29" class="Tests\Feature\Playground\Matrix\Resource\Http\Controllers\Playground\VersionRouteTest" classname="Tests.Feature.Playground.Matrix.Resource.Http.Controllers.Playground.VersionRouteTest" assertions="1" time="0.456626"/>
        <testcase name="test_show_view_rendered_by_admin" file="/app/vendor/gammamatrix/playground-test/src/Feature/Http/Controllers/Resource/Playground/ShowTrait.php" line="49" class="Tests\Feature\Playground\Matrix\Resource\Http\Controllers\Playground\VersionRouteTest" classname="Tests.Feature.Playground.Matrix.Resource.Http.Controllers.Playground.VersionRouteTest" assertions="2" time="0.600857"/>
        <testcase name="test_json_guest_cannot_store" file="/app/vendor/gammamatrix/playground-test/src/Feature/Http/Controllers/Resource/Playground/StoreJsonTrait.php" line="43" class="Tests\Feature\Playground\Matrix\Resource\Http\Controllers\Playground\VersionRouteTest" classname="Tests.Feature.Playground.Matrix.Resource.Http.Controllers.Playground.VersionRouteTest" assertions="3" time="0.441991"/>
        <testcase name="test_json_store_as_admin_without_payload_and_fail_validation" file="/app/vendor/gammamatrix/playground-test/src/Feature/Http/Controllers/Resource/Playground/StoreJsonTrait.php" line="66" class="Tests\Feature\Playground\Matrix\Resource\Http\Controllers\Playground\VersionRouteTest" classname="Tests.Feature.Playground.Matrix.Resource.Http.Controllers.Playground.VersionRouteTest" assertions="5" time="0.434611"/>
        <testcase name="test_json_store_as_admin_and_succeed" file="/app/vendor/gammamatrix/playground-test/src/Feature/Http/Controllers/Resource/Playground/StoreJsonTrait.php" line="92" class="Tests\Feature\Playground\Matrix\Resource\Http\Controllers\Playground\VersionRouteTest" classname="Tests.Feature.Playground.Matrix.Resource.Http.Controllers.Playground.VersionRouteTest" assertions="3" time="0.579569"/>
        <testcase name="test_guest_cannot_store" file="/app/vendor/gammamatrix/playground-test/src/Feature/Http/Controllers/Resource/Playground/StoreTrait.php" line="38" class="Tests\Feature\Playground\Matrix\Resource\Http\Controllers\Playground\VersionRouteTest" classname="Tests.Feature.Playground.Matrix.Resource.Http.Controllers.Playground.VersionRouteTest" assertions="3" time="0.420372"/>
        <testcase name="test_store_as_admin_without_payload_and_fail_validation" file="/app/vendor/gammamatrix/playground-test/src/Feature/Http/Controllers/Resource/Playground/StoreTrait.php" line="61" class="Tests\Feature\Playground\Matrix\Resource\Http\Controllers\Playground\VersionRouteTest" classname="Tests.Feature.Playground.Matrix.Resource.Http.Controllers.Playground.VersionRouteTest" assertions="5" time="0.555970"/>
        <testcase name="test_store_as_admin_and_succeed" file="/app/vendor/gammamatrix/playground-test/src/Feature/Http/Controllers/Resource/Playground/StoreTrait.php" line="90" class="Tests\Feature\Playground\Matrix\Resource\Http\Controllers\Playground\VersionRouteTest" classname="Tests.Feature.Playground.Matrix.Resource.Http.Controllers.Playground.VersionRouteTest" assertions="4" time="0.457265"/>
        <testcase name="test_store_as_admin_and_succeed_with_return_url" file="/app/vendor/gammamatrix/playground-test/src/Feature/Http/Controllers/Resource/Playground/StoreTrait.php" line="135" class="Tests\Feature\Playground\Matrix\Resource\Http\Controllers\Playground\VersionRouteTest" classname="Tests.Feature.Playground.Matrix.Resource.Http.Controllers.Playground.VersionRouteTest" assertions="4" time="0.592060"/>
        <testcase name="test_json_guest_cannot_unlock" file="/app/vendor/gammamatrix/playground-test/src/Feature/Http/Controllers/Resource/Playground/UnlockJsonTrait.php" line="36" class="Tests\Feature\Playground\Matrix\Resource\Http\Controllers\Playground\VersionRouteTest" classname="Tests.Feature.Playground.Matrix.Resource.Http.Controllers.Playground.VersionRouteTest" assertions="3" time="0.438900"/>
        <testcase name="test_json_unlock_as_admin_and_succeed" file="/app/vendor/gammamatrix/playground-test/src/Feature/Http/Controllers/Resource/Playground/UnlockJsonTrait.php" line="68" class="Tests\Feature\Playground\Matrix\Resource\Http\Controllers\Playground\VersionRouteTest" classname="Tests.Feature.Playground.Matrix.Resource.Http.Controllers.Playground.VersionRouteTest" assertions="62" time="0.512751"/>
        <testcase name="test_json_unlock_as_admin_and_succeed_with_no_redirect" file="/app/vendor/gammamatrix/playground-test/src/Feature/Http/Controllers/Resource/Playground/UnlockJsonTrait.php" line="104" class="Tests\Feature\Playground\Matrix\Resource\Http\Controllers\Playground\VersionRouteTest" classname="Tests.Feature.Playground.Matrix.Resource.Http.Controllers.Playground.VersionRouteTest" assertions="62" time="0.498232"/>
        <testcase name="test_json_unlock_as_user_and_get_denied" file="/app/vendor/gammamatrix/playground-test/src/Feature/Http/Controllers/Resource/Playground/UnlockJsonTrait.php" line="145" class="Tests\Feature\Playground\Matrix\Resource\Http\Controllers\Playground\VersionRouteTest" classname="Tests.Feature.Playground.Matrix.Resource.Http.Controllers.Playground.VersionRouteTest" assertions="3" time="0.447115"/>
        <testcase name="test_guest_cannot_unlock" file="/app/vendor/gammamatrix/playground-test/src/Feature/Http/Controllers/Resource/Playground/UnlockTrait.php" line="36" class="Tests\Feature\Playground\Matrix\Resource\Http\Controllers\Playground\VersionRouteTest" classname="Tests.Feature.Playground.Matrix.Resource.Http.Controllers.Playground.VersionRouteTest" assertions="3" time="0.528127"/>
        <testcase name="test_unlock_as_admin_and_succeed" file="/app/vendor/gammamatrix/playground-test/src/Feature/Http/Controllers/Resource/Playground/UnlockTrait.php" line="68" class="Tests\Feature\Playground\Matrix\Resource\Http\Controllers\Playground\VersionRouteTest" classname="Tests.Feature.Playground.Matrix.Resource.Http.Controllers.Playground.VersionRouteTest" assertions="4" time="0.452313"/>
        <testcase name="test_unlock_as_admin_and_succeed_with_redirect_to_index_with_sorted_by_unlocked_desc" file="/app/vendor/gammamatrix/playground-test/src/Feature/Http/Controllers/Resource/Playground/UnlockTrait.php" line="109" class="Tests\Feature\Playground\Matrix\Resource\Http\Controllers\Playground\VersionRouteTest" classname="Tests.Feature.Playground.Matrix.Resource.Http.Controllers.Playground.VersionRouteTest" assertions="4" time="0.563090"/>
        <testcase name="test_unlock_as_user_and_get_denied" file="/app/vendor/gammamatrix/playground-test/src/Feature/Http/Controllers/Resource/Playground/UnlockTrait.php" line="148" class="Tests\Feature\Playground\Matrix\Resource\Http\Controllers\Playground\VersionRouteTest" classname="Tests.Feature.Playground.Matrix.Resource.Http.Controllers.Playground.VersionRouteTest" assertions="3" time="0.444735"/>
        <testcase name="test_json_guest_cannot_update" file="/app/vendor/gammamatrix/playground-test/src/Feature/Http/Controllers/Resource/Playground/UpdateJsonTrait.php" line="45" class="Tests\Feature\Playground\Matrix\Resource\Http\Controllers\Playground\VersionRouteTest" classname="Tests.Feature.Playground.Matrix.Resource.Http.Controllers.Playground.VersionRouteTest" assertions="1" time="0.599760"/>
        <testcase name="test_json_update_as_admin_without_payload_and_fail_validation" file="/app/vendor/gammamatrix/playground-test/src/Feature/Http/Controllers/Resource/Playground/UpdateJsonTrait.php" line="65" class="Tests\Feature\Playground\Matrix\Resource\Http\Controllers\Playground\VersionRouteTest" classname="Tests.Feature.Playground.Matrix.Resource.Http.Controllers.Playground.VersionRouteTest" assertions="4" time="0.450885"/>
        <testcase name="test_json_admin_can_update" file="/app/vendor/gammamatrix/playground-test/src/Feature/Http/Controllers/Resource/Playground/UpdateJsonTrait.php" line="90" class="Tests\Feature\Playground\Matrix\Resource\Http\Controllers\Playground\VersionRouteTest" classname="Tests.Feature.Playground.Matrix.Resource.Http.Controllers.Playground.VersionRouteTest" assertions="64" time="0.476289"/>
        <testcase name="test_guest_cannot_update" file="/app/vendor/gammamatrix/playground-test/src/Feature/Http/Controllers/Resource/Playground/UpdateTrait.php" line="45" class="Tests\Feature\Playground\Matrix\Resource\Http\Controllers\Playground\VersionRouteTest" classname="Tests.Feature.Playground.Matrix.Resource.Http.Controllers.Playground.VersionRouteTest" assertions="1" time="0.560441"/>
        <testcase name="test_update_as_admin_without_payload_and_fail_validation" file="/app/vendor/gammamatrix/playground-test/src/Feature/Http/Controllers/Resource/Playground/UpdateTrait.php" line="65" class="Tests\Feature\Playground\Matrix\Resource\Http\Controllers\Playground\VersionRouteTest" classname="Tests.Feature.Playground.Matrix.Resource.Http.Controllers.Playground.VersionRouteTest" assertions="4" time="0.455584"/>
        <testcase name="test_admin_can_update" file="/app/vendor/gammamatrix/playground-test/src/Feature/Http/Controllers/Resource/Playground/UpdateTrait.php" line="90" class="Tests\Feature\Playground\Matrix\Resource\Http\Controllers\Playground\VersionRouteTest" classname="Tests.Feature.Playground.Matrix.Resource.Http.Controllers.Playground.VersionRouteTest" assertions="6" time="0.601473"/>
        <testcase name="test_admin_can_update_view_with_return_url" file="/app/vendor/gammamatrix/playground-test/src/Feature/Http/Controllers/Resource/Playground/UpdateTrait.php" line="133" class="Tests\Feature\Playground\Matrix\Resource\Http\Controllers\Playground\VersionRouteTest" classname="Tests.Feature.Playground.Matrix.Resource.Http.Controllers.Playground.VersionRouteTest" assertions="6" time="0.472297"/>
      </testsuite>
    </testsuite>
  </testsuite>
</testsuites>
